HOTKEYVIP STUDIO - NHẬT KÝ CHẠY PYTHON
File: D:\CodexProjects\Hotkeyvip\03_dang_bai\VIP_tudongdangbai_khong_ini_TEST.py
Bắt đầu: 2026-07-30 08:53:15
========================================================================
Thời gian bắt đầu : 30/07/2026 08:53:16
========================================================================
ĐĂNG BÀI TỰ ĐỘNG - DÙNG MỘT EDGE CHO TOÀN BỘ CÁC BÀI
TỰ ĐĂNG NHẬP TỪ FILE INI, KHÔNG TẮT EDGE CÁ NHÂN
========================================================================

========================================================================
LỖI:
RuntimeError('Bạn đã hủy nhập số bài.')

TRACEBACK CHI TIẾT:
Traceback (most recent call last):
  File "D:\CodexProjects\Hotkeyvip\03_dang_bai\VIP_tudongdangbai_khong_ini_TEST.py", line 4445, in main
    total_articles = ask_article_count()
                     ^^^^^^^^^^^^^^^^^^^
  File "D:\CodexProjects\Hotkeyvip\03_dang_bai\VIP_tudongdangbai_khong_ini_TEST.py", line 4096, in ask_article_count
    raise RuntimeError("Bạn đã hủy nhập số bài.")
RuntimeError: Bạn đã hủy nhập số bài.
========================================================================
Thời gian kết thúc: 30/07/2026 08:53:20
Đã lưu log lỗi tại: D:\CodexProjects\Hotkeyvip\06_du_lieu_chay\log_dang_bai\dang_bai_20260730_085316_pid29620.log

========================================================================
Kết thúc: 2026-07-30 08:53:20
Mã thoát: 1
Thời gian: 4.96 giây
