HOTKEYVIP STUDIO - NHẬT KÝ CHẠY PYTHON
File: D:\CodexProjects\Hotkeyvip\03_dang_bai\V1.7_VIP_tudongdangbai_pipeline_kiemtra_noidung.py
Bắt đầu: 2026-08-04 09:11:48
========================================================================
[09:11:49] Thời gian bắt đầu : 04/08/2026 09:11:49
[09:11:49] ========================================================================
[09:11:49] ĐĂNG BÀI TỰ ĐỘNG - DÙNG MỘT EDGE CHO TOÀN BỘ CÁC BÀI
[09:11:49] TỰ ĐĂNG NHẬP TỪ FILE INI, KHÔNG TẮT EDGE CÁ NHÂN
[09:11:49] ========================================================================
[09:11:50] Số bài cần chạy: 1
[09:11:50] [2] Mở Edge automation riêng, không tắt trình duyệt đang có...
[09:11:51]     URL hiện tại: about:blank
[09:11:52]     Edge đã được ẩn trong lúc chạy.
[09:11:52]     Edge sẽ chạy ẩn; tích 'Hiện trình duyệt khi chạy' để kiểm tra.

[09:11:52] ========================================================================
[09:11:52] LỖI:
[09:11:52] RuntimeError('Không kết nối được Excel hoặc không tìm thấy sheet "dangbai".')

[09:11:52] TRACEBACK CHI TIẾT:
[09:11:52] Traceback (most recent call last):
[09:11:52]   File "D:\CodexProjects\Hotkeyvip\03_dang_bai\V1.7_VIP_tudongdangbai_pipeline_kiemtra_noidung.py", line 310, in find_next_word_file_from_excel
[09:11:52]     sheet = workbook.Worksheets(SHEET_POST)
[09:11:52]             ^^^^^^^^^^^^^^^^^^^
[09:11:52]   File "C:\Users\Admin\AppData\Local\Programs\Python\Python312\Lib\site-packages\win32com\client\__init__.py", line 638, in __getattr__
[09:11:52]     return getattr(d, attr)
[09:11:52]            ^^^^^^^^^^^^^^^^
[09:11:52]   File "C:\Users\Admin\AppData\Local\Programs\Python\Python312\Lib\site-packages\win32com\client\__init__.py", line 589, in __getattr__
[09:11:52]     return self._ApplyTypes_(*args)
[09:11:52]            ^^^^^^^^^^^^^^^^^^^^^^^^
[09:11:52]   File "C:\Users\Admin\AppData\Local\Programs\Python\Python312\Lib\site-packages\win32com\client\__init__.py", line 580, in _ApplyTypes_
[09:11:52]     self._oleobj_.InvokeTypes(dispid, 0, wFlags, retType, argTypes, *args),
[09:11:52]     ^^^^^^^^^^^^^^^^^^^^^^^^^^^^^^^^^^^^^^^^^^^^^^^^^^^^^^^^^^^^^^^^^^^^^^
[09:11:52] pywintypes.com_error: (-2147220995, 'Object is not connected to server', None, None)

[09:11:52] The above exception was the direct cause of the following exception:

[09:11:52] Traceback (most recent call last):
[09:11:52]   File "D:\CodexProjects\Hotkeyvip\03_dang_bai\V1.7_VIP_tudongdangbai_pipeline_kiemtra_noidung.py", line 5050, in main
[09:11:52]     prepared = prepared_future.result()
[09:11:52]                ^^^^^^^^^^^^^^^^^^^^^^^^
[09:11:52]   File "C:\Users\Admin\AppData\Local\Programs\Python\Python312\Lib\concurrent\futures\_base.py", line 456, in result
[09:11:52]     return self.__get_result()
[09:11:52]            ^^^^^^^^^^^^^^^^^^^
[09:11:52]   File "C:\Users\Admin\AppData\Local\Programs\Python\Python312\Lib\concurrent\futures\_base.py", line 401, in __get_result
[09:11:52]     raise self._exception
[09:11:52]   File "C:\Users\Admin\AppData\Local\Programs\Python\Python312\Lib\concurrent\futures\thread.py", line 58, in run
[09:11:52]     result = self.fn(*self.args, **self.kwargs)
[09:11:52]              ^^^^^^^^^^^^^^^^^^^^^^^^^^^^^^^^^^
[09:11:52]   File "D:\CodexProjects\Hotkeyvip\03_dang_bai\V1.7_VIP_tudongdangbai_pipeline_kiemtra_noidung.py", line 4773, in prepare_article_from_word
[09:11:52]     current_row, title, word_path = open_hidden_word_document()
[09:11:52]                                     ^^^^^^^^^^^^^^^^^^^^^^^^^^^
[09:11:52]   File "D:\CodexProjects\Hotkeyvip\03_dang_bai\V1.7_VIP_tudongdangbai_pipeline_kiemtra_noidung.py", line 469, in open_hidden_word_document
[09:11:52]     current_row, title, word_path = find_next_word_file_from_excel()
[09:11:52]                                     ^^^^^^^^^^^^^^^^^^^^^^^^^^^^^^^^
[09:11:52]   File "D:\CodexProjects\Hotkeyvip\03_dang_bai\V1.7_VIP_tudongdangbai_pipeline_kiemtra_noidung.py", line 312, in find_next_word_file_from_excel
[09:11:52]     raise RuntimeError(
[09:11:52] RuntimeError: Không kết nối được Excel hoặc không tìm thấy sheet "dangbai".
[09:11:52] ========================================================================
[09:11:52]     Edge đã hiện lại để kiểm tra.
[09:11:59] Thời gian kết thúc: 04/08/2026 09:11:59
[09:11:59] Đã lưu log lỗi tại: D:\CodexProjects\Hotkeyvip\06_du_lieu_chay\log_dang_bai\dang_bai_20260804_091149_pid33896.log

========================================================================
Kết thúc: 2026-08-04 09:12:01
Mã thoát: 1
Thời gian: 13.09 giây
