HOTKEYVIP STUDIO - NHẬT KÝ CHẠY PYTHON
File: D:\CodexProjects\Hotkeyvip\03_dang_bai\V1.6_VIP_tudongdangbai_pipeline_kiemtra_noidung.py
Bắt đầu: 2026-08-04 09:00:23
========================================================================
[09:00:24] Thời gian bắt đầu : 04/08/2026 09:00:24
[09:00:24] ========================================================================
[09:00:24] ĐĂNG BÀI TỰ ĐỘNG - DÙNG MỘT EDGE CHO TOÀN BỘ CÁC BÀI
[09:00:24] TỰ ĐĂNG NHẬP TỪ FILE INI, KHÔNG TẮT EDGE CÁ NHÂN
[09:00:24] ========================================================================
[09:00:25] Số bài cần chạy: 1
[09:00:25] [2] Mở Edge automation riêng, không tắt trình duyệt đang có...
[09:00:26]     URL hiện tại: about:blank
[09:00:26]     Edge đã được ẩn trong lúc chạy.
[09:00:26]     Edge sẽ chạy ẩn; tích 'Hiện trình duyệt khi chạy' để kiểm tra.

[09:00:27] ========================================================================
[09:00:27] LỖI:
[09:00:27] RuntimeError('Không kết nối được Excel hoặc không tìm thấy sheet "dangbai".')

[09:00:27] TRACEBACK CHI TIẾT:
[09:00:27] Traceback (most recent call last):
[09:00:27]   File "D:\CodexProjects\Hotkeyvip\03_dang_bai\V1.6_VIP_tudongdangbai_pipeline_kiemtra_noidung.py", line 310, in find_next_word_file_from_excel
[09:00:27]     sheet = workbook.Worksheets(SHEET_POST)
[09:00:27]             ^^^^^^^^^^^^^^^^^^^
[09:00:27]   File "C:\Users\Admin\AppData\Local\Programs\Python\Python312\Lib\site-packages\win32com\client\__init__.py", line 638, in __getattr__
[09:00:27]     return getattr(d, attr)
[09:00:27]            ^^^^^^^^^^^^^^^^
[09:00:27]   File "C:\Users\Admin\AppData\Local\Programs\Python\Python312\Lib\site-packages\win32com\client\__init__.py", line 589, in __getattr__
[09:00:27]     return self._ApplyTypes_(*args)
[09:00:27]            ^^^^^^^^^^^^^^^^^^^^^^^^
[09:00:27]   File "C:\Users\Admin\AppData\Local\Programs\Python\Python312\Lib\site-packages\win32com\client\__init__.py", line 580, in _ApplyTypes_
[09:00:27]     self._oleobj_.InvokeTypes(dispid, 0, wFlags, retType, argTypes, *args),
[09:00:27]     ^^^^^^^^^^^^^^^^^^^^^^^^^^^^^^^^^^^^^^^^^^^^^^^^^^^^^^^^^^^^^^^^^^^^^^
[09:00:27] pywintypes.com_error: (-2147220995, 'Object is not connected to server', None, None)

[09:00:27] The above exception was the direct cause of the following exception:

[09:00:27] Traceback (most recent call last):
[09:00:27]   File "D:\CodexProjects\Hotkeyvip\03_dang_bai\V1.6_VIP_tudongdangbai_pipeline_kiemtra_noidung.py", line 5048, in main
[09:00:27]     prepared = prepared_future.result()
[09:00:27]                ^^^^^^^^^^^^^^^^^^^^^^^^
[09:00:27]   File "C:\Users\Admin\AppData\Local\Programs\Python\Python312\Lib\concurrent\futures\_base.py", line 456, in result
[09:00:27]     return self.__get_result()
[09:00:27]            ^^^^^^^^^^^^^^^^^^^
[09:00:27]   File "C:\Users\Admin\AppData\Local\Programs\Python\Python312\Lib\concurrent\futures\_base.py", line 401, in __get_result
[09:00:27]     raise self._exception
[09:00:27]   File "C:\Users\Admin\AppData\Local\Programs\Python\Python312\Lib\concurrent\futures\thread.py", line 58, in run
[09:00:27]     result = self.fn(*self.args, **self.kwargs)
[09:00:27]              ^^^^^^^^^^^^^^^^^^^^^^^^^^^^^^^^^^
[09:00:27]   File "D:\CodexProjects\Hotkeyvip\03_dang_bai\V1.6_VIP_tudongdangbai_pipeline_kiemtra_noidung.py", line 4773, in prepare_article_from_word
[09:00:27]     current_row, title, word_path = open_hidden_word_document()
[09:00:27]                                     ^^^^^^^^^^^^^^^^^^^^^^^^^^^
[09:00:27]   File "D:\CodexProjects\Hotkeyvip\03_dang_bai\V1.6_VIP_tudongdangbai_pipeline_kiemtra_noidung.py", line 469, in open_hidden_word_document
[09:00:27]     current_row, title, word_path = find_next_word_file_from_excel()
[09:00:27]                                     ^^^^^^^^^^^^^^^^^^^^^^^^^^^^^^^^
[09:00:27]   File "D:\CodexProjects\Hotkeyvip\03_dang_bai\V1.6_VIP_tudongdangbai_pipeline_kiemtra_noidung.py", line 312, in find_next_word_file_from_excel
[09:00:27]     raise RuntimeError(
[09:00:27] RuntimeError: Không kết nối được Excel hoặc không tìm thấy sheet "dangbai".
[09:00:27] ========================================================================
[09:00:27]     Edge đã hiện lại để kiểm tra.
[09:00:29] Thời gian kết thúc: 04/08/2026 09:00:29
[09:00:29] Đã lưu log lỗi tại: D:\CodexProjects\Hotkeyvip\06_du_lieu_chay\log_dang_bai\dang_bai_20260804_090024_pid15964.log

========================================================================
Kết thúc: 2026-08-04 09:00:32
Mã thoát: 1
Thời gian: 8.10 giây
