HOTKEYVIP STUDIO - NHẬT KÝ CHẠY PYTHON
File: D:\CodexProjects\Hotkeyvip\03_dang_bai\V1.5_VIP_tudongdangbai_pipeline_kiemtra_noidung.py
Bắt đầu: 2026-08-04 08:54:40
========================================================================
[08:54:41] Thời gian bắt đầu : 04/08/2026 08:54:41
[08:54:41] ========================================================================
[08:54:41] ĐĂNG BÀI TỰ ĐỘNG - DÙNG MỘT EDGE CHO TOÀN BỘ CÁC BÀI
[08:54:41] TỰ ĐĂNG NHẬP TỪ FILE INI, KHÔNG TẮT EDGE CÁ NHÂN
[08:54:41] ========================================================================
[08:54:42] Số bài cần chạy: 1
[08:54:42] [2] Mở Edge automation riêng, không tắt trình duyệt đang có...
[08:54:43]     URL hiện tại: about:blank
[08:54:43]     Edge đã được ẩn trong lúc chạy.
[08:54:43]     Edge sẽ chạy ẩn; tích 'Hiện trình duyệt khi chạy' để kiểm tra.

[08:54:43] ========================================================================
[08:54:43] LỖI:
[08:54:43] RuntimeError('Không kết nối được Excel hoặc không tìm thấy sheet "dangbai".')

[08:54:43] TRACEBACK CHI TIẾT:
[08:54:43] Traceback (most recent call last):
[08:54:43]   File "D:\CodexProjects\Hotkeyvip\03_dang_bai\V1.5_VIP_tudongdangbai_pipeline_kiemtra_noidung.py", line 257, in get_target_excel_workbook
[08:54:43]     excel = win32.GetActiveObject("Excel.Application")
[08:54:43]             ^^^^^^^^^^^^^^^^^^^^^^^^^^^^^^^^^^^^^^^^^^
[08:54:43]   File "C:\Users\Admin\AppData\Local\Programs\Python\Python312\Lib\site-packages\win32com\client\__init__.py", line 94, in GetActiveObject
[08:54:43]     dispatch = pythoncom.GetActiveObject(resultCLSID)
[08:54:43]                ^^^^^^^^^^^^^^^^^^^^^^^^^^^^^^^^^^^^^^
[08:54:43] pywintypes.com_error: (-2147221008, 'CoInitialize has not been called.', None, None)

[08:54:43] The above exception was the direct cause of the following exception:

[08:54:43] Traceback (most recent call last):
[08:54:43]   File "D:\CodexProjects\Hotkeyvip\03_dang_bai\V1.5_VIP_tudongdangbai_pipeline_kiemtra_noidung.py", line 305, in find_next_word_file_from_excel
[08:54:43]     excel, workbook = get_target_excel_workbook()
[08:54:43]                       ^^^^^^^^^^^^^^^^^^^^^^^^^^^
[08:54:43]   File "D:\CodexProjects\Hotkeyvip\03_dang_bai\V1.5_VIP_tudongdangbai_pipeline_kiemtra_noidung.py", line 259, in get_target_excel_workbook
[08:54:43]     raise RuntimeError(
[08:54:43] RuntimeError: Không kết nối được với Excel đang mở. Hãy mở hotkeyvip_test.xlsm rồi chạy lại.

[08:54:43] The above exception was the direct cause of the following exception:

[08:54:43] Traceback (most recent call last):
[08:54:43]   File "D:\CodexProjects\Hotkeyvip\03_dang_bai\V1.5_VIP_tudongdangbai_pipeline_kiemtra_noidung.py", line 5044, in main
[08:54:43]     prepared = prepared_future.result()
[08:54:43]                ^^^^^^^^^^^^^^^^^^^^^^^^
[08:54:43]   File "C:\Users\Admin\AppData\Local\Programs\Python\Python312\Lib\concurrent\futures\_base.py", line 456, in result
[08:54:43]     return self.__get_result()
[08:54:43]            ^^^^^^^^^^^^^^^^^^^
[08:54:43]   File "C:\Users\Admin\AppData\Local\Programs\Python\Python312\Lib\concurrent\futures\_base.py", line 401, in __get_result
[08:54:43]     raise self._exception
[08:54:43]   File "C:\Users\Admin\AppData\Local\Programs\Python\Python312\Lib\concurrent\futures\thread.py", line 58, in run
[08:54:43]     result = self.fn(*self.args, **self.kwargs)
[08:54:43]              ^^^^^^^^^^^^^^^^^^^^^^^^^^^^^^^^^^
[08:54:43]   File "D:\CodexProjects\Hotkeyvip\03_dang_bai\V1.5_VIP_tudongdangbai_pipeline_kiemtra_noidung.py", line 4769, in prepare_article_from_word
[08:54:43]     current_row, title, word_path = open_hidden_word_document()
[08:54:43]                                     ^^^^^^^^^^^^^^^^^^^^^^^^^^^
[08:54:43]   File "D:\CodexProjects\Hotkeyvip\03_dang_bai\V1.5_VIP_tudongdangbai_pipeline_kiemtra_noidung.py", line 465, in open_hidden_word_document
[08:54:43]     current_row, title, word_path = find_next_word_file_from_excel()
[08:54:43]                                     ^^^^^^^^^^^^^^^^^^^^^^^^^^^^^^^^
[08:54:43]   File "D:\CodexProjects\Hotkeyvip\03_dang_bai\V1.5_VIP_tudongdangbai_pipeline_kiemtra_noidung.py", line 308, in find_next_word_file_from_excel
[08:54:43]     raise RuntimeError(
[08:54:43] RuntimeError: Không kết nối được Excel hoặc không tìm thấy sheet "dangbai".
[08:54:43] ========================================================================
[08:54:43]     Edge đã hiện lại để kiểm tra.
[08:54:45] Thời gian kết thúc: 04/08/2026 08:54:45
[08:54:45] Đã lưu log lỗi tại: D:\CodexProjects\Hotkeyvip\06_du_lieu_chay\log_dang_bai\dang_bai_20260804_085441_pid3584.log

========================================================================
Kết thúc: 2026-08-04 08:54:47
Mã thoát: 1
Thời gian: 7.28 giây
