HOTKEYVIP STUDIO - NHẬT KÝ CHẠY PYTHON
File: D:\CodexProjects\Hotkeyvip\03_dang_bai\chuan_bi_du_lieu_dang_bai_moi_cate_post.py
Bắt đầu: 2026-08-04 08:42:09
========================================================================
[08:42:09] ======================================================================
[08:42:09] CHUẨN BỊ DỮ LIỆU ĐĂNG BÀI THEO TIÊU ĐỀ SEO
[08:42:09] ======================================================================
[08:42:11] Đã cập nhật: 3718 dòng.
[08:42:11] Đã chọn Word đợt 2: 47 dòng (nhiều hơn Word cũ ít nhất 50 từ, ô đích được tô vàng).
[08:42:11] Không đối chiếu được: 176 dòng.
[08:42:11] - Dòng 901: Hướng dẫn bắt đầu kinh doanh bánh xe đẩy từ A đến Z (thiếu KE_HOACH)
[08:42:11] - Dòng 902: Mở cửa hàng bánh xe đẩy cần bao nhiêu vốn và chi phí gì? (thiếu KE_HOACH)
[08:42:11] - Dòng 903: So sánh nguồn hàng bánh xe đẩy từ nhà sản xuất và nhà phân phối (thiếu KE_HOACH)
[08:42:11] - Dòng 904: Cách tìm và tiếp cận khách hàng mua bánh xe đẩy hiệu quả (thiếu KE_HOACH)
[08:42:11] - Dòng 905: Tiềm năng kinh doanh phụ kiện bánh xe đẩy và thị trường mục tiêu (thiếu KE_HOACH)
[08:42:11] - Dòng 906: Tiêu chí lựa chọn nhà cung cấp xe đẩy hàng uy tín (thiếu KE_HOACH)
[08:42:11] - Dòng 907: Vai trò của bánh xe đẩy trong vận chuyển nội bộ và kho vận (thiếu KE_HOACH)
[08:42:11] - Dòng 908: Vai trò của ngành sản xuất bánh xe đẩy trong công nghiệp hỗ trợ (thiếu KE_HOACH)
[08:42:11] - Dòng 909: Bánh xe đẩy giúp nâng cao năng suất lao động ra sao? (thiếu KE_HOACH)
[08:42:11] - Dòng 910: Những yếu tố thúc đẩy sự phát triển của thị trường xe đẩy hàng (thiếu KE_HOACH)
[08:42:11] - Dòng 911: Lợi ích của cơ giới hóa vận chuyển đối với doanh nghiệp nhỏ (thiếu KE_HOACH)
[08:42:11] - Dòng 912: Các yếu tố ảnh hưởng đến chi phí mua bánh xe đẩy (thiếu KE_HOACH)
[08:42:11] - Dòng 913: Khi nào nên sửa chữa và khi nào cần thay mới bánh xe đẩy? (thiếu KE_HOACH)
[08:42:11] - Dòng 914: Cách tính tổng chi phí sở hữu bánh xe đẩy trong dài hạn (thiếu KE_HOACH)
[08:42:11] - Dòng 915: Có nên đầu tư bánh xe đẩy chất lượng cao để tiết kiệm chi phí? (thiếu KE_HOACH)
[08:42:11] - Dòng 916: Xu hướng mới của thị trường bánh xe đẩy trong những năm gần đây (thiếu KE_HOACH)
[08:42:11] - Dòng 917: Giá nguyên liệu tác động ra sao đến giá bánh xe đẩy? (thiếu KE_HOACH)
[08:42:11] - Dòng 918: Những thách thức ảnh hưởng đến nguồn cung bánh xe đẩy nhập khẩu (thiếu KE_HOACH)
[08:42:11] - Dòng 919: Những ngành có nhu cầu sử dụng bánh xe đẩy công nghiệp lớn (thiếu KE_HOACH)
[08:42:11] - Dòng 920: Logistics tác động như thế nào đến thị trường xe đẩy hàng? (thiếu KE_HOACH)
[08:42:11] - Dòng 921: Lợi thế cạnh tranh của ngành sản xuất xe đẩy hàng trong nước (thiếu KE_HOACH)
[08:42:11] - Dòng 922: Tự động hóa kho ảnh hưởng thế nào đến nhu cầu xe đẩy hàng? (thiếu KE_HOACH)
[08:42:11] - Dòng 923: Cách tìm và phát triển hệ thống đại lý phân phối bánh xe đẩy (thiếu KE_HOACH)
[08:42:11] - Dòng 924: Cách xây dựng hồ sơ năng lực doanh nghiệp bánh xe đẩy chuyên nghiệp (thiếu KE_HOACH)
[08:42:11] - Dòng 925: Điều kiện và yêu cầu để xuất khẩu bánh xe đẩy Việt Nam (thiếu KE_HOACH)
[08:42:11] - Dòng 926: Chiến lược mở rộng thị trường cho doanh nghiệp bánh xe đẩy (thiếu KE_HOACH)
[08:42:11] - Dòng 927: Xu hướng phát triển thị trường bánh xe đẩy công nghiệp tại Việt Nam (thiếu KE_HOACH)
[08:42:11] - Dòng 928: Những tiêu chí quan trọng khi lựa chọn bánh xe đẩy cho doanh nghiệp (thiếu KE_HOACH)
[08:42:11] - Dòng 929: Những yếu tố ảnh hưởng đến giá bánh xe đẩy công nghiệp (thiếu KE_HOACH)
[08:42:11] - Dòng 930: So sánh bánh xe đẩy nhập khẩu và sản xuất trong nước (thiếu KE_HOACH)
[08:42:11] Tên miền: ưu tiên lấy domain từ KE_HOACH.File nguồn; nếu không có thì dùng KE_HOACH.Tên Miền; nếu cả hai trống thì giữ nguyên DANG_BAI.

========================================================================
Kết thúc: 2026-08-04 08:42:11
Mã thoát: 0
Thời gian: 2.30 giây
