HOTKEYVIP STUDIO - NHẬT KÝ CHẠY PYTHON
File: D:\CodexProjects\Hotkeyvip\03_dang_bai\phu_tro\xuat_url_tu_id_cms.py
Bắt đầu: 2026-07-29 17:56:35
========================================================================
✅ Đã nhận diện cột theo tên:
- dangbai: Tên miền=5, Danh mục=6, ID CMS=9, URL đã đăng=10
- ID_tacgia: Tên miền URL=1, ID=2, Danh mục=3
✅ Đã tạo map cho 367 tên miền/danh mục.
✅ Đã đọc 4 vùng Excel một lần, chỉ kiểm tra dòng 2–1076.
ℹ️ Không có dòng mới nào cần lấy URL.

========== KẾT QUẢ ==========
✅ Đã xử lý mới: 0 URL
⏭️ Đã bỏ qua vì URL đã có dữ liệu: 408
⏭️ Đã bỏ qua vì không có ID: 667
⏭️ Dòng trống: 0
⚠️ Thiếu tên miền: 0
⚠️ Thiếu danh mục: 0
⚠️ Không tìm thấy ID danh mục: 0
✅ Đã lưu kết quả vào cột URL của sheet dangbai.

========================================================================
Kết thúc: 2026-07-29 17:56:36
Mã thoát: 0
Thời gian: 1.18 giây
