HOTKEYVIP STUDIO - NHẬT KÝ CHẠY PYTHON
File: D:\CodexProjects\Hotkeyvip\03_dang_bai\phu_tro\xuat_url_tu_id_cms.py
Bắt đầu: 2026-08-01 09:09:40
========================================================================
[09:09:42] ✅ Đã nhận diện cột theo tên:
[09:09:42] - dangbai: Tên miền=5, Danh mục=6, ID CMS=9, URL đã đăng=10
[09:09:42] - ID_tacgia: Tên miền URL=1, ID=2, Danh mục=3
[09:09:42] ✅ Đã tạo map cho 367 tên miền/danh mục.
[09:09:42] ✅ Đã đọc 4 vùng Excel một lần, chỉ kiểm tra dòng 2–2000.
[09:09:42] 🔄 Đang lấy URL thật cho 23 dòng...
[09:09:43] ✅ Dòng 181: https://congdongkinhdoanh.com/cach-xay-dung-chien-luoc-kinh-doanh-hieu-qua-1-4112.html
[09:09:43] ✅ Dòng 182: https://congdongkinhdoanh.com/phan-tich-swot-de-xay-dung-chien-luoc-1-4113.html
[09:09:44] ✅ Dòng 183: https://congdongkinhdoanh.com/phan-tich-pestel-trong-kinh-doanh-1-4114.html
[09:09:44] ✅ Dòng 184: https://congdongkinhdoanh.com/phan-tich-5-ap-luc-canh-tranh-porter-1-4115.html
[09:09:44] ✅ Dòng 185: https://congdongkinhdoanh.com/cach-xay-dung-loi-the-canh-tranh-ben-vung-1-4116.html
[09:09:44] ✅ Dòng 186: https://congdongkinhdoanh.com/khi-nao-nen-ap-dung-chien-luoc-dai-duong-xanh-1-4117.html
[09:09:44] ✅ Dòng 187: https://congdongkinhdoanh.com/cach-tim-thi-truong-ngach-phu-hop-1-4118.html
[09:09:44] ✅ Dòng 188: https://congdongkinhdoanh.com/cach-phan-tich-doi-thu-canh-tranh-1-4119.html
[09:09:44] ✅ Dòng 314: https://doanhnhanduongthoi.com/cach-xay-dung-chan-dung-khach-hang-b2b-91-5126.html
[09:09:44] ✅ Dòng 315: https://doanhnhanduongthoi.com/cach-xac-dinh-van-de-cua-khach-hang-91-5127.html
[09:09:44] ✅ Dòng 316: https://doanhnhanduongthoi.com/nhu-cau-va-mong-muon-cua-khach-hang-khac-nhau-the-nao-91-5128.html
[09:09:44] ✅ Dòng 317: https://doanhnhanduongthoi.com/cach-xac-dinh-kha-nang-chi-tra-cua-khach-hang-91-5129.html
[09:09:44] ✅ Dòng 318: https://doanhnhanduongthoi.com/khi-nao-nen-thay-doi-khach-hang-muc-tieu-91-5130.html
[09:09:44] ✅ Dòng 1087: https://kythuatmarketing.com/ung-dung-swot-marketing-trong-xay-dung-chien-luoc-6-3208.html
[09:09:44] ✅ Dòng 1088: https://kythuatmarketing.com/ung-dung-pestel-marketing-de-phan-tich-moi-truong-vi-mo-6-3209.html
[09:09:44] ✅ Dòng 1089: https://kythuatmarketing.com/ung-dung-mo-hinh-stp-trong-chien-luoc-marketing-6-3210.html
[09:09:44] ✅ Dòng 1090: https://kythuatmarketing.com/xay-dung-marketing-mix-4p-theo-muc-tieu-thi-truong-6-3211.html
[09:09:44] ✅ Dòng 1091: https://kythuatmarketing.com/khi-nao-doanh-nghiep-nen-ap-dung-marketing-mix-7p-6-3212.html
[09:09:44] ✅ Dòng 1092: https://kythuatmarketing.com/lua-chon-chien-luoc-canh-tranh-marketing-phu-hop-6-3213.html
[09:09:44] ✅ Dòng 1093: https://kythuatmarketing.com/nhung-sai-lam-chien-luoc-marketing-can-tranh-6-3214.html
[09:09:44] ✅ Dòng 1094: https://kythuatmarketing.com/tieu-chi-danh-gia-chien-luoc-marketing-hieu-qua-6-3216.html
[09:09:44] ✅ Dòng 1095: https://kythuatmarketing.com/khi-nao-doanh-nghiep-can-dieu-chinh-chien-luoc-marketing-6-3215.html
[09:09:44] ✅ Dòng 1096: https://kythuatmarketing.com/nhung-xu-huong-chien-luoc-marketing-dang-dinh-hinh-doanh-nghiep-6-3217.html

[09:09:45] ========== KẾT QUẢ ==========
[09:09:45] ✅ Đã xử lý mới: 23 URL
[09:09:45] ⏭️ Đã bỏ qua vì URL đã có dữ liệu: 458
[09:09:45] ⏭️ Đã bỏ qua vì không có ID: 1518
[09:09:45] ⏭️ Dòng trống: 0
[09:09:45] ⚠️ Thiếu tên miền: 0
[09:09:45] ⚠️ Thiếu danh mục: 0
[09:09:45] ⚠️ Không tìm thấy ID danh mục: 0
[09:09:45] ✅ Đã lưu kết quả vào cột URL của sheet dangbai.

========================================================================
Kết thúc: 2026-08-01 09:09:45
Mã thoát: 0
Thời gian: 4.63 giây
