HOTKEYVIP STUDIO - NHẬT KÝ CHẠY PYTHON
File: D:\CodexProjects\Hotkeyvip\03_dang_bai\phu_tro\xuat_url_tu_id_cms.py
Bắt đầu: 2026-07-30 08:50:38
========================================================================
✅ Đã nhận diện cột theo tên:
- dangbai: Tên miền=5, Danh mục=6, ID CMS=9, URL đã đăng=10
- ID_tacgia: Tên miền URL=1, ID=2, Danh mục=3
✅ Đã tạo map cho 367 tên miền/danh mục.
✅ Đã đọc 4 vùng Excel một lần, chỉ kiểm tra dòng 2–1076.
🔄 Đang lấy URL thật cho 17 dòng...
✅ Dòng 161: https://congdongkinhdoanh.com/review-doanh-nghiep-tac-dong-den-niem-tin-va-doanh-so-ra-sao-5-4092.html
✅ Dòng 162: https://congdongkinhdoanh.com/danh-gia-khach-hang-tich-cuc-cach-tang-review-tu-nhien-5-4093.html
✅ Dòng 163: https://congdongkinhdoanh.com/xu-ly-danh-gia-tieu-cuc-de-giu-uy-tin-doanh-nghiep-5-4094.html
✅ Dòng 164: https://congdongkinhdoanh.com/phan-hoi-khach-hang-the-nao-de-tang-niem-tin-va-thien-cam-5-4095.html
✅ Dòng 165: https://congdongkinhdoanh.com/xin-loi-khach-hang-dung-luc-de-bao-ve-uy-tin-doanh-nghiep-5-4096.html
✅ Dòng 166: https://congdongkinhdoanh.com/khung-hoang-truyen-thong-cac-buoc-xu-ly-va-han-che-thiet-hai-5-4097.html
✅ Dòng 167: https://congdongkinhdoanh.com/danh-tieng-doanh-nghiep-cach-xay-dung-va-bao-ve-lau-dai-5-4098.html
✅ Dòng 168: https://congdongkinhdoanh.com/tin-gia-doanh-nghiep-cach-giam-tac-dong-va-xu-ly-hieu-qua-5-4099.html
✅ Dòng 169: https://congdongkinhdoanh.com/quy-trinh-xu-ly-khung-hoang-giup-doanh-nghiep-ung-pho-hieu-qua-5-4100.html
✅ Dòng 170: https://congdongkinhdoanh.com/danh-tieng-doanh-nghiep-anh-huong-quyet-dinh-mua-ra-sao-5-4101.html
✅ Dòng 294: https://doanhnhanduongthoi.com/xay-dung-muc-tieu-kinh-doanh-cua-doanh-nghiep-theo-tung-nam-90-5106.html
✅ Dòng 295: https://doanhnhanduongthoi.com/cac-buoc-xay-dung-muc-tieu-doanh-nghiep-ro-rang-va-do-luong-duoc-90-5107.html
✅ Dòng 296: https://doanhnhanduongthoi.com/cach-phan-biet-muc-tieu-dai-han-va-ngan-han-cua-doanh-nghiep-90-5108.html
✅ Dòng 297: https://doanhnhanduongthoi.com/so-sanh-ke-hoach-kinh-doanh-theo-nam-va-theo-quy-90-5109.html
✅ Dòng 298: https://doanhnhanduongthoi.com/cau-truc-ke-hoach-hoat-dong-doanh-nghiep-day-du-va-de-ap-dung-90-5110.html
✅ Dòng 299: https://doanhnhanduongthoi.com/chuyen-muc-tieu-doanh-nghiep-thanh-ke-hoach-hanh-dong-hieu-qua-90-5111.html
✅ Dòng 300: https://doanhnhanduongthoi.com/nhung-nguyen-nhan-lam-cham-trien-khai-ke-hoach-kinh-doanh-90-5112.html

========== KẾT QUẢ ==========
✅ Đã xử lý mới: 17 URL
⏭️ Đã bỏ qua vì URL đã có dữ liệu: 408
⏭️ Đã bỏ qua vì không có ID: 650
⏭️ Dòng trống: 0
⚠️ Thiếu tên miền: 0
⚠️ Thiếu danh mục: 0
⚠️ Không tìm thấy ID danh mục: 0
✅ Đã lưu kết quả vào cột URL của sheet dangbai.

========================================================================
Kết thúc: 2026-07-30 08:50:41
Mã thoát: 0
Thời gian: 2.82 giây
