HOTKEYVIP STUDIO - NHẬT KÝ CHẠY PYTHON
File: D:\CodexProjects\Hotkeyvip\03_dang_bai\phu_tro\xuat_url_tu_id_cms.py
Bắt đầu: 2026-07-31 13:12:19
========================================================================
[13:12:20] ✅ Đã nhận diện cột theo tên:
[13:12:20] - dangbai: Tên miền=5, Danh mục=6, ID CMS=9, URL đã đăng=10
[13:12:20] - ID_tacgia: Tên miền URL=1, ID=2, Danh mục=3
[13:12:20] ✅ Đã tạo map cho 367 tên miền/danh mục.
[13:12:20] ✅ Đã đọc 4 vùng Excel một lần, chỉ kiểm tra dòng 2–2000.
[13:12:20] 🔄 Đang lấy URL thật cho 26 dòng...
[13:12:22] ✅ Dòng 172: https://congdongkinhdoanh.com/co-nen-vay-von-de-mo-rong-kinh-doanh-6-4103.html
[13:12:22] ✅ Dòng 173: https://congdongkinhdoanh.com/doanh-nghiep-co-nen-dau-tu-them-may-moc-6-4102.html
[13:12:22] ✅ Dòng 174: https://congdongkinhdoanh.com/co-nen-mo-them-chi-nhanh-6-4104.html
[13:12:22] ✅ Dòng 175: https://congdongkinhdoanh.com/lam-sao-danh-gia-hieu-qua-mot-khoan-dau-tu-6-4105.html
[13:12:22] ✅ Dòng 176: https://congdongkinhdoanh.com/thoi-gian-hoan-von-bao-lau-la-hop-ly-6-4106.html
[13:12:22] ✅ Dòng 177: https://congdongkinhdoanh.com/khi-nao-doanh-nghiep-nen-goi-von-6-4107.html
[13:12:22] ✅ Dòng 178: https://congdongkinhdoanh.com/co-nen-tai-dau-tu-loi-nhuan-6-4108.html
[13:12:22] ✅ Dòng 179: https://congdongkinhdoanh.com/nen-dau-tu-marketing-hay-mo-rong-san-xuat-6-4109.html
[13:12:22] ✅ Dòng 180: https://congdongkinhdoanh.com/doanh-nghiep-nen-uu-tien-dau-tu-dai-han-nao-6-4110.html
[13:12:22] ✅ Dòng 304: https://doanhnhanduongthoi.com/cach-xac-dinh-khach-hang-muc-tieu-91-5116.html
[13:12:22] ✅ Dòng 305: https://doanhnhanduongthoi.com/khach-hang-muc-tieu-va-khach-hang-tiem-nang-khac-nhau-the-nao-91-5117.html
[13:12:22] ✅ Dòng 306: https://doanhnhanduongthoi.com/cac-tieu-chi-phan-khuc-thi-truong-91-5118.html
[13:12:22] ✅ Dòng 307: https://doanhnhanduongthoi.com/cach-phan-khuc-thi-truong-91-5119.html
[13:12:22] ✅ Dòng 308: https://doanhnhanduongthoi.com/cach-lua-chon-thi-truong-muc-tieu-91-5120.html
[13:12:22] ✅ Dòng 309: https://doanhnhanduongthoi.com/doanh-nghiep-nho-nen-chon-mot-hay-nhieu-phan-khuc-91-5123.html
[13:12:23] ✅ Dòng 310: https://doanhnhanduongthoi.com/cach-danh-gia-phan-khuc-thi-truong-91-5121.html
[13:12:23] ✅ Dòng 311: https://doanhnhanduongthoi.com/cach-phan-khuc-khach-hang-b2b-91-5122.html
[13:12:23] ✅ Dòng 312: https://doanhnhanduongthoi.com/cach-phan-khuc-khach-hang-b2c-91-5124.html
[13:12:23] ✅ Dòng 1077: https://kythuatmarketing.com/chien-luoc-marketing-doanh-nghiep-la-gi-va-duoc-xay-dung-ra-sao-6-3198.html
[13:12:23] ✅ Dòng 1078: https://kythuatmarketing.com/vai-tro-chien-luoc-marketing-doi-voi-tang-truong-doanh-nghiep-6-3199.html
[13:12:23] ✅ Dòng 1079: https://kythuatmarketing.com/phan-biet-chien-luoc-marketing-va-chien-thuat-marketing-6-3200.html
[13:12:23] ✅ Dòng 1080: https://kythuatmarketing.com/cac-thanh-phan-chien-luoc-marketing-hoan-chinh-6-3201.html
[13:12:23] ✅ Dòng 1081: https://kythuatmarketing.com/quy-trinh-xay-dung-chien-luoc-marketing-cho-doanh-nghiep-6-3203.html
[13:12:23] ✅ Dòng 1083: https://kythuatmarketing.com/phan-tich-thi-truong-marketing-truoc-khi-xay-dung-chien-luoc-6-3202.html
[13:12:23] ✅ Dòng 1085: https://kythuatmarketing.com/cac-tieu-chi-phan-khuc-thi-truong-pho-bien-6-3204.html
[13:12:23] ✅ Dòng 1086: https://kythuatmarketing.com/xay-dung-dinh-vi-thuong-hieu-trong-chien-luoc-marketing-6-3205.html

[13:12:23] ========== KẾT QUẢ ==========
[13:12:23] ✅ Đã xử lý mới: 26 URL
[13:12:23] ⏭️ Đã bỏ qua vì URL đã có dữ liệu: 428
[13:12:23] ⏭️ Đã bỏ qua vì không có ID: 1545
[13:12:23] ⏭️ Dòng trống: 0
[13:12:23] ⚠️ Thiếu tên miền: 0
[13:12:23] ⚠️ Thiếu danh mục: 0
[13:12:23] ⚠️ Không tìm thấy ID danh mục: 0
[13:12:23] ✅ Đã lưu kết quả vào cột URL của sheet dangbai.

========================================================================
Kết thúc: 2026-07-31 13:12:23
Mã thoát: 0
Thời gian: 4.55 giây
