HOTKEYVIP STUDIO - NHẬT KÝ CHẠY PYTHON
File: D:\CodexProjects\Hotkeyvip\03_dang_bai\phu_tro\xuat_url_tu_id_cms.py
Bắt đầu: 2026-08-02 10:03:54
========================================================================
[10:03:55] ✅ Đã nhận diện cột theo tên:
[10:03:55] - dangbai: Tên miền=5, Danh mục=6, ID CMS=9, URL đã đăng=10
[10:03:55] - ID_tacgia: Tên miền URL=1, ID=2, Danh mục=3
[10:03:55] ✅ Đã tạo map cho 367 tên miền/danh mục.
[10:03:55] ✅ Đã đọc 4 vùng Excel một lần, chỉ kiểm tra dòng 2–2000.
[10:03:55] 🔄 Đang lấy URL thật cho 25 dòng...
[10:03:57] ✅ Dòng 189: https://congdongkinhdoanh.com/vi-sao-quang-cao-khong-co-khach-2-4121.html
[10:03:57] ✅ Dòng 190: https://congdongkinhdoanh.com/vi-sao-website-khong-co-traffic-2-4122.html
[10:03:57] ✅ Dòng 191: https://congdongkinhdoanh.com/vi-sao-seo-khong-len-top-2-4120.html
[10:03:57] ✅ Dòng 192: https://congdongkinhdoanh.com/vi-sao-fanpage-it-tuong-tac-2-4126.html
[10:03:57] ✅ Dòng 193: https://congdongkinhdoanh.com/vi-sao-content-khong-co-traffic-2-4123.html
[10:03:57] ✅ Dòng 194: https://congdongkinhdoanh.com/vi-sao-marketing-khong-co-don-2-4124.html
[10:03:57] ✅ Dòng 195: https://congdongkinhdoanh.com/sai-lam-marketing-cua-doanh-nghiep-nho-2-4125.html
[10:03:57] ✅ Dòng 319: https://doanhnhanduongthoi.com/cach-phan-bo-von-doanh-nghiep-146-5131.html
[10:03:57] ✅ Dòng 320: https://doanhnhanduongthoi.com/nen-uu-tien-von-cho-van-hanh-hay-tang-truong-146-5132.html
[10:03:57] ✅ Dòng 321: https://doanhnhanduongthoi.com/cach-xac-dinh-thu-tu-uu-tien-dau-tu-146-5133.html
[10:03:57] ✅ Dòng 322: https://doanhnhanduongthoi.com/doanh-nghiep-nen-danh-bao-nhieu-von-du-phong-146-5134.html
[10:03:57] ✅ Dòng 323: https://doanhnhanduongthoi.com/cach-tranh-dau-tu-dan-trai-146-5135.html
[10:03:57] ✅ Dòng 324: https://doanhnhanduongthoi.com/cach-lua-chon-du-an-khi-thieu-von-146-5137.html
[10:03:57] ✅ Dòng 325: https://doanhnhanduongthoi.com/nen-giai-ngan-von-theo-giai-doan-146-5136.html
[10:03:57] ✅ Dòng 326: https://doanhnhanduongthoi.com/cach-xay-dung-han-muc-dau-tu-doanh-nghiep-146-5138.html
[10:03:57] ✅ Dòng 1097: https://kythuatmarketing.com/kenh-marketing-va-vai-tro-trong-tiep-can-khach-hang-6-3218.html
[10:03:57] ✅ Dòng 1098: https://kythuatmarketing.com/phan-loai-kenh-marketing-theo-quyen-so-huu-va-cach-tiep-can-6-3219.html
[10:03:57] ✅ Dòng 1099: https://kythuatmarketing.com/owned-media-va-cac-kenh-doanh-nghiep-so-huu-6-3220.html
[10:03:58] ✅ Dòng 1100: https://kythuatmarketing.com/paid-media-va-vai-tro-mo-rong-do-phu-co-tra-phi-6-3221.html
[10:03:58] ✅ Dòng 1101: https://kythuatmarketing.com/earned-media-va-gia-tri-lan-truyen-tu-ben-thu-ba-6-3222.html
[10:03:58] ✅ Dòng 1102: https://kythuatmarketing.com/marketing-da-kenh-va-cach-phoi-hop-nhieu-diem-cham-6-3223.html
[10:03:58] ✅ Dòng 1103: https://kythuatmarketing.com/omnichannel-marketing-va-trai-nghiem-lien-mach-giua-cac-kenh-6-3224.html
[10:03:58] ✅ Dòng 1104: https://kythuatmarketing.com/phan-biet-multichannel-va-omnichannel-trong-quan-tri-trai-nghiem-6-3226.html
[10:03:58] ✅ Dòng 1105: https://kythuatmarketing.com/khi-nao-nen-su-dung-kenh-su-kien-marketing-6-3225.html
[10:03:58] ✅ Dòng 1106: https://kythuatmarketing.com/nhung-sai-lam-khi-lua-chon-kenh-marketing-6-3227.html

[10:03:58] ========== KẾT QUẢ ==========
[10:03:58] ✅ Đã xử lý mới: 25 URL
[10:03:58] ⏭️ Đã bỏ qua vì URL đã có dữ liệu: 481
[10:03:58] ⏭️ Đã bỏ qua vì không có ID: 1493
[10:03:58] ⏭️ Dòng trống: 0
[10:03:58] ⚠️ Thiếu tên miền: 0
[10:03:58] ⚠️ Thiếu danh mục: 0
[10:03:58] ⚠️ Không tìm thấy ID danh mục: 0
[10:03:58] ✅ Đã lưu kết quả vào cột URL của sheet dangbai.

========================================================================
Kết thúc: 2026-08-02 10:03:58
Mã thoát: 0
Thời gian: 4.00 giây
