HOTKEYVIP STUDIO - NHẬT KÝ CHẠY PYTHON
File: D:\CodexProjects\Hotkeyvip\03_dang_bai\phu_tro\xuat_url_tu_id_cms.py
Bắt đầu: 2026-07-31 13:26:07
========================================================================
[13:26:08] ✅ Đã nhận diện cột theo tên:
[13:26:08] - dangbai: Tên miền=5, Danh mục=6, ID CMS=9, URL đã đăng=10
[13:26:08] - ID_tacgia: Tên miền URL=1, ID=2, Danh mục=3
[13:26:08] ✅ Đã tạo map cho 367 tên miền/danh mục.
[13:26:08] ✅ Đã đọc 4 vùng Excel một lần, chỉ kiểm tra dòng 2–2000.
[13:26:08] 🔄 Đang lấy URL thật cho 4 dòng...
[13:26:09] ✅ Dòng 171: https://congdongkinhdoanh.com/khi-nao-doanh-nghiep-nen-mo-rong-quy-mo-6-4111.html
[13:26:09] ✅ Dòng 313: https://doanhnhanduongthoi.com/chan-dung-khach-hang-gom-nhung-thong-tin-nao-91-5125.html
[13:26:09] ✅ Dòng 1082: https://kythuatmarketing.com/cach-xac-dinh-muc-tieu-marketing-phu-hop-voi-doanh-nghiep-6-3206.html
[13:26:09] ✅ Dòng 1084: https://kythuatmarketing.com/cach-xac-dinh-khach-hang-muc-tieu-trong-chien-luoc-marketing-6-3207.html

[13:26:09] ========== KẾT QUẢ ==========
[13:26:09] ✅ Đã xử lý mới: 4 URL
[13:26:09] ⏭️ Đã bỏ qua vì URL đã có dữ liệu: 454
[13:26:09] ⏭️ Đã bỏ qua vì không có ID: 1541
[13:26:09] ⏭️ Dòng trống: 0
[13:26:09] ⚠️ Thiếu tên miền: 0
[13:26:09] ⚠️ Thiếu danh mục: 0
[13:26:09] ⚠️ Không tìm thấy ID danh mục: 0
[13:26:09] ✅ Đã lưu kết quả vào cột URL của sheet dangbai.

========================================================================
Kết thúc: 2026-07-31 13:26:09
Mã thoát: 0
Thời gian: 2.38 giây
