HOTKEYVIP STUDIO - NHẬT KÝ CHẠY PYTHON
File: D:\CodexProjects\Hotkeyvip\03_dang_bai\phu_tro\V2.0_Vip_baivietlienquan_3_luong.py
Bắt đầu: 2026-08-04 09:25:47
========================================================================
[09:25:49] Chọn số luồng [3/5] (nhấn Enter = 3): Đã kết nối Excel đang mở: hotkeyvip_test.xlsm
[09:25:50] Đã kết nối Excel đang mở: hotkeyvip_test.xlsm
[09:25:50] ========================================================================
[09:25:50] ĐÃ CHỐT 36 BÀI | CHẠY 5 WORKER
[09:25:50] Profile: D:\CodexProjects\Hotkeyvip\02_viet_bai\du_lieu_3_workers\profiles
[09:25:50] ========================================================================
[09:25:52] Worker 1: sẵn sàng.
[09:25:52] [GIAO] Worker 1 <- dòng 201 | ID 4132
[09:25:52] Worker 1 | dòng 201: Đang mở ID 4132
[09:25:52] Worker 5: sẵn sàng.
[09:25:52] [GIAO] Worker 5 <- dòng 202 | ID 4133
[09:25:52] Worker 5 | dòng 202: Đang mở ID 4133
[09:25:52] Worker 4: sẵn sàng.
[09:25:52] [GIAO] Worker 4 <- dòng 203 | ID 4137
[09:25:52] Worker 4 | dòng 203: Đang mở ID 4137
[09:25:52] Worker 2: sẵn sàng.
[09:25:52] [GIAO] Worker 2 <- dòng 204 | ID 4134
[09:25:52] Worker 2 | dòng 204: Đang mở ID 4134
[09:25:52] Worker 3: sẵn sàng.
[09:25:52] [GIAO] Worker 3 <- dòng 205 | ID 4135
[09:25:52] Worker 3 | dòng 205: Đang mở ID 4135
[09:25:53]     Phát hiện trang đăng nhập → tự nhập ID và mật khẩu...
[09:25:53]     Phát hiện trang đăng nhập → tự nhập ID và mật khẩu...
[09:25:53]     Đã ở đúng trang sửa bài, không cần đăng nhập.
[09:25:53] [1] Click Tải dữ liệu...
[09:25:53] Worker 4 | dòng 203: Đang chọn bài liên quan
[09:25:53]     Phát hiện trang đăng nhập → tự nhập ID và mật khẩu...
[09:25:53]     Phát hiện trang đăng nhập → tự nhập ID và mật khẩu...
[09:25:53]     Đã nhập ID/mật khẩu → click ĐĂNG NHẬP.
[09:25:53]     Đã nhập ID/mật khẩu → click ĐĂNG NHẬP.
[09:25:53]     Đã nhập ID/mật khẩu → click ĐĂNG NHẬP.
[09:25:53]     Đã tải dữ liệu bài liên quan.
[09:25:53] [2] Chọn danh mục: Tất cả
[09:25:53]     Đã nhập ID/mật khẩu → click ĐĂNG NHẬP.
[09:25:54]     Đăng nhập thành công, đã vào đúng trang sửa bài.
[09:25:54] [1] Click Tải dữ liệu...
[09:25:54] Worker 1 | dòng 201: Đang chọn bài liên quan
[09:25:54]     Đăng nhập thành công, đã vào đúng trang sửa bài.
[09:25:54] [1] Click Tải dữ liệu...
[09:25:54] Worker 5 | dòng 202: Đang chọn bài liên quan
[09:25:55]     Đăng nhập thành công, đã vào đúng trang sửa bài.
[09:25:55] [1] Click Tải dữ liệu...
[09:25:55] Worker 3 | dòng 205: Đang chọn bài liên quan
[09:25:55]     Đăng nhập thành công, đã vào đúng trang sửa bài.
[09:25:55] [1] Click Tải dữ liệu...
[09:25:55] Worker 2 | dòng 204: Đang chọn bài liên quan
[09:25:55]     Đã tải dữ liệu bài liên quan.
[09:25:55] [2] Chọn danh mục: Tất cả
[09:25:55]     ID hiện tại: 4137 | đã chọn thêm: 4136, 4135, 4134, 4133, 4132
[09:25:55]     Tổng selected sau cùng: 5/5
[09:25:55] [2] Chọn danh mục: Thương hiệu
[09:25:55]     Đã tải dữ liệu bài liên quan.
[09:25:55] [2] Chọn danh mục: Tất cả
[09:25:55]     Đã tải dữ liệu bài liên quan.
[09:25:55] [2] Chọn danh mục: Tất cả
[09:25:55]     Đã tải dữ liệu bài liên quan.
[09:25:55] [2] Chọn danh mục: Tất cả
[09:25:56]     Đã chọn nhanh 5 bài, tổng hiện tại 10/10
[09:25:56]     Nhóm ID gần nhất: 5/5
[09:25:56]     ID nhóm gần nhất: 4136, 4135, 4134, 4133, 4132
[09:25:56]     Nhóm cùng danh mục "Thương hiệu": chọn thêm đến đủ 10
[09:25:56] Kết quả cuối: 10/10 bài liên quan.
[09:25:56]     Các ID selected: 4136, 4135, 4134, 4133, 4132, 4131, 4130, 4129, 4128, 4127
[09:25:56] [3] Lưu bài...
[09:25:56]     ID hiện tại: 4132 | đã chọn thêm: 4133, 4134, 4135, 4136, 4137
[09:25:56]     Tổng selected sau cùng: 5/5
[09:25:56] [2] Chọn danh mục: Thương hiệu
[09:25:56]     ID hiện tại: 4133 | đã chọn thêm: 4134, 4135, 4136, 4137, 4132
[09:25:56]     Tổng selected sau cùng: 5/5
[09:25:56] [2] Chọn danh mục: Thương hiệu
[09:25:57]     ID hiện tại: 4135 | đã chọn thêm: 4136, 4137, 4134, 4133, 4132
[09:25:57]     Tổng selected sau cùng: 5/5
[09:25:57] [2] Chọn danh mục: Thương hiệu
[09:25:57]     ID hiện tại: 4134 | đã chọn thêm: 4135, 4136, 4137, 4133, 4132
[09:25:57]     Tổng selected sau cùng: 5/5
[09:25:57] [2] Chọn danh mục: Thương hiệu
[09:25:58]     Đã chọn nhanh 5 bài, tổng hiện tại 10/10
[09:25:58]     Nhóm ID gần nhất: 5/5
[09:25:58]     ID nhóm gần nhất: 4137, 4136, 4135, 4134, 4133
[09:25:58]     Nhóm cùng danh mục "Thương hiệu": chọn thêm đến đủ 10
[09:25:58] Kết quả cuối: 10/10 bài liên quan.
[09:25:58]     Các ID selected: 4137, 4136, 4135, 4134, 4133, 4131, 4130, 4129, 4128, 4127
[09:25:58] [3] Lưu bài...
[09:25:58]     Đã chọn nhanh 5 bài, tổng hiện tại 10/10
[09:25:58]     Nhóm ID gần nhất: 5/5
[09:25:58]     ID nhóm gần nhất: 4137, 4136, 4135, 4134, 4132
[09:25:58]     Nhóm cùng danh mục "Thương hiệu": chọn thêm đến đủ 10
[09:25:58] Kết quả cuối: 10/10 bài liên quan.
[09:25:58]     Các ID selected: 4137, 4136, 4135, 4134, 4132, 4131, 4130, 4129, 4128, 4127
[09:25:58] [3] Lưu bài...
[09:25:58]     Đã chọn nhanh 5 bài, tổng hiện tại 10/10
[09:25:58]     Nhóm ID gần nhất: 5/5
[09:25:58]     ID nhóm gần nhất: 4137, 4136, 4134, 4133, 4132
[09:25:58]     Nhóm cùng danh mục "Thương hiệu": chọn thêm đến đủ 10
[09:25:58] Kết quả cuối: 10/10 bài liên quan.
[09:25:58]     Các ID selected: 4137, 4136, 4134, 4133, 4132, 4131, 4130, 4129, 4128, 4127
[09:25:58] [3] Lưu bài...
[09:25:58]     Đã chọn nhanh 5 bài, tổng hiện tại 10/10
[09:25:58]     Nhóm ID gần nhất: 5/5
[09:25:58]     ID nhóm gần nhất: 4137, 4136, 4135, 4133, 4132
[09:25:58]     Nhóm cùng danh mục "Thương hiệu": chọn thêm đến đủ 10
[09:25:58] Kết quả cuối: 10/10 bài liên quan.
[09:25:58]     Các ID selected: 4137, 4136, 4135, 4133, 4132, 4131, 4130, 4129, 4128, 4127
[09:25:58] [3] Lưu bài...
[09:25:59]     Đã click lưu. URL trước: https://congdongkinhdoanh.com/admin/news_tb/field/id=4137/root_id=999
[09:25:59]     URL sau  : https://congdongkinhdoanh.com/admin/news_tb/list/root_id=999
[09:25:59] [OK] Worker 4 xong dòng 203 | 10 bài | 6.7 giây
[09:25:59] [GIAO] Worker 4 <- dòng 206 | ID 4136
[09:25:59] Worker 4 | dòng 206: Đang mở ID 4136
[09:25:59]     Đã ở đúng trang sửa bài, không cần đăng nhập.
[09:25:59] [1] Click Tải dữ liệu...
[09:25:59] Worker 4 | dòng 206: Đang chọn bài liên quan
[09:26:00]     Đã tải dữ liệu bài liên quan.
[09:26:00] [2] Chọn danh mục: Tất cả
[09:26:00]     Đã click lưu. URL trước: https://congdongkinhdoanh.com/admin/news_tb/field/id=4133/root_id=999
[09:26:00]     URL sau  : https://congdongkinhdoanh.com/admin/news_tb/list/root_id=999
[09:26:00] [OK] Worker 5 xong dòng 202 | 10 bài | 8.4 giây
[09:26:00] [GIAO] Worker 5 <- dòng 334 | ID 5147
[09:26:00] Worker 5 | dòng 334: Đang mở ID 5147
[09:26:00]     Đã click lưu. URL trước: https://congdongkinhdoanh.com/admin/news_tb/field/id=4132/root_id=999
[09:26:00]     URL sau  : https://congdongkinhdoanh.com/admin/news_tb/list/root_id=999
[09:26:00] [OK] Worker 1 xong dòng 201 | 10 bài | 8.6 giây
[09:26:00] [GIAO] Worker 1 <- dòng 335 | ID 5148
[09:26:00] Worker 1 | dòng 335: Đang mở ID 5148
[09:26:00]     Đã click lưu. URL trước: https://congdongkinhdoanh.com/admin/news_tb/field/id=4135/root_id=999
[09:26:00]     URL sau  : https://congdongkinhdoanh.com/admin/news_tb/list/root_id=999
[09:26:00] [OK] Worker 3 xong dòng 205 | 10 bài | 8.3 giây
[09:26:00] [GIAO] Worker 3 <- dòng 336 | ID 5149
[09:26:00] Worker 3 | dòng 336: Đang mở ID 5149
[09:26:00]     Đã click lưu. URL trước: https://congdongkinhdoanh.com/admin/news_tb/field/id=4134/root_id=999
[09:26:00]     URL sau  : https://congdongkinhdoanh.com/admin/news_tb/list/root_id=999
[09:26:00] [OK] Worker 2 xong dòng 204 | 10 bài | 8.4 giây
[09:26:00] [GIAO] Worker 2 <- dòng 337 | ID 5151
[09:26:00] Worker 2 | dòng 337: Đang mở ID 5151
[09:26:01]     ID hiện tại: 4136 | đã chọn thêm: 4137, 4135, 4134, 4133, 4132
[09:26:01]     Tổng selected sau cùng: 5/5
[09:26:01] [2] Chọn danh mục: Tài chính
[09:26:02]     Phát hiện trang đăng nhập → tự nhập ID và mật khẩu...
[09:26:02]     Phát hiện trang đăng nhập → tự nhập ID và mật khẩu...
[09:26:02]     Phát hiện trang đăng nhập → tự nhập ID và mật khẩu...
[09:26:02]     Đã nhập ID/mật khẩu → click ĐĂNG NHẬP.
[09:26:02]     Đã nhập ID/mật khẩu → click ĐĂNG NHẬP.
[09:26:02]     Đã nhập ID/mật khẩu → click ĐĂNG NHẬP.
[09:26:03]     Đã chọn nhanh 5 bài, tổng hiện tại 10/10
[09:26:03]     Nhóm ID gần nhất: 5/5
[09:26:03]     ID nhóm gần nhất: 4137, 4135, 4134, 4133, 4132
[09:26:03]     Nhóm cùng danh mục "Tài chính": chọn thêm đến đủ 10
[09:26:03] Kết quả cuối: 10/10 bài liên quan.
[09:26:03]     Các ID selected: 4137, 4135, 4134, 4133, 4132, 4111, 4110, 4109, 4108, 4107
[09:26:03] [3] Lưu bài...
[09:26:03]     Phát hiện trang đăng nhập → tự nhập ID và mật khẩu...
[09:26:03]     Đã nhập ID/mật khẩu → click ĐĂNG NHẬP.
[09:26:05]     Đăng nhập thành công, đã vào đúng trang sửa bài.
[09:26:05] [1] Click Tải dữ liệu...
[09:26:05]     Đăng nhập thành công, đã vào đúng trang sửa bài.
[09:26:05] [1] Click Tải dữ liệu...
[09:26:05] Worker 1 | dòng 335: Đang chọn bài liên quan
[09:26:05] Worker 2 | dòng 337: Đang chọn bài liên quan
[09:26:05]     Đã tải dữ liệu bài liên quan.
[09:26:05] [2] Chọn danh mục: Tất cả
[09:26:05]     Đã tải dữ liệu bài liên quan.
[09:26:05] [2] Chọn danh mục: Tất cả
[09:26:05]     Đăng nhập thành công, đã vào đúng trang sửa bài.
[09:26:05] [1] Click Tải dữ liệu...
[09:26:05] Worker 3 | dòng 336: Đang chọn bài liên quan
[09:26:05]     Đã click lưu. URL trước: https://congdongkinhdoanh.com/admin/news_tb/field/id=4136/root_id=999
[09:26:05]     URL sau  : https://congdongkinhdoanh.com/admin/news_tb/list/root_id=999
[09:26:05] [OK] Worker 4 xong dòng 206 | 10 bài | 6.8 giây
[09:26:05] [GIAO] Worker 4 <- dòng 338 | ID 5150
[09:26:05] Worker 4 | dòng 338: Đang mở ID 5150
[09:26:06]     Đã tải dữ liệu bài liên quan.
[09:26:06] [2] Chọn danh mục: Tất cả
[09:26:07]     ID hiện tại: 5148 | đã chọn thêm: 5149, 5150, 5151, 5152, 5147
[09:26:07]     Tổng selected sau cùng: 5/5
[09:26:07] [2] Chọn danh mục: Doanh nhân
[09:26:07]     ID hiện tại: 5151 | đã chọn thêm: 5152, 5150, 5149, 5148, 5147
[09:26:07]     Tổng selected sau cùng: 5/5
[09:26:07] [2] Chọn danh mục: Doanh nhân
[09:26:08]     ID hiện tại: 5149 | đã chọn thêm: 5150, 5151, 5152, 5148, 5147
[09:26:08]     Tổng selected sau cùng: 5/5
[09:26:08] [2] Chọn danh mục: Doanh nhân
[09:26:08]     Phát hiện trang đăng nhập → tự nhập ID và mật khẩu...
[09:26:08]     Đã nhập ID/mật khẩu → click ĐĂNG NHẬP.
[09:26:08]     Đã chọn nhanh 5 bài, tổng hiện tại 10/10
[09:26:08]     Nhóm ID gần nhất: 5/5
[09:26:08]     ID nhóm gần nhất: 5152, 5150, 5149, 5148, 5147
[09:26:08]     Nhóm cùng danh mục "Doanh nhân": chọn thêm đến đủ 10
[09:26:08] Kết quả cuối: 10/10 bài liên quan.
[09:26:08]     Các ID selected: 5152, 5150, 5149, 5148, 5147, 5075, 5074, 5073, 5072, 5071
[09:26:08] [3] Lưu bài...
[09:26:09]     Đã chọn nhanh 5 bài, tổng hiện tại 10/10
[09:26:09]     Nhóm ID gần nhất: 5/5
[09:26:09]     ID nhóm gần nhất: 5152, 5151, 5150, 5149, 5147
[09:26:09]     Nhóm cùng danh mục "Doanh nhân": chọn thêm đến đủ 10
[09:26:09] Kết quả cuối: 10/10 bài liên quan.
[09:26:09]     Các ID selected: 5152, 5151, 5150, 5149, 5147, 5075, 5074, 5073, 5072, 5071
[09:26:09] [3] Lưu bài...
[09:26:09]     Đã chọn nhanh 5 bài, tổng hiện tại 10/10
[09:26:09]     Nhóm ID gần nhất: 5/5
[09:26:09]     ID nhóm gần nhất: 5152, 5151, 5150, 5148, 5147
[09:26:09]     Nhóm cùng danh mục "Doanh nhân": chọn thêm đến đủ 10
[09:26:09] Kết quả cuối: 10/10 bài liên quan.
[09:26:09]     Các ID selected: 5152, 5151, 5150, 5148, 5147, 5075, 5074, 5073, 5072, 5071
[09:26:09] [3] Lưu bài...
[09:26:11]     Đăng nhập thành công, đã vào đúng trang sửa bài.
[09:26:11] [1] Click Tải dữ liệu...
[09:26:11] Worker 5 | dòng 334: Đang chọn bài liên quan
[09:26:11]     Đã click lưu. URL trước: https://doanhnhanduongthoi.com/admin/news_tb/field/id=5151/root_id=999
[09:26:11]     URL sau  : https://doanhnhanduongthoi.com/admin/news_tb/list/root_id=999
[09:26:11] [OK] Worker 2 xong dòng 337 | 10 bài | 10.7 giây
[09:26:11] [GIAO] Worker 2 <- dòng 339 | ID 5152
[09:26:11] Worker 2 | dòng 339: Đang mở ID 5152
[09:26:11]     Đã click lưu. URL trước: https://doanhnhanduongthoi.com/admin/news_tb/field/id=5148/root_id=999
[09:26:11]     URL sau  : https://doanhnhanduongthoi.com/admin/news_tb/list/root_id=999
[09:26:11] [OK] Worker 1 xong dòng 335 | 10 bài | 10.8 giây
[09:26:11] [GIAO] Worker 1 <- dòng 1117 | ID 3239
[09:26:11] Worker 1 | dòng 1117: Đang mở ID 3239
[09:26:11]     Đã tải dữ liệu bài liên quan.
[09:26:11] [2] Chọn danh mục: Tất cả
[09:26:12]     Đã click lưu. URL trước: https://doanhnhanduongthoi.com/admin/news_tb/field/id=5149/root_id=999
[09:26:12]     Đã ở đúng trang sửa bài, không cần đăng nhập.
[09:26:12] [1] Click Tải dữ liệu...
[09:26:12] Worker 2 | dòng 339: Đang chọn bài liên quan
[09:26:12]     URL sau  : https://doanhnhanduongthoi.com/admin/news_tb/list/root_id=999
[09:26:12] [OK] Worker 3 xong dòng 336 | 10 bài | 11.5 giây
[09:26:12] [GIAO] Worker 3 <- dòng 1118 | ID 3240
[09:26:12] Worker 3 | dòng 1118: Đang mở ID 3240
[09:26:12]     Phát hiện trang đăng nhập → tự nhập ID và mật khẩu...
[09:26:12]     Đăng nhập thành công, đã vào đúng trang sửa bài.
[09:26:12] [1] Click Tải dữ liệu...
[09:26:12] Worker 4 | dòng 338: Đang chọn bài liên quan
[09:26:12]     Đã tải dữ liệu bài liên quan.
[09:26:12] [2] Chọn danh mục: Tất cả
[09:26:12]     Đã nhập ID/mật khẩu → click ĐĂNG NHẬP.
[09:26:13]     Đã tải dữ liệu bài liên quan.
[09:26:13] [2] Chọn danh mục: Tất cả
[09:26:13]     ID hiện tại: 5147 | đã chọn thêm: 5148, 5149, 5150, 5151, 5152
[09:26:13]     Tổng selected sau cùng: 5/5
[09:26:13] [2] Chọn danh mục: Doanh nhân
[09:26:13]     Phát hiện trang đăng nhập → tự nhập ID và mật khẩu...
[09:26:13]     Đã nhập ID/mật khẩu → click ĐĂNG NHẬP.
[09:26:14]     Đăng nhập thành công, đã vào đúng trang sửa bài.
[09:26:14] [1] Click Tải dữ liệu...
[09:26:14] Worker 1 | dòng 1117: Đang chọn bài liên quan
[09:26:14]     ID hiện tại: 5152 | đã chọn thêm: 5151, 5150, 5149, 5148, 5147
[09:26:14]     Tổng selected sau cùng: 5/5
[09:26:14] [2] Chọn danh mục: Doanh nhân
[09:26:14]     Đã chọn nhanh 5 bài, tổng hiện tại 10/10
[09:26:14]     Nhóm ID gần nhất: 5/5
[09:26:14]     ID nhóm gần nhất: 5152, 5151, 5150, 5149, 5148
[09:26:14]     Nhóm cùng danh mục "Doanh nhân": chọn thêm đến đủ 10
[09:26:14] Kết quả cuối: 10/10 bài liên quan.
[09:26:14]     Các ID selected: 5152, 5151, 5150, 5149, 5148, 5075, 5074, 5073, 5072, 5071
[09:26:14] [3] Lưu bài...
[09:26:14]     ID hiện tại: 5150 | đã chọn thêm: 5151, 5152, 5149, 5148, 5147
[09:26:14]     Tổng selected sau cùng: 5/5
[09:26:14] [2] Chọn danh mục: Doanh nhân
[09:26:14]     Đăng nhập thành công, đã vào đúng trang sửa bài.
[09:26:14] [1] Click Tải dữ liệu...
[09:26:14] Worker 3 | dòng 1118: Đang chọn bài liên quan
[09:26:14]     Đã tải dữ liệu bài liên quan.
[09:26:14] [2] Chọn danh mục: Tất cả
[09:26:15]     Đã tải dữ liệu bài liên quan.
[09:26:15] [2] Chọn danh mục: Tất cả
[09:26:15]     Đã chọn nhanh 5 bài, tổng hiện tại 10/10
[09:26:15]     Nhóm ID gần nhất: 5/5
[09:26:15]     ID nhóm gần nhất: 5151, 5150, 5149, 5148, 5147
[09:26:15]     Nhóm cùng danh mục "Doanh nhân": chọn thêm đến đủ 10
[09:26:15] Kết quả cuối: 10/10 bài liên quan.
[09:26:15]     Các ID selected: 5151, 5150, 5149, 5148, 5147, 5075, 5074, 5073, 5072, 5071
[09:26:15] [3] Lưu bài...
[09:26:16]     Đã chọn nhanh 5 bài, tổng hiện tại 10/10
[09:26:16]     Nhóm ID gần nhất: 5/5
[09:26:16]     ID nhóm gần nhất: 5152, 5151, 5149, 5148, 5147
[09:26:16]     Nhóm cùng danh mục "Doanh nhân": chọn thêm đến đủ 10
[09:26:16] Kết quả cuối: 10/10 bài liên quan.
[09:26:16]     Các ID selected: 5152, 5151, 5149, 5148, 5147, 5075, 5074, 5073, 5072, 5071
[09:26:16] [3] Lưu bài...
[09:26:16]     ID hiện tại: 3239 | đã chọn thêm: 3240, 3241, 3242, 3243, 3244
[09:26:16]     Tổng selected sau cùng: 5/5
[09:26:16] [2] Chọn danh mục: Doanh nghiệp
[09:26:16]     ID hiện tại: 3240 | đã chọn thêm: 3241, 3242, 3243, 3244, 3245
[09:26:16]     Tổng selected sau cùng: 5/5
[09:26:16] [2] Chọn danh mục: Doanh nghiệp
[09:26:17]     Đã click lưu. URL trước: https://doanhnhanduongthoi.com/admin/news_tb/field/id=5147/root_id=999
[09:26:17]     URL sau  : https://doanhnhanduongthoi.com/admin/news_tb/list/root_id=999
[09:26:17] [OK] Worker 5 xong dòng 334 | 10 bài | 16.4 giây
[09:26:17] [GIAO] Worker 5 <- dòng 1119 | ID 3241
[09:26:17] Worker 5 | dòng 1119: Đang mở ID 3241
[09:26:17]     Đã chọn nhanh 5 bài, tổng hiện tại 10/10
[09:26:17]     Nhóm ID gần nhất: 5/5
[09:26:17]     ID nhóm gần nhất: 3244, 3243, 3242, 3241, 3240
[09:26:17]     Nhóm cùng danh mục "Doanh nghiệp": chọn thêm đến đủ 10
[09:26:17] Kết quả cuối: 10/10 bài liên quan.
[09:26:17]     Các ID selected: 3244, 3243, 3242, 3241, 3240, 3246, 3245, 3238, 3237, 3236
[09:26:17] [3] Lưu bài...
[09:26:17]     Phát hiện trang đăng nhập → tự nhập ID và mật khẩu...
[09:26:18]     Đã chọn nhanh 5 bài, tổng hiện tại 10/10
[09:26:18]     Nhóm ID gần nhất: 5/5
[09:26:18]     ID nhóm gần nhất: 3245, 3244, 3243, 3242, 3241
[09:26:18]     Nhóm cùng danh mục "Doanh nghiệp": chọn thêm đến đủ 10
[09:26:18] Kết quả cuối: 10/10 bài liên quan.
[09:26:18]     Các ID selected: 3245, 3244, 3243, 3242, 3241, 3246, 3239, 3238, 3237, 3236
[09:26:18] [3] Lưu bài...
[09:26:18]     Đã nhập ID/mật khẩu → click ĐĂNG NHẬP.
[09:26:18]     Đã click lưu. URL trước: https://doanhnhanduongthoi.com/admin/news_tb/field/id=5152/root_id=999
[09:26:18]     URL sau  : https://doanhnhanduongthoi.com/admin/news_tb/list/root_id=999
[09:26:18] [OK] Worker 2 xong dòng 339 | 10 bài | 7.4 giây
[09:26:18] [GIAO] Worker 2 <- dòng 1120 | ID 3242
[09:26:18] Worker 2 | dòng 1120: Đang mở ID 3242
[09:26:19]     Đã click lưu. URL trước: https://doanhnhanduongthoi.com/admin/news_tb/field/id=5150/root_id=999
[09:26:19]     URL sau  : https://doanhnhanduongthoi.com/admin/news_tb/list/root_id=999
[09:26:19] [OK] Worker 4 xong dòng 338 | 10 bài | 13.1 giây
[09:26:19] [GIAO] Worker 4 <- dòng 1121 | ID 3243
[09:26:19] Worker 4 | dòng 1121: Đang mở ID 3243
[09:26:19]     Đăng nhập thành công, đã vào đúng trang sửa bài.
[09:26:19] [1] Click Tải dữ liệu...
[09:26:19] Worker 5 | dòng 1119: Đang chọn bài liên quan
[09:26:19]     Phát hiện trang đăng nhập → tự nhập ID và mật khẩu...
[09:26:19]     Phát hiện trang đăng nhập → tự nhập ID và mật khẩu...
[09:26:20]     Đã nhập ID/mật khẩu → click ĐĂNG NHẬP.
[09:26:20]     Đã nhập ID/mật khẩu → click ĐĂNG NHẬP.
[09:26:20]     Đã tải dữ liệu bài liên quan.
[09:26:20] [2] Chọn danh mục: Tất cả
[09:26:20]     Đã click lưu. URL trước: https://kythuatmarketing.com/admin/news_tb/field/id=3239/root_id=999
[09:26:20]     URL sau  : https://kythuatmarketing.com/admin/news_tb/list/root_id=999
[09:26:20] [OK] Worker 1 xong dòng 1117 | 10 bài | 8.6 giây
[09:26:20] [GIAO] Worker 1 <- dòng 1122 | ID 3245
[09:26:20] Worker 1 | dòng 1122: Đang mở ID 3245
[09:26:20]     Đã ở đúng trang sửa bài, không cần đăng nhập.
[09:26:20] [1] Click Tải dữ liệu...
[09:26:20] Worker 1 | dòng 1122: Đang chọn bài liên quan
[09:26:20]     Đã click lưu. URL trước: https://kythuatmarketing.com/admin/news_tb/field/id=3240/root_id=999
[09:26:20]     URL sau  : https://kythuatmarketing.com/admin/news_tb/list/root_id=999
[09:26:20] [OK] Worker 3 xong dòng 1118 | 10 bài | 8.3 giây
[09:26:20] [GIAO] Worker 3 <- dòng 1123 | ID 3246
[09:26:20] Worker 3 | dòng 1123: Đang mở ID 3246
[09:26:21]     Đã tải dữ liệu bài liên quan.
[09:26:21] [2] Chọn danh mục: Tất cả
[09:26:21]     Đã ở đúng trang sửa bài, không cần đăng nhập.
[09:26:21] [1] Click Tải dữ liệu...
[09:26:21] Worker 3 | dòng 1123: Đang chọn bài liên quan
[09:26:21]     Đăng nhập thành công, đã vào đúng trang sửa bài.
[09:26:21] [1] Click Tải dữ liệu...
[09:26:21] Worker 4 | dòng 1121: Đang chọn bài liên quan
[09:26:21]     Đăng nhập thành công, đã vào đúng trang sửa bài.
[09:26:21] [1] Click Tải dữ liệu...
[09:26:21] Worker 2 | dòng 1120: Đang chọn bài liên quan
[09:26:21]     Đã tải dữ liệu bài liên quan.
[09:26:21] [2] Chọn danh mục: Tất cả
[09:26:21]     ID hiện tại: 3241 | đã chọn thêm: 3242, 3243, 3244, 3245, 3246
[09:26:21]     Tổng selected sau cùng: 5/5
[09:26:21] [2] Chọn danh mục: Doanh nghiệp
[09:26:21]     Đã tải dữ liệu bài liên quan.
[09:26:21] [2] Chọn danh mục: Tất cả
[09:26:21]     Đã tải dữ liệu bài liên quan.
[09:26:21] [2] Chọn danh mục: Tất cả
[09:26:22]     ID hiện tại: 3245 | đã chọn thêm: 3246, 3244, 3243, 3242, 3241
[09:26:22]     Tổng selected sau cùng: 5/5
[09:26:22] [2] Chọn danh mục: Doanh nghiệp
[09:26:22]     ID hiện tại: 3246 | đã chọn thêm: 3245, 3244, 3243, 3242, 3241
[09:26:22]     Tổng selected sau cùng: 5/5
[09:26:22] [2] Chọn danh mục: Doanh nghiệp
[09:26:22]     Đã chọn nhanh 5 bài, tổng hiện tại 10/10
[09:26:22]     Nhóm ID gần nhất: 5/5
[09:26:22]     ID nhóm gần nhất: 3246, 3245, 3244, 3243, 3242
[09:26:22]     Nhóm cùng danh mục "Doanh nghiệp": chọn thêm đến đủ 10
[09:26:22] Kết quả cuối: 10/10 bài liên quan.
[09:26:22]     Các ID selected: 3246, 3245, 3244, 3243, 3242, 3240, 3239, 3238, 3237, 3236
[09:26:22] [3] Lưu bài...
[09:26:23]     ID hiện tại: 3243 | đã chọn thêm: 3244, 3245, 3246, 3242, 3241
[09:26:23]     Tổng selected sau cùng: 5/5
[09:26:23] [2] Chọn danh mục: Doanh nghiệp
[09:26:23]     ID hiện tại: 3242 | đã chọn thêm: 3243, 3244, 3245, 3246, 3241
[09:26:23]     Tổng selected sau cùng: 5/5
[09:26:23] [2] Chọn danh mục: Doanh nghiệp
[09:26:23]     Đã chọn nhanh 5 bài, tổng hiện tại 10/10
[09:26:23]     Nhóm ID gần nhất: 5/5
[09:26:23]     ID nhóm gần nhất: 3246, 3244, 3243, 3242, 3241
[09:26:23]     Nhóm cùng danh mục "Doanh nghiệp": chọn thêm đến đủ 10
[09:26:23] Kết quả cuối: 10/10 bài liên quan.
[09:26:23]     Các ID selected: 3246, 3244, 3243, 3242, 3241, 3240, 3239, 3238, 3237, 3236
[09:26:23] [3] Lưu bài...
[09:26:24]     Đã chọn nhanh 5 bài, tổng hiện tại 10/10
[09:26:24]     Nhóm ID gần nhất: 5/5
[09:26:24]     ID nhóm gần nhất: 3245, 3244, 3243, 3242, 3241
[09:26:24]     Nhóm cùng danh mục "Doanh nghiệp": chọn thêm đến đủ 10
[09:26:24] Kết quả cuối: 10/10 bài liên quan.
[09:26:24]     Các ID selected: 3245, 3244, 3243, 3242, 3241, 3240, 3239, 3238, 3237, 3236
[09:26:24] [3] Lưu bài...
[09:26:24]     Đã chọn nhanh 5 bài, tổng hiện tại 10/10
[09:26:24]     Nhóm ID gần nhất: 5/5
[09:26:24]     ID nhóm gần nhất: 3246, 3245, 3244, 3242, 3241
[09:26:24]     Nhóm cùng danh mục "Doanh nghiệp": chọn thêm đến đủ 10
[09:26:24] Kết quả cuối: 10/10 bài liên quan.
[09:26:24]     Các ID selected: 3246, 3245, 3244, 3242, 3241, 3240, 3239, 3238, 3237, 3236
[09:26:24] [3] Lưu bài...
[09:26:24]     Đã chọn nhanh 5 bài, tổng hiện tại 10/10
[09:26:24]     Nhóm ID gần nhất: 5/5
[09:26:24]     ID nhóm gần nhất: 3246, 3245, 3244, 3243, 3241
[09:26:24]     Nhóm cùng danh mục "Doanh nghiệp": chọn thêm đến đủ 10
[09:26:24] Kết quả cuối: 10/10 bài liên quan.
[09:26:24]     Các ID selected: 3246, 3245, 3244, 3243, 3241, 3240, 3239, 3238, 3237, 3236
[09:26:24] [3] Lưu bài...
[09:26:25]     Đã click lưu. URL trước: https://kythuatmarketing.com/admin/news_tb/field/id=3241/root_id=999
[09:26:25]     URL sau  : https://kythuatmarketing.com/admin/news_tb/list/root_id=999
[09:26:25] [OK] Worker 5 xong dòng 1119 | 10 bài | 8.3 giây
[09:26:25] [GIAO] Worker 5 <- dòng 1124 | ID 3244
[09:26:25] Worker 5 | dòng 1124: Đang mở ID 3244
[09:26:25]     Đã ở đúng trang sửa bài, không cần đăng nhập.
[09:26:25] [1] Click Tải dữ liệu...
[09:26:25] Worker 5 | dòng 1124: Đang chọn bài liên quan
[09:26:26]     Đã tải dữ liệu bài liên quan.
[09:26:26] [2] Chọn danh mục: Tất cả
[09:26:26]     Đã click lưu. URL trước: https://kythuatmarketing.com/admin/news_tb/field/id=3245/root_id=999
[09:26:26]     URL sau  : https://kythuatmarketing.com/admin/news_tb/list/root_id=999
[09:26:26] [OK] Worker 1 xong dòng 1122 | 10 bài | 6.2 giây
[09:26:26] [GIAO] Worker 1 <- dòng 2012 | ID 4674
[09:26:26] Worker 1 | dòng 2012: Đang mở ID 4674
[09:26:26]     Đã click lưu. URL trước: https://kythuatmarketing.com/admin/news_tb/field/id=3246/root_id=999
[09:26:26]     URL sau  : https://kythuatmarketing.com/admin/news_tb/list/root_id=999
[09:26:26] [OK] Worker 3 xong dòng 1123 | 10 bài | 6.1 giây
[09:26:26] [GIAO] Worker 3 <- dòng 2013 | ID 4675
[09:26:26] Worker 3 | dòng 2013: Đang mở ID 4675
[09:26:27]     Đã click lưu. URL trước: https://kythuatmarketing.com/admin/news_tb/field/id=3243/root_id=999
[09:26:27]     URL sau  : https://kythuatmarketing.com/admin/news_tb/list/root_id=999
[09:26:27] [OK] Worker 4 xong dòng 1121 | 10 bài | 8.1 giây
[09:26:27] [GIAO] Worker 4 <- dòng 2014 | ID 4676
[09:26:27] Worker 4 | dòng 2014: Đang mở ID 4676
[09:26:27]     Đã click lưu. URL trước: https://kythuatmarketing.com/admin/news_tb/field/id=3242/root_id=999
[09:26:27]     URL sau  : https://kythuatmarketing.com/admin/news_tb/list/root_id=999
[09:26:27] [OK] Worker 2 xong dòng 1120 | 10 bài | 8.4 giây
[09:26:27] [GIAO] Worker 2 <- dòng 2015 | ID 4677
[09:26:27] Worker 2 | dòng 2015: Đang mở ID 4677
[09:26:27]     Phát hiện trang đăng nhập → tự nhập ID và mật khẩu...
[09:26:27]     Phát hiện trang đăng nhập → tự nhập ID và mật khẩu...
[09:26:27]     ID hiện tại: 3244 | đã chọn thêm: 3245, 3246, 3243, 3242, 3241
[09:26:27]     Tổng selected sau cùng: 5/5
[09:26:27] [2] Chọn danh mục: Doanh nghiệp
[09:26:27]     Đã nhập ID/mật khẩu → click ĐĂNG NHẬP.
[09:26:27]     Đã nhập ID/mật khẩu → click ĐĂNG NHẬP.
[09:26:28]     Phát hiện trang đăng nhập → tự nhập ID và mật khẩu...
[09:26:28]     Phát hiện trang đăng nhập → tự nhập ID và mật khẩu...
[09:26:28]     Đã nhập ID/mật khẩu → click ĐĂNG NHẬP.
[09:26:29]     Đã chọn nhanh 5 bài, tổng hiện tại 10/10
[09:26:29]     Nhóm ID gần nhất: 5/5
[09:26:29]     ID nhóm gần nhất: 3246, 3245, 3243, 3242, 3241
[09:26:29]     Nhóm cùng danh mục "Doanh nghiệp": chọn thêm đến đủ 10
[09:26:29] Kết quả cuối: 10/10 bài liên quan.
[09:26:29]     Các ID selected: 3246, 3245, 3243, 3242, 3241, 3240, 3239, 3238, 3237, 3236
[09:26:29] [3] Lưu bài...
[09:26:29]     Đã nhập ID/mật khẩu → click ĐĂNG NHẬP.
[09:26:29]     Đăng nhập thành công, đã vào đúng trang sửa bài.
[09:26:29] [1] Click Tải dữ liệu...
[09:26:29] Worker 1 | dòng 2012: Đang chọn bài liên quan
[09:26:29]     Đăng nhập thành công, đã vào đúng trang sửa bài.
[09:26:29] [1] Click Tải dữ liệu...
[09:26:29] Worker 3 | dòng 2013: Đang chọn bài liên quan
[09:26:30]     Đã tải dữ liệu bài liên quan.
[09:26:30] [2] Chọn danh mục: Tất cả
[09:26:30]     Đăng nhập thành công, đã vào đúng trang sửa bài.
[09:26:30] [1] Click Tải dữ liệu...
[09:26:30] Worker 2 | dòng 2015: Đang chọn bài liên quan
[09:26:30]     Đã tải dữ liệu bài liên quan.
[09:26:30] [2] Chọn danh mục: Tất cả
[09:26:30]     Đã tải dữ liệu bài liên quan.
[09:26:30] [2] Chọn danh mục: Tất cả
[09:26:31]     Đã click lưu. URL trước: https://kythuatmarketing.com/admin/news_tb/field/id=3244/root_id=999
[09:26:31]     URL sau  : https://kythuatmarketing.com/admin/news_tb/list/root_id=999
[09:26:31] [OK] Worker 5 xong dòng 1124 | 10 bài | 6.1 giây
[09:26:31] [GIAO] Worker 5 <- dòng 2016 | ID 4678
[09:26:31] Worker 5 | dòng 2016: Đang mở ID 4678
[09:26:31]     Đăng nhập thành công, đã vào đúng trang sửa bài.
[09:26:31] [1] Click Tải dữ liệu...
[09:26:31] Worker 4 | dòng 2014: Đang chọn bài liên quan
[09:26:31]     ID hiện tại: 4674 | đã chọn thêm: 4675, 4676, 4677, 4678, 4679
[09:26:31]     Tổng selected sau cùng: 5/5
[09:26:31] [2] Chọn danh mục: Doanh nghiệp
[09:26:32]     ID hiện tại: 4675 | đã chọn thêm: 4676, 4677, 4678, 4679, 4680
[09:26:32]     Tổng selected sau cùng: 5/5
[09:26:32] [2] Chọn danh mục: Doanh nghiệp
[09:26:32]     Đã tải dữ liệu bài liên quan.
[09:26:32] [2] Chọn danh mục: Tất cả
[09:26:32]     Phát hiện trang đăng nhập → tự nhập ID và mật khẩu...
[09:26:32]     ID hiện tại: 4677 | đã chọn thêm: 4678, 4679, 4680, 4681, 4676
[09:26:32]     Tổng selected sau cùng: 5/5
[09:26:32] [2] Chọn danh mục: Doanh nghiệp
[09:26:32]     Đã nhập ID/mật khẩu → click ĐĂNG NHẬP.
[09:26:33]     Đã chọn nhanh 5 bài, tổng hiện tại 10/10
[09:26:33]     Nhóm ID gần nhất: 5/5
[09:26:33]     ID nhóm gần nhất: 4679, 4678, 4677, 4676, 4675
[09:26:33]     Nhóm cùng danh mục "Doanh nghiệp": chọn thêm đến đủ 10
[09:26:33] Kết quả cuối: 10/10 bài liên quan.
[09:26:33]     Các ID selected: 4679, 4678, 4677, 4676, 4675, 4681, 4680, 4622, 4621, 4619
[09:26:33] [3] Lưu bài...
[09:26:33]     Đã chọn nhanh 5 bài, tổng hiện tại 10/10
[09:26:33]     Nhóm ID gần nhất: 5/5
[09:26:33]     ID nhóm gần nhất: 4680, 4679, 4678, 4677, 4676
[09:26:33]     Nhóm cùng danh mục "Doanh nghiệp": chọn thêm đến đủ 10
[09:26:33] Kết quả cuối: 10/10 bài liên quan.
[09:26:33]     Các ID selected: 4680, 4679, 4678, 4677, 4676, 4681, 4674, 4622, 4621, 4619
[09:26:33] [3] Lưu bài...
[09:26:33]     ID hiện tại: 4676 | đã chọn thêm: 4677, 4678, 4679, 4680, 4681
[09:26:33]     Tổng selected sau cùng: 5/5
[09:26:33] [2] Chọn danh mục: Doanh nghiệp
[09:26:34]     Đã chọn nhanh 5 bài, tổng hiện tại 10/10
[09:26:34]     Nhóm ID gần nhất: 5/5
[09:26:34]     ID nhóm gần nhất: 4681, 4680, 4679, 4678, 4676
[09:26:34]     Nhóm cùng danh mục "Doanh nghiệp": chọn thêm đến đủ 10
[09:26:34] Kết quả cuối: 10/10 bài liên quan.
[09:26:34]     Các ID selected: 4681, 4680, 4679, 4678, 4676, 4675, 4674, 4622, 4621, 4619
[09:26:34] [3] Lưu bài...
[09:26:35]     Đã chọn nhanh 5 bài, tổng hiện tại 10/10
[09:26:35]     Nhóm ID gần nhất: 5/5
[09:26:35]     ID nhóm gần nhất: 4681, 4680, 4679, 4678, 4677
[09:26:35]     Nhóm cùng danh mục "Doanh nghiệp": chọn thêm đến đủ 10
[09:26:35] Kết quả cuối: 10/10 bài liên quan.
[09:26:35]     Các ID selected: 4681, 4680, 4679, 4678, 4677, 4675, 4674, 4622, 4621, 4619
[09:26:35] [3] Lưu bài...
[09:26:35]     Đã click lưu. URL trước: https://tiepthisaigon.com.vn/admin/news_tb/field/id=4674/root_id=999
[09:26:35]     URL sau  : https://tiepthisaigon.com.vn/admin/news_tb/list/root_id=999
[09:26:35] [OK] Worker 1 xong dòng 2012 | 10 bài | 9.5 giây
[09:26:35] [GIAO] Worker 1 <- dòng 2017 | ID 4679
[09:26:35] Worker 1 | dòng 2017: Đang mở ID 4679
[09:26:35]     Đã click lưu. URL trước: https://tiepthisaigon.com.vn/admin/news_tb/field/id=4675/root_id=999
[09:26:35]     URL sau  : https://tiepthisaigon.com.vn/admin/news_tb/list/root_id=999
[09:26:35] [OK] Worker 3 xong dòng 2013 | 10 bài | 9.2 giây
[09:26:35] [GIAO] Worker 3 <- dòng 2018 | ID 4680
[09:26:36] Worker 3 | dòng 2018: Đang mở ID 4680
[09:26:36]     Đã ở đúng trang sửa bài, không cần đăng nhập.
[09:26:36] [1] Click Tải dữ liệu...
[09:26:36] Worker 1 | dòng 2017: Đang chọn bài liên quan
[09:26:36]     Đã ở đúng trang sửa bài, không cần đăng nhập.
[09:26:36] [1] Click Tải dữ liệu...
[09:26:36] Worker 3 | dòng 2018: Đang chọn bài liên quan
[09:26:36]     Đăng nhập thành công, đã vào đúng trang sửa bài.
[09:26:36] [1] Click Tải dữ liệu...
[09:26:36] Worker 5 | dòng 2016: Đang chọn bài liên quan
[09:26:36]     Đã click lưu. URL trước: https://tiepthisaigon.com.vn/admin/news_tb/field/id=4677/root_id=999
[09:26:36]     URL sau  : https://tiepthisaigon.com.vn/admin/news_tb/list/root_id=999
[09:26:36] [OK] Worker 2 xong dòng 2015 | 10 bài | 9.2 giây
[09:26:36] [GIAO] Worker 2 <- dòng 2019 | ID 4681
[09:26:36] Worker 2 | dòng 2019: Đang mở ID 4681
[09:26:36]     Đã tải dữ liệu bài liên quan.
[09:26:36] [2] Chọn danh mục: Tất cả
[09:26:36]     Đã tải dữ liệu bài liên quan.
[09:26:36] [2] Chọn danh mục: Tất cả
[09:26:36]     Đã ở đúng trang sửa bài, không cần đăng nhập.
[09:26:36] [1] Click Tải dữ liệu...
[09:26:36] Worker 2 | dòng 2019: Đang chọn bài liên quan
[09:26:37]     Đã tải dữ liệu bài liên quan.
[09:26:37] [2] Chọn danh mục: Tất cả
[09:26:37]     Đã tải dữ liệu bài liên quan.
[09:26:37] [2] Chọn danh mục: Tất cả
[09:26:37]     Đã click lưu. URL trước: https://tiepthisaigon.com.vn/admin/news_tb/field/id=4676/root_id=999
[09:26:37]     URL sau  : https://tiepthisaigon.com.vn/admin/news_tb/list/root_id=999
[09:26:37] [OK] Worker 4 xong dòng 2014 | 10 bài | 10.6 giây
[09:26:37] [GIAO] Worker 4 <- dòng 2846 | ID 7968
[09:26:37] Worker 4 | dòng 2846: Đang mở ID 7968
[09:26:38]     ID hiện tại: 4679 | đã chọn thêm: 4680, 4681, 4678, 4677, 4676
[09:26:38]     Tổng selected sau cùng: 5/5
[09:26:38] [2] Chọn danh mục: Doanh nghiệp
[09:26:38]     ID hiện tại: 4680 | đã chọn thêm: 4681, 4679, 4678, 4677, 4676
[09:26:38]     Tổng selected sau cùng: 5/5
[09:26:38] [2] Chọn danh mục: Doanh nghiệp
[09:26:38]     ID hiện tại: 4678 | đã chọn thêm: 4679, 4680, 4681, 4677, 4676
[09:26:38]     Tổng selected sau cùng: 5/5
[09:26:38] [2] Chọn danh mục: Doanh nghiệp
[09:26:38]     Phát hiện trang đăng nhập → tự nhập ID và mật khẩu...
[09:26:39]     Đã nhập ID/mật khẩu → click ĐĂNG NHẬP.
[09:26:39]     ID hiện tại: 4681 | đã chọn thêm: 4680, 4679, 4678, 4677, 4676
[09:26:39]     Tổng selected sau cùng: 5/5
[09:26:39] [2] Chọn danh mục: Doanh nghiệp
[09:26:39]     Đã chọn nhanh 5 bài, tổng hiện tại 10/10
[09:26:39]     Nhóm ID gần nhất: 5/5
[09:26:39]     ID nhóm gần nhất: 4681, 4680, 4678, 4677, 4676
[09:26:39]     Nhóm cùng danh mục "Doanh nghiệp": chọn thêm đến đủ 10
[09:26:39] Kết quả cuối: 10/10 bài liên quan.
[09:26:39]     Các ID selected: 4681, 4680, 4678, 4677, 4676, 4675, 4674, 4622, 4621, 4619
[09:26:39] [3] Lưu bài...
[09:26:39]     Đã chọn nhanh 5 bài, tổng hiện tại 10/10
[09:26:39]     Nhóm ID gần nhất: 5/5
[09:26:39]     ID nhóm gần nhất: 4681, 4679, 4678, 4677, 4676
[09:26:39]     Nhóm cùng danh mục "Doanh nghiệp": chọn thêm đến đủ 10
[09:26:39] Kết quả cuối: 10/10 bài liên quan.
[09:26:39]     Các ID selected: 4681, 4679, 4678, 4677, 4676, 4675, 4674, 4622, 4621, 4619
[09:26:39] [3] Lưu bài...
[09:26:40]     Đã chọn nhanh 5 bài, tổng hiện tại 10/10
[09:26:40]     Nhóm ID gần nhất: 5/5
[09:26:40]     ID nhóm gần nhất: 4681, 4680, 4679, 4677, 4676
[09:26:40]     Nhóm cùng danh mục "Doanh nghiệp": chọn thêm đến đủ 10
[09:26:40] Kết quả cuối: 10/10 bài liên quan.
[09:26:40]     Các ID selected: 4681, 4680, 4679, 4677, 4676, 4675, 4674, 4622, 4621, 4619
[09:26:40] [3] Lưu bài...
[09:26:40]     Đã chọn nhanh 5 bài, tổng hiện tại 10/10
[09:26:40]     Nhóm ID gần nhất: 5/5
[09:26:40]     ID nhóm gần nhất: 4680, 4679, 4678, 4677, 4676
[09:26:40]     Nhóm cùng danh mục "Doanh nghiệp": chọn thêm đến đủ 10
[09:26:40] Kết quả cuối: 10/10 bài liên quan.
[09:26:40]     Các ID selected: 4680, 4679, 4678, 4677, 4676, 4675, 4674, 4622, 4621, 4619
[09:26:40] [3] Lưu bài...
[09:26:42]     Đăng nhập thành công, đã vào đúng trang sửa bài.
[09:26:42] [1] Click Tải dữ liệu...
[09:26:42] Worker 4 | dòng 2846: Đang chọn bài liên quan
[09:26:42]     Đã click lưu. URL trước: https://tiepthisaigon.com.vn/admin/news_tb/field/id=4680/root_id=999
[09:26:42]     URL sau  : https://tiepthisaigon.com.vn/admin/news_tb/list/root_id=999
[09:26:42] [OK] Worker 3 xong dòng 2018 | 10 bài | 6.5 giây
[09:26:42] [GIAO] Worker 3 <- dòng 2847 | ID 7969
[09:26:42] Worker 3 | dòng 2847: Đang mở ID 7969
[09:26:42]     Đã click lưu. URL trước: https://tiepthisaigon.com.vn/admin/news_tb/field/id=4679/root_id=999
[09:26:42]     URL sau  : https://tiepthisaigon.com.vn/admin/news_tb/list/root_id=999
[09:26:42] [OK] Worker 1 xong dòng 2017 | 10 bài | 6.6 giây
[09:26:42] [GIAO] Worker 1 <- dòng 2848 | ID 7970
[09:26:42] Worker 1 | dòng 2848: Đang mở ID 7970
[09:26:42]     Đã click lưu. URL trước: https://tiepthisaigon.com.vn/admin/news_tb/field/id=4678/root_id=999
[09:26:42]     URL sau  : https://tiepthisaigon.com.vn/admin/news_tb/list/root_id=999
[09:26:42] [OK] Worker 5 xong dòng 2016 | 10 bài | 11.1 giây
[09:26:42] [GIAO] Worker 5 <- dòng 2849 | ID 7971
[09:26:42] Worker 5 | dòng 2849: Đang mở ID 7971
[09:26:42]     Đã tải dữ liệu bài liên quan.
[09:26:42] [2] Chọn danh mục: Tất cả
[09:26:42]     Đã click lưu. URL trước: https://tiepthisaigon.com.vn/admin/news_tb/field/id=4681/root_id=999
[09:26:43]     URL sau  : https://tiepthisaigon.com.vn/admin/news_tb/list/root_id=999
[09:26:43] [OK] Worker 2 xong dòng 2019 | 10 bài | 6.4 giây
[09:26:43] [GIAO] Worker 2 <- dòng 2850 | ID 7972
[09:26:43] Worker 2 | dòng 2850: Đang mở ID 7972
[09:26:43]     Phát hiện trang đăng nhập → tự nhập ID và mật khẩu...
[09:26:43]     Phát hiện trang đăng nhập → tự nhập ID và mật khẩu...
[09:26:43]     Phát hiện trang đăng nhập → tự nhập ID và mật khẩu...
[09:26:43]     Đã nhập ID/mật khẩu → click ĐĂNG NHẬP.
[09:26:43]     Phát hiện trang đăng nhập → tự nhập ID và mật khẩu...
[09:26:43]     Đã nhập ID/mật khẩu → click ĐĂNG NHẬP.
[09:26:43]     Đã nhập ID/mật khẩu → click ĐĂNG NHẬP.
[09:26:44]     Đã nhập ID/mật khẩu → click ĐĂNG NHẬP.
[09:26:44]     ID hiện tại: 7968 | đã chọn thêm: 7969, 7970, 7971, 7972, 7973
[09:26:44]     Tổng selected sau cùng: 5/5
[09:26:44] [2] Chọn danh mục: Doanh nhân
[09:26:44]     Đăng nhập thành công, đã vào đúng trang sửa bài.
[09:26:44] [1] Click Tải dữ liệu...
[09:26:44] Worker 1 | dòng 2848: Đang chọn bài liên quan
[09:26:45]     Đăng nhập thành công, đã vào đúng trang sửa bài.
[09:26:45] [1] Click Tải dữ liệu...
[09:26:45] Worker 3 | dòng 2847: Đang chọn bài liên quan
[09:26:45]     Đăng nhập thành công, đã vào đúng trang sửa bài.
[09:26:45] [1] Click Tải dữ liệu...
[09:26:45] Worker 2 | dòng 2850: Đang chọn bài liên quan
[09:26:45]     Đã tải dữ liệu bài liên quan.
[09:26:45] [2] Chọn danh mục: Tất cả
[09:26:45]     Đã chọn nhanh 2 bài, tổng hiện tại 7/10
[09:26:45]     Nhóm ID gần nhất: 5/5
[09:26:45]     ID nhóm gần nhất: 7973, 7972, 7971, 7970, 7969
[09:26:45]     Nhóm cùng danh mục "Doanh nhân": chọn thêm đến đủ 10
[09:26:45] Kết quả cuối: 7/10 bài liên quan.
[09:26:45]     Các ID selected: 7973, 7972, 7971, 7970, 7969, 7975, 7974
[09:26:45] [3] Lưu bài...
[09:26:45]     Đăng nhập thành công, đã vào đúng trang sửa bài.
[09:26:45] [1] Click Tải dữ liệu...
[09:26:45] Worker 5 | dòng 2849: Đang chọn bài liên quan
[09:26:45]     Đã tải dữ liệu bài liên quan.
[09:26:45] [2] Chọn danh mục: Tất cả
[09:26:45]     Đã tải dữ liệu bài liên quan.
[09:26:45] [2] Chọn danh mục: Tất cả
[09:26:46]     Đã tải dữ liệu bài liên quan.
[09:26:46] [2] Chọn danh mục: Tất cả
[09:26:46]     ID hiện tại: 7970 | đã chọn thêm: 7971, 7972, 7973, 7974, 7975
[09:26:46]     Tổng selected sau cùng: 5/5
[09:26:46] [2] Chọn danh mục: Doanh nhân
[09:26:47]     ID hiện tại: 7969 | đã chọn thêm: 7970, 7971, 7972, 7973, 7974
[09:26:47]     Tổng selected sau cùng: 5/5
[09:26:47] [2] Chọn danh mục: Doanh nhân
[09:26:47]     ID hiện tại: 7972 | đã chọn thêm: 7973, 7974, 7975, 7971, 7970
[09:26:47]     Tổng selected sau cùng: 5/5
[09:26:47] [2] Chọn danh mục: Doanh nhân
[09:26:47]     ID hiện tại: 7971 | đã chọn thêm: 7972, 7973, 7974, 7975, 7970
[09:26:47]     Tổng selected sau cùng: 5/5
[09:26:47] [2] Chọn danh mục: Doanh nhân
[09:26:48]     Đã click lưu. URL trước: https://vinabrand.vn/admin/news_tb/field/id=7968/root_id=999
[09:26:48]     Đã chọn nhanh 2 bài, tổng hiện tại 7/10
[09:26:48]     URL sau  : https://vinabrand.vn/admin/news_tb/list/root_id=999
[09:26:48] [OK] Worker 4 xong dòng 2846 | 7 bài | 10.4 giây
[09:26:48] [GIAO] Worker 4 <- dòng 2851 | ID 7973
[09:26:48] Worker 4 | dòng 2851: Đang mở ID 7973
[09:26:48]     Nhóm ID gần nhất: 5/5
[09:26:48]     ID nhóm gần nhất: 7975, 7974, 7973, 7972, 7971
[09:26:48]     Nhóm cùng danh mục "Doanh nhân": chọn thêm đến đủ 10
[09:26:48] Kết quả cuối: 7/10 bài liên quan.
[09:26:48]     Các ID selected: 7975, 7974, 7973, 7972, 7971, 7969, 7968
[09:26:48] [3] Lưu bài...
[09:26:48]     Đã chọn nhanh 2 bài, tổng hiện tại 7/10
[09:26:48]     Nhóm ID gần nhất: 5/5
[09:26:48]     ID nhóm gần nhất: 7974, 7973, 7972, 7971, 7970
[09:26:48]     Nhóm cùng danh mục "Doanh nhân": chọn thêm đến đủ 10
[09:26:48] Kết quả cuối: 7/10 bài liên quan.
[09:26:48]     Các ID selected: 7974, 7973, 7972, 7971, 7970, 7975, 7968
[09:26:48] [3] Lưu bài...
[09:26:48]     Đã ở đúng trang sửa bài, không cần đăng nhập.
[09:26:48] [1] Click Tải dữ liệu...
[09:26:48] Worker 4 | dòng 2851: Đang chọn bài liên quan
[09:26:48]     Đã chọn nhanh 2 bài, tổng hiện tại 7/10
[09:26:48]     Nhóm ID gần nhất: 5/5
[09:26:48]     ID nhóm gần nhất: 7975, 7974, 7973, 7971, 7970
[09:26:48]     Nhóm cùng danh mục "Doanh nhân": chọn thêm đến đủ 10
[09:26:48] Kết quả cuối: 7/10 bài liên quan.
[09:26:48]     Các ID selected: 7975, 7974, 7973, 7971, 7970, 7969, 7968
[09:26:48] [3] Lưu bài...
[09:26:48]     Đã chọn nhanh 2 bài, tổng hiện tại 7/10
[09:26:48]     Nhóm ID gần nhất: 5/5
[09:26:48]     ID nhóm gần nhất: 7975, 7974, 7973, 7972, 7970
[09:26:48]     Nhóm cùng danh mục "Doanh nhân": chọn thêm đến đủ 10
[09:26:48] Kết quả cuối: 7/10 bài liên quan.
[09:26:48]     Các ID selected: 7975, 7974, 7973, 7972, 7970, 7969, 7968
[09:26:48] [3] Lưu bài...
[09:26:49]     Đã tải dữ liệu bài liên quan.
[09:26:49] [2] Chọn danh mục: Tất cả
[09:26:50]     ID hiện tại: 7973 | đã chọn thêm: 7974, 7975, 7972, 7971, 7970
[09:26:50]     Tổng selected sau cùng: 5/5
[09:26:50] [2] Chọn danh mục: Doanh nhân
[09:26:50]     Đã click lưu. URL trước: https://vinabrand.vn/admin/news_tb/field/id=7970/root_id=999
[09:26:50]     URL sau  : https://vinabrand.vn/admin/news_tb/list/root_id=999
[09:26:50] [OK] Worker 1 xong dòng 2848 | 7 bài | 8.2 giây
[09:26:50] [GIAO] Worker 1 <- dòng 2852 | ID 7974
[09:26:50] Worker 1 | dòng 2852: Đang mở ID 7974
[09:26:51]     Đã click lưu. URL trước: https://vinabrand.vn/admin/news_tb/field/id=7969/root_id=999
[09:26:51]     URL sau  : https://vinabrand.vn/admin/news_tb/list/root_id=999
[09:26:51] [OK] Worker 3 xong dòng 2847 | 7 bài | 8.6 giây
[09:26:51] [GIAO] Worker 3 <- dòng 2853 | ID 7975
[09:26:51] Worker 3 | dòng 2853: Đang mở ID 7975
[09:26:51]     Đã ở đúng trang sửa bài, không cần đăng nhập.
[09:26:51] [1] Click Tải dữ liệu...
[09:26:51] Worker 1 | dòng 2852: Đang chọn bài liên quan
[09:26:51]     Đã click lưu. URL trước: https://vinabrand.vn/admin/news_tb/field/id=7972/root_id=999
[09:26:51]     URL sau  : https://vinabrand.vn/admin/news_tb/list/root_id=999
[09:26:51] [OK] Worker 2 xong dòng 2850 | 7 bài | 8.3 giây
[09:26:51]     Đã ở đúng trang sửa bài, không cần đăng nhập.
[09:26:51] [1] Click Tải dữ liệu...
[09:26:51] Worker 3 | dòng 2853: Đang chọn bài liên quan
[09:26:51]     Đã tải dữ liệu bài liên quan.
[09:26:51] [2] Chọn danh mục: Tất cả
[09:26:51]     Đã click lưu. URL trước: https://vinabrand.vn/admin/news_tb/field/id=7971/root_id=999
[09:26:51]     URL sau  : https://vinabrand.vn/admin/news_tb/list/root_id=999
[09:26:51] [OK] Worker 5 xong dòng 2849 | 7 bài | 8.9 giây
[09:26:51]     Đã tải dữ liệu bài liên quan.
[09:26:51] [2] Chọn danh mục: Tất cả
[09:26:52]     Đã chọn nhanh 2 bài, tổng hiện tại 7/10
[09:26:52]     Nhóm ID gần nhất: 5/5
[09:26:52]     ID nhóm gần nhất: 7975, 7974, 7972, 7971, 7970
[09:26:52]     Nhóm cùng danh mục "Doanh nhân": chọn thêm đến đủ 10
[09:26:52] Kết quả cuối: 7/10 bài liên quan.
[09:26:52]     Các ID selected: 7975, 7974, 7972, 7971, 7970, 7969, 7968
[09:26:52] [3] Lưu bài...
[09:26:52]     ID hiện tại: 7974 | đã chọn thêm: 7975, 7973, 7972, 7971, 7970
[09:26:52]     Tổng selected sau cùng: 5/5
[09:26:52] [2] Chọn danh mục: Doanh nhân
[09:26:53]     ID hiện tại: 7975 | đã chọn thêm: 7974, 7973, 7972, 7971, 7970
[09:26:53]     Tổng selected sau cùng: 5/5
[09:26:53] [2] Chọn danh mục: Doanh nhân
[09:26:54]     Đã chọn nhanh 2 bài, tổng hiện tại 7/10
[09:26:54]     Nhóm ID gần nhất: 5/5
[09:26:54]     ID nhóm gần nhất: 7975, 7973, 7972, 7971, 7970
[09:26:54]     Nhóm cùng danh mục "Doanh nhân": chọn thêm đến đủ 10
[09:26:54] Kết quả cuối: 7/10 bài liên quan.
[09:26:54]     Các ID selected: 7975, 7973, 7972, 7971, 7970, 7969, 7968
[09:26:54] [3] Lưu bài...
[09:26:54]     Đã click lưu. URL trước: https://vinabrand.vn/admin/news_tb/field/id=7973/root_id=999
[09:26:54]     URL sau  : https://vinabrand.vn/admin/news_tb/list/root_id=999
[09:26:54] [OK] Worker 4 xong dòng 2851 | 7 bài | 6.5 giây
[09:26:54]     Đã chọn nhanh 2 bài, tổng hiện tại 7/10
[09:26:54]     Nhóm ID gần nhất: 5/5
[09:26:54]     ID nhóm gần nhất: 7974, 7973, 7972, 7971, 7970
[09:26:54]     Nhóm cùng danh mục "Doanh nhân": chọn thêm đến đủ 10
[09:26:54] Kết quả cuối: 7/10 bài liên quan.
[09:26:54]     Các ID selected: 7974, 7973, 7972, 7971, 7970, 7969, 7968
[09:26:54] [3] Lưu bài...
[09:26:56]     Đã click lưu. URL trước: https://vinabrand.vn/admin/news_tb/field/id=7974/root_id=999
[09:26:56]     URL sau  : https://vinabrand.vn/admin/news_tb/list/root_id=999
[09:26:56] [OK] Worker 1 xong dòng 2852 | 7 bài | 6.1 giây
[09:26:57]     Đã click lưu. URL trước: https://vinabrand.vn/admin/news_tb/field/id=7975/root_id=999
[09:26:57]     URL sau  : https://vinabrand.vn/admin/news_tb/list/root_id=999
[09:26:57] [OK] Worker 3 xong dòng 2853 | 7 bài | 6.2 giây
[09:27:01] ========================================================================
[09:27:01] Hoàn thành: 36/36 bài.
[09:27:01] Kết quả: THÀNH CÔNG
[09:27:01] ========================================================================

========================================================================
Kết thúc: 2026-08-04 09:27:01
Mã thoát: 0
Thời gian: 74.43 giây
