HOTKEYVIP STUDIO - NHẬT KÝ CHẠY PYTHON
File: D:\CodexProjects\Hotkeyvip\03_dang_bai\phu_tro\Vip_baivietlienquan_3_luong.py
Bắt đầu: 2026-07-30 09:02:22
========================================================================
Chọn số luồng [3/5] (nhấn Enter = 3): Đã kết nối Excel đang mở: hotkeyvip_test.xlsm
========================================================================
ĐÃ CHỐT 16 BÀI | CHẠY 5 WORKER
Profile: D:\CodexProjects\Hotkeyvip\02_viet_bai\du_lieu_3_workers\profiles
========================================================================
Worker 5: sẵn sàng.
[GIAO] Worker 5 <- dòng 165 | ID 4096
Worker 5 | dòng 165: Đang mở ID 4096
Worker 4: sẵn sàng.
[GIAO] Worker 4 <- dòng 166 | ID 4097
Worker 4 | dòng 166: Đang mở ID 4097
Worker 1: sẵn sàng.
[GIAO] Worker 1 <- dòng 167 | ID 4098
Worker 1 | dòng 167: Đang mở ID 4098
Worker 3: sẵn sàng.
[GIAO] Worker 3 <- dòng 168 | ID 4099
Worker 3 | dòng 168: Đang mở ID 4099
Worker 2: sẵn sàng.
[GIAO] Worker 2 <- dòng 169 | ID 4100
Worker 2 | dòng 169: Đang mở ID 4100
    Đã ở đúng trang sửa bài, không cần đăng nhập.
[1] Click Tải dữ liệu...
Worker 4 | dòng 166: Đang chọn bài liên quan
    Đã tải dữ liệu bài liên quan.
[2] Chọn danh mục: Tất cả
    ID hiện tại: 4097 | đã chọn thêm: 4098, 4099, 4100, 4101, 4096, 4095, 4094, 4093, 4092, 4091
    Tổng selected sau cùng: 10/10
Kết quả cuối: 10/10 bài liên quan.
    Các ID selected: 4101, 4100, 4099, 4098, 4096, 4095, 4094, 4093, 4092, 4091
[3] Lưu bài...
    Đã ở đúng trang sửa bài, không cần đăng nhập.
[1] Click Tải dữ liệu...
Worker 2 | dòng 169: Đang chọn bài liên quan
    Đã tải dữ liệu bài liên quan.
[2] Chọn danh mục: Tất cả
    Đã ở đúng trang sửa bài, không cần đăng nhập.
[1] Click Tải dữ liệu...
Worker 3 | dòng 168: Đang chọn bài liên quan
    Đã ở đúng trang sửa bài, không cần đăng nhập.
[1] Click Tải dữ liệu...
Worker 1 | dòng 167: Đang chọn bài liên quan
    Đã tải dữ liệu bài liên quan.
[2] Chọn danh mục: Tất cả
    Đã tải dữ liệu bài liên quan.
[2] Chọn danh mục: Tất cả
    Đã ở đúng trang sửa bài, không cần đăng nhập.
[1] Click Tải dữ liệu...
Worker 5 | dòng 165: Đang chọn bài liên quan
    ID hiện tại: 4100 | đã chọn thêm: 4101, 4099, 4098, 4097, 4096, 4095, 4094, 4093, 4092, 4091
    Tổng selected sau cùng: 10/10
Kết quả cuối: 10/10 bài liên quan.
    Các ID selected: 4101, 4099, 4098, 4097, 4096, 4095, 4094, 4093, 4092, 4091
[3] Lưu bài...
    Đã tải dữ liệu bài liên quan.
[2] Chọn danh mục: Tất cả
    ID hiện tại: 4099 | đã chọn thêm: 4100, 4101, 4098, 4097, 4096, 4095, 4094, 4093, 4092, 4091
    Tổng selected sau cùng: 10/10
Kết quả cuối: 10/10 bài liên quan.
    Các ID selected: 4101, 4100, 4098, 4097, 4096, 4095, 4094, 4093, 4092, 4091
[3] Lưu bài...
    ID hiện tại: 4098 | đã chọn thêm: 4099, 4100, 4101, 4097, 4096, 4095, 4094, 4093, 4092, 4091
    Tổng selected sau cùng: 10/10
Kết quả cuối: 10/10 bài liên quan.
    Các ID selected: 4101, 4100, 4099, 4097, 4096, 4095, 4094, 4093, 4092, 4091
[3] Lưu bài...
    ID hiện tại: 4096 | đã chọn thêm: 4097, 4098, 4099, 4100, 4101, 4095, 4094, 4093, 4092, 4091
    Tổng selected sau cùng: 10/10
Kết quả cuối: 10/10 bài liên quan.
    Các ID selected: 4101, 4100, 4099, 4098, 4097, 4095, 4094, 4093, 4092, 4091
[3] Lưu bài...
    Đã click lưu. URL trước: https://congdongkinhdoanh.com/admin/news_tb/field/id=4097/root_id=999
    URL sau  : https://congdongkinhdoanh.com/admin/news_tb/list/root_id=999
[OK] Worker 4 xong dòng 166 | 10 bài | 35.0 giây
[GIAO] Worker 4 <- dòng 170 | ID 4101
Worker 4 | dòng 170: Đang mở ID 4101
    Đã ở đúng trang sửa bài, không cần đăng nhập.
[1] Click Tải dữ liệu...
Worker 4 | dòng 170: Đang chọn bài liên quan
    Đã tải dữ liệu bài liên quan.
[2] Chọn danh mục: Tất cả
    Đã click lưu. URL trước: https://congdongkinhdoanh.com/admin/news_tb/field/id=4099/root_id=999
    URL sau  : https://congdongkinhdoanh.com/admin/news_tb/list/root_id=999
    Đã click lưu. URL trước: https://congdongkinhdoanh.com/admin/news_tb/field/id=4100/root_id=999
    URL sau  : https://congdongkinhdoanh.com/admin/news_tb/list/root_id=999
[OK] Worker 3 xong dòng 168 | 10 bài | 36.5 giây
[GIAO] Worker 3 <- dòng 294 | ID 5106
    Đã click lưu. URL trước: https://congdongkinhdoanh.com/admin/news_tb/field/id=4098/root_id=999
    URL sau  : https://congdongkinhdoanh.com/admin/news_tb/list/root_id=999
    ID hiện tại: 4101 | đã chọn thêm: 4100, 4099, 4098, 4097, 4096, 4095, 4094, 4093, 4092, 4091
    Tổng selected sau cùng: 10/10
Kết quả cuối: 10/10 bài liên quan.
    Các ID selected: 4100, 4099, 4098, 4097, 4096, 4095, 4094, 4093, 4092, 4091
[3] Lưu bài...
[OK] Worker 2 xong dòng 169 | 10 bài | 37.1 giây
[GIAO] Worker 2 <- dòng 295 | ID 5107
Worker 3 | dòng 294: Đang mở ID 5106
    Đã click lưu. URL trước: https://congdongkinhdoanh.com/admin/news_tb/field/id=4101/root_id=999
    URL sau  : https://congdongkinhdoanh.com/admin/news_tb/list/root_id=999
[OK] Worker 1 xong dòng 167 | 10 bài | 38.3 giây
[GIAO] Worker 1 <- dòng 296 | ID 5108
Worker 2 | dòng 295: Đang mở ID 5107
    Đã click lưu. URL trước: https://congdongkinhdoanh.com/admin/news_tb/field/id=4096/root_id=999
    URL sau  : https://congdongkinhdoanh.com/admin/news_tb/list/root_id=999
[OK] Worker 4 xong dòng 170 | 10 bài | 5.4 giây
[GIAO] Worker 4 <- dòng 297 | ID 5109
Worker 1 | dòng 296: Đang mở ID 5108
[OK] Worker 5 xong dòng 165 | 10 bài | 43.5 giây
[GIAO] Worker 5 <- dòng 298 | ID 5110
Worker 4 | dòng 297: Đang mở ID 5109
Worker 5 | dòng 298: Đang mở ID 5110
    Đã ở đúng trang sửa bài, không cần đăng nhập.
[1] Click Tải dữ liệu...
Worker 2 | dòng 295: Đang chọn bài liên quan
    Đã tải dữ liệu bài liên quan.
[2] Chọn danh mục: Tất cả
    Đã ở đúng trang sửa bài, không cần đăng nhập.
[1] Click Tải dữ liệu...
Worker 3 | dòng 294: Đang chọn bài liên quan
    Đã ở đúng trang sửa bài, không cần đăng nhập.
[1] Click Tải dữ liệu...
Worker 1 | dòng 296: Đang chọn bài liên quan
    ID hiện tại: 5107 | đã chọn thêm: 5108, 5109, 5110, 5111, 5112, 5113, 5114, 5115, 5106, 5105
    Tổng selected sau cùng: 10/10
Kết quả cuối: 10/10 bài liên quan.
    Các ID selected: 5115, 5114, 5113, 5112, 5111, 5110, 5109, 5108, 5106, 5105
[3] Lưu bài...
    Đã tải dữ liệu bài liên quan.
[2] Chọn danh mục: Tất cả
    Đã tải dữ liệu bài liên quan.
[2] Chọn danh mục: Tất cả
    Đã ở đúng trang sửa bài, không cần đăng nhập.
[1] Click Tải dữ liệu...
Worker 5 | dòng 298: Đang chọn bài liên quan
    Đã ở đúng trang sửa bài, không cần đăng nhập.
[1] Click Tải dữ liệu...
Worker 4 | dòng 297: Đang chọn bài liên quan
    ID hiện tại: 5106 | đã chọn thêm: 5107, 5108, 5109, 5110, 5111, 5112, 5113, 5114, 5115, 5105
    Tổng selected sau cùng: 10/10
Kết quả cuối: 10/10 bài liên quan.
    Các ID selected: 5115, 5114, 5113, 5112, 5111, 5110, 5109, 5108, 5107, 5105
[3] Lưu bài...
    Đã tải dữ liệu bài liên quan.
[2] Chọn danh mục: Tất cả
    ID hiện tại: 5108 | đã chọn thêm: 5109, 5110, 5111, 5112, 5113, 5114, 5115, 5107, 5106, 5105
    Tổng selected sau cùng: 10/10
Kết quả cuối: 10/10 bài liên quan.
    Các ID selected: 5115, 5114, 5113, 5112, 5111, 5110, 5109, 5107, 5106, 5105
[3] Lưu bài...
    Đã tải dữ liệu bài liên quan.
[2] Chọn danh mục: Tất cả
    ID hiện tại: 5110 | đã chọn thêm: 5111, 5112, 5113, 5114, 5115, 5109, 5108, 5107, 5106, 5105
    Tổng selected sau cùng: 10/10
Kết quả cuối: 10/10 bài liên quan.
    Các ID selected: 5115, 5114, 5113, 5112, 5111, 5109, 5108, 5107, 5106, 5105
[3] Lưu bài...
    ID hiện tại: 5109 | đã chọn thêm: 5110, 5111, 5112, 5113, 5114, 5115, 5108, 5107, 5106, 5105
    Tổng selected sau cùng: 10/10
Kết quả cuối: 10/10 bài liên quan.
    Các ID selected: 5115, 5114, 5113, 5112, 5111, 5110, 5108, 5107, 5106, 5105
[3] Lưu bài...
    Đã click lưu. URL trước: https://doanhnhanduongthoi.com/admin/news_tb/field/id=5106/root_id=999
    URL sau  : https://doanhnhanduongthoi.com/admin/news_tb/list/root_id=999
    Đã click lưu. URL trước: https://doanhnhanduongthoi.com/admin/news_tb/field/id=5107/root_id=999
    URL sau  : https://doanhnhanduongthoi.com/admin/news_tb/list/root_id=999
[OK] Worker 3 xong dòng 294 | 10 bài | 28.6 giây
[GIAO] Worker 3 <- dòng 299 | ID 5111
    Đã ở đúng trang sửa bài, không cần đăng nhập.
[1] Click Tải dữ liệu...
    Đã tải dữ liệu bài liên quan.
[2] Chọn danh mục: Tất cả
[OK] Worker 2 xong dòng 295 | 10 bài | 27.6 giây
[GIAO] Worker 2 <- dòng 300 | ID 5112
Worker 3 | dòng 299: Đang mở ID 5111
Worker 3 | dòng 299: Đang chọn bài liên quan
Worker 2 | dòng 300: Đang mở ID 5112
    Đã ở đúng trang sửa bài, không cần đăng nhập.
[1] Click Tải dữ liệu...
Worker 2 | dòng 300: Đang chọn bài liên quan
    Đã click lưu. URL trước: https://doanhnhanduongthoi.com/admin/news_tb/field/id=5108/root_id=999
    URL sau  : https://doanhnhanduongthoi.com/admin/news_tb/list/root_id=999
    Đã tải dữ liệu bài liên quan.
[2] Chọn danh mục: Tất cả
[OK] Worker 1 xong dòng 296 | 10 bài | 27.0 giây
[GIAO] Worker 1 <- dòng 301 | ID 5114
Worker 1 | dòng 301: Đang mở ID 5114
    ID hiện tại: 5111 | đã chọn thêm: 5112, 5113, 5114, 5115, 5110, 5109, 5108, 5107, 5106, 5105
    Tổng selected sau cùng: 10/10
Kết quả cuối: 10/10 bài liên quan.
    Các ID selected: 5115, 5114, 5113, 5112, 5110, 5109, 5108, 5107, 5106, 5105
[3] Lưu bài...
    Đã ở đúng trang sửa bài, không cần đăng nhập.
[1] Click Tải dữ liệu...
Worker 1 | dòng 301: Đang chọn bài liên quan
    Đã tải dữ liệu bài liên quan.
[2] Chọn danh mục: Tất cả
    ID hiện tại: 5112 | đã chọn thêm: 5113, 5114, 5115, 5111, 5110, 5109, 5108, 5107, 5106, 5105
    Tổng selected sau cùng: 10/10
Kết quả cuối: 10/10 bài liên quan.
    Các ID selected: 5115, 5114, 5113, 5111, 5110, 5109, 5108, 5107, 5106, 5105
[3] Lưu bài...
    ID hiện tại: 5114 | đã chọn thêm: 5115, 5113, 5112, 5111, 5110, 5109, 5108, 5107, 5106, 5105
    Tổng selected sau cùng: 10/10
Kết quả cuối: 10/10 bài liên quan.
    Các ID selected: 5115, 5113, 5112, 5111, 5110, 5109, 5108, 5107, 5106, 5105
[3] Lưu bài...
    Đã click lưu. URL trước: https://doanhnhanduongthoi.com/admin/news_tb/field/id=5110/root_id=999
    URL sau  : https://doanhnhanduongthoi.com/admin/news_tb/list/root_id=999
    Đã click lưu. URL trước: https://doanhnhanduongthoi.com/admin/news_tb/field/id=5109/root_id=999
    URL sau  : https://doanhnhanduongthoi.com/admin/news_tb/list/root_id=999
    Đã click lưu. URL trước: https://doanhnhanduongthoi.com/admin/news_tb/field/id=5111/root_id=999
    URL sau  : https://doanhnhanduongthoi.com/admin/news_tb/list/root_id=999
    Đã click lưu. URL trước: https://doanhnhanduongthoi.com/admin/news_tb/field/id=5112/root_id=999
    URL sau  : https://doanhnhanduongthoi.com/admin/news_tb/list/root_id=999
[OK] Worker 5 xong dòng 298 | 10 bài | 26.3 giây
[GIAO] Worker 5 <- dòng 302 | ID 5113
    Đã ở đúng trang sửa bài, không cần đăng nhập.
[1] Click Tải dữ liệu...
    Đã tải dữ liệu bài liên quan.
[2] Chọn danh mục: Tất cả
[OK] Worker 4 xong dòng 297 | 10 bài | 28.0 giây
[GIAO] Worker 4 <- dòng 303 | ID 5115
    Đã ở đúng trang sửa bài, không cần đăng nhập.
[1] Click Tải dữ liệu...
    Đã click lưu. URL trước: https://doanhnhanduongthoi.com/admin/news_tb/field/id=5114/root_id=999
    URL sau  : https://doanhnhanduongthoi.com/admin/news_tb/list/root_id=999
[OK] Worker 3 xong dòng 299 | 10 bài | 5.4 giây
    Đã tải dữ liệu bài liên quan.
[2] Chọn danh mục: Tất cả
    ID hiện tại: 5113 | đã chọn thêm: 5114, 5115, 5112, 5111, 5110, 5109, 5108, 5107, 5106, 5105
    Tổng selected sau cùng: 10/10
Kết quả cuối: 10/10 bài liên quan.
    Các ID selected: 5115, 5114, 5112, 5111, 5110, 5109, 5108, 5107, 5106, 5105
[3] Lưu bài...
[OK] Worker 2 xong dòng 300 | 10 bài | 5.4 giây
Worker 5 | dòng 302: Đang mở ID 5113
Worker 5 | dòng 302: Đang chọn bài liên quan
Worker 4 | dòng 303: Đang mở ID 5115
Worker 4 | dòng 303: Đang chọn bài liên quan
    ID hiện tại: 5115 | đã chọn thêm: 5114, 5113, 5112, 5111, 5110, 5109, 5108, 5107, 5106, 5105
    Tổng selected sau cùng: 10/10
Kết quả cuối: 10/10 bài liên quan.
    Các ID selected: 5114, 5113, 5112, 5111, 5110, 5109, 5108, 5107, 5106, 5105
[3] Lưu bài...
[OK] Worker 1 xong dòng 301 | 10 bài | 5.9 giây
    Đã click lưu. URL trước: https://doanhnhanduongthoi.com/admin/news_tb/field/id=5113/root_id=999
    URL sau  : https://doanhnhanduongthoi.com/admin/news_tb/list/root_id=999
    Đã click lưu. URL trước: https://doanhnhanduongthoi.com/admin/news_tb/field/id=5115/root_id=999
    URL sau  : https://doanhnhanduongthoi.com/admin/news_tb/list/root_id=999
[OK] Worker 5 xong dòng 302 | 10 bài | 5.5 giây
[OK] Worker 4 xong dòng 303 | 10 bài | 5.6 giây
========================================================================
Hoàn thành: 16/16 bài.
Kết quả: THÀNH CÔNG
========================================================================

========================================================================
Kết thúc: 2026-07-30 09:04:10
Mã thoát: 0
Thời gian: 107.54 giây
