HOTKEYVIP STUDIO - NHẬT KÝ CHẠY PYTHON
File: D:\CodexProjects\Hotkeyvip\03_dang_bai\phu_tro\Vip_baivietlienquan_3_luong.py
Bắt đầu: 2026-08-02 10:04:43
========================================================================
[10:04:46] Chọn số luồng [3/5] (nhấn Enter = 3): Đã kết nối Excel đang mở: hotkeyvip_test.xlsm
[10:04:46] ========================================================================
[10:04:46] ĐÃ CHỐT 23 BÀI | CHẠY 3 WORKER
[10:04:46] Profile: D:\CodexProjects\Hotkeyvip\02_viet_bai\du_lieu_3_workers\profiles
[10:04:46] ========================================================================
[10:04:48] Worker 1: sẵn sàng.
[10:04:48] [GIAO] Worker 1 <- dòng 191 | ID 4120
[10:04:48] Worker 1 | dòng 191: Đang mở ID 4120
[10:04:48] Worker 3: sẵn sàng.
[10:04:48] [GIAO] Worker 3 <- dòng 192 | ID 4126
[10:04:48] Worker 3 | dòng 192: Đang mở ID 4126
[10:04:48] Worker 2: sẵn sàng.
[10:04:48] [GIAO] Worker 2 <- dòng 193 | ID 4123
[10:04:48] Worker 2 | dòng 193: Đang mở ID 4123
[10:04:49]     Đã ở đúng trang sửa bài, không cần đăng nhập.
[10:04:49] [1] Click Tải dữ liệu...
[10:04:49] Worker 1 | dòng 191: Đang chọn bài liên quan
[10:04:49]     Đã ở đúng trang sửa bài, không cần đăng nhập.
[10:04:49] [1] Click Tải dữ liệu...
[10:04:49] Worker 3 | dòng 192: Đang chọn bài liên quan
[10:04:49]     Đã ở đúng trang sửa bài, không cần đăng nhập.
[10:04:49] [1] Click Tải dữ liệu...
[10:04:49] Worker 2 | dòng 193: Đang chọn bài liên quan
[10:04:49]     Đã tải dữ liệu bài liên quan.
[10:04:49] [2] Chọn danh mục: Tất cả
[10:04:49]     Đã tải dữ liệu bài liên quan.
[10:04:49] [2] Chọn danh mục: Tất cả
[10:04:50]     Đã tải dữ liệu bài liên quan.
[10:04:50] [2] Chọn danh mục: Tất cả
[10:04:51]     ID hiện tại: 4120 | đã chọn thêm: 4121, 4122, 4123, 4124, 4125
[10:04:51]     Tổng selected sau cùng: 5/5
[10:04:51] [2] Chọn danh mục: Marketing
[10:04:51]     ID hiện tại: 4126 | đã chọn thêm: 4125, 4124, 4123, 4122, 4121
[10:04:51]     Tổng selected sau cùng: 5/5
[10:04:51] [2] Chọn danh mục: Marketing
[10:04:51]     ID hiện tại: 4123 | đã chọn thêm: 4124, 4125, 4126, 4122, 4121
[10:04:51]     Tổng selected sau cùng: 5/5
[10:04:51] [2] Chọn danh mục: Marketing
[10:04:52]     Đã chọn nhanh 5 bài, tổng hiện tại 10/10
[10:04:52]     Nhóm ID gần nhất: 5/5
[10:04:52]     ID nhóm gần nhất: 4125, 4124, 4123, 4122, 4121
[10:04:52]     Nhóm cùng danh mục "Marketing": chọn thêm đến đủ 10
[10:04:52] Kết quả cuối: 10/10 bài liên quan.
[10:04:52]     Các ID selected: 4125, 4124, 4123, 4122, 4121, 4126, 4091, 4090, 4089, 4088
[10:04:52] [3] Lưu bài...
[10:04:52]     Đã chọn nhanh 5 bài, tổng hiện tại 10/10
[10:04:52]     Nhóm ID gần nhất: 5/5
[10:04:52]     ID nhóm gần nhất: 4125, 4124, 4123, 4122, 4121
[10:04:52]     Nhóm cùng danh mục "Marketing": chọn thêm đến đủ 10
[10:04:52] Kết quả cuối: 10/10 bài liên quan.
[10:04:52]     Các ID selected: 4125, 4124, 4123, 4122, 4121, 4120, 4091, 4090, 4089, 4088
[10:04:52] [3] Lưu bài...
[10:04:53]     Đã chọn nhanh 5 bài, tổng hiện tại 10/10
[10:04:53]     Nhóm ID gần nhất: 5/5
[10:04:53]     ID nhóm gần nhất: 4126, 4125, 4124, 4122, 4121
[10:04:53]     Nhóm cùng danh mục "Marketing": chọn thêm đến đủ 10
[10:04:53] Kết quả cuối: 10/10 bài liên quan.
[10:04:53]     Các ID selected: 4126, 4125, 4124, 4122, 4121, 4120, 4091, 4090, 4089, 4088
[10:04:53] [3] Lưu bài...
[10:04:55]     Đã click lưu. URL trước: https://congdongkinhdoanh.com/admin/news_tb/field/id=4126/root_id=999
[10:04:55]     URL sau  : https://congdongkinhdoanh.com/admin/news_tb/list/root_id=999
[10:04:55]     Đã click lưu. URL trước: https://congdongkinhdoanh.com/admin/news_tb/field/id=4120/root_id=999
[10:04:55]     URL sau  : https://congdongkinhdoanh.com/admin/news_tb/list/root_id=999
[10:04:55]     Đã click lưu. URL trước: https://congdongkinhdoanh.com/admin/news_tb/field/id=4123/root_id=999
[10:04:55]     URL sau  : https://congdongkinhdoanh.com/admin/news_tb/list/root_id=999
[10:04:56] [OK] Worker 3 xong dòng 192 | 10 bài | 7.2 giây
[10:04:56] [GIAO] Worker 3 <- dòng 194 | ID 4124
[10:04:56] [OK] Worker 1 xong dòng 191 | 10 bài | 7.3 giây
[10:04:56] [GIAO] Worker 1 <- dòng 195 | ID 4125
[10:04:56]     Đã ở đúng trang sửa bài, không cần đăng nhập.
[10:04:56] [1] Click Tải dữ liệu...
[10:04:57] [OK] Worker 2 xong dòng 193 | 10 bài | 7.1 giây
[10:04:57] [GIAO] Worker 2 <- dòng 319 | ID 5131
[10:04:57] Worker 3 | dòng 194: Đang mở ID 4124
[10:04:57] Worker 1 | dòng 195: Đang mở ID 4125
[10:04:57] Worker 3 | dòng 194: Đang chọn bài liên quan
[10:04:57] Worker 2 | dòng 319: Đang mở ID 5131
[10:04:57]     Đã ở đúng trang sửa bài, không cần đăng nhập.
[10:04:57] [1] Click Tải dữ liệu...
[10:04:57] Worker 1 | dòng 195: Đang chọn bài liên quan
[10:04:57]     Đã tải dữ liệu bài liên quan.
[10:04:57] [2] Chọn danh mục: Tất cả
[10:04:57]     Đã tải dữ liệu bài liên quan.
[10:04:57] [2] Chọn danh mục: Tất cả
[10:04:58]     Đã ở đúng trang sửa bài, không cần đăng nhập.
[10:04:58] [1] Click Tải dữ liệu...
[10:04:58] Worker 2 | dòng 319: Đang chọn bài liên quan
[10:04:58]     ID hiện tại: 4124 | đã chọn thêm: 4125, 4126, 4123, 4122, 4121
[10:04:58]     Tổng selected sau cùng: 5/5
[10:04:58] [2] Chọn danh mục: Marketing
[10:04:58]     Đã tải dữ liệu bài liên quan.
[10:04:58] [2] Chọn danh mục: Tất cả
[10:04:59]     ID hiện tại: 4125 | đã chọn thêm: 4126, 4124, 4123, 4122, 4121
[10:04:59]     Tổng selected sau cùng: 5/5
[10:04:59] [2] Chọn danh mục: Marketing
[10:05:00]     Đã chọn nhanh 5 bài, tổng hiện tại 10/10
[10:05:00]     Nhóm ID gần nhất: 5/5
[10:05:00]     ID nhóm gần nhất: 4126, 4125, 4123, 4122, 4121
[10:05:00]     Nhóm cùng danh mục "Marketing": chọn thêm đến đủ 10
[10:05:00] Kết quả cuối: 10/10 bài liên quan.
[10:05:00]     Các ID selected: 4126, 4125, 4123, 4122, 4121, 4120, 4091, 4090, 4089, 4088
[10:05:00] [3] Lưu bài...
[10:05:00]     ID hiện tại: 5131 | đã chọn thêm: 5132, 5133, 5134, 5135, 5136
[10:05:00]     Tổng selected sau cùng: 5/5
[10:05:00] [2] Chọn danh mục: Đầu tư
[10:05:00]     Đã chọn nhanh 5 bài, tổng hiện tại 10/10
[10:05:00]     Nhóm ID gần nhất: 5/5
[10:05:00]     ID nhóm gần nhất: 4126, 4124, 4123, 4122, 4121
[10:05:00]     Nhóm cùng danh mục "Marketing": chọn thêm đến đủ 10
[10:05:00] Kết quả cuối: 10/10 bài liên quan.
[10:05:00]     Các ID selected: 4126, 4124, 4123, 4122, 4121, 4120, 4091, 4090, 4089, 4088
[10:05:00] [3] Lưu bài...
[10:05:02]     Đã chọn nhanh 5 bài, tổng hiện tại 10/10
[10:05:02]     Nhóm ID gần nhất: 5/5
[10:05:02]     ID nhóm gần nhất: 5136, 5135, 5134, 5133, 5132
[10:05:02]     Nhóm cùng danh mục "Đầu tư": chọn thêm đến đủ 10
[10:05:02] Kết quả cuối: 10/10 bài liên quan.
[10:05:02]     Các ID selected: 5136, 5135, 5134, 5133, 5132, 5138, 5137, 5091, 5060, 5059
[10:05:02] [3] Lưu bài...
[10:05:02]     Đã click lưu. URL trước: https://congdongkinhdoanh.com/admin/news_tb/field/id=4124/root_id=999
[10:05:02]     URL sau  : https://congdongkinhdoanh.com/admin/news_tb/list/root_id=999
[10:05:03] [OK] Worker 3 xong dòng 194 | 10 bài | 6.7 giây
[10:05:03] [GIAO] Worker 3 <- dòng 320 | ID 5132
[10:05:03] Worker 3 | dòng 320: Đang mở ID 5132
[10:05:03]     Đã click lưu. URL trước: https://congdongkinhdoanh.com/admin/news_tb/field/id=4125/root_id=999
[10:05:03]     URL sau  : https://congdongkinhdoanh.com/admin/news_tb/list/root_id=999
[10:05:03] [OK] Worker 1 xong dòng 195 | 10 bài | 6.8 giây
[10:05:03] [GIAO] Worker 1 <- dòng 321 | ID 5133
[10:05:03] Worker 1 | dòng 321: Đang mở ID 5133
[10:05:04]     Đã ở đúng trang sửa bài, không cần đăng nhập.
[10:05:04] [1] Click Tải dữ liệu...
[10:05:04] Worker 3 | dòng 320: Đang chọn bài liên quan
[10:05:04]     Đã click lưu. URL trước: https://doanhnhanduongthoi.com/admin/news_tb/field/id=5131/root_id=999
[10:05:04]     URL sau  : https://doanhnhanduongthoi.com/admin/news_tb/list/root_id=999
[10:05:05]     Đã tải dữ liệu bài liên quan.
[10:05:05] [2] Chọn danh mục: Tất cả
[10:05:05]     Đã ở đúng trang sửa bài, không cần đăng nhập.
[10:05:05] [1] Click Tải dữ liệu...
[10:05:05] [OK] Worker 2 xong dòng 319 | 10 bài | 7.8 giây
[10:05:05] [GIAO] Worker 2 <- dòng 322 | ID 5134
[10:05:05] Worker 1 | dòng 321: Đang chọn bài liên quan
[10:05:05] Worker 2 | dòng 322: Đang mở ID 5134
[10:05:05]     Đã tải dữ liệu bài liên quan.
[10:05:05] [2] Chọn danh mục: Tất cả
[10:05:05]     Đã ở đúng trang sửa bài, không cần đăng nhập.
[10:05:05] [1] Click Tải dữ liệu...
[10:05:05] Worker 2 | dòng 322: Đang chọn bài liên quan
[10:05:06]     Đã tải dữ liệu bài liên quan.
[10:05:06] [2] Chọn danh mục: Tất cả
[10:05:06]     ID hiện tại: 5132 | đã chọn thêm: 5133, 5134, 5135, 5136, 5137
[10:05:06]     Tổng selected sau cùng: 5/5
[10:05:06] [2] Chọn danh mục: Đầu tư
[10:05:07]     ID hiện tại: 5133 | đã chọn thêm: 5134, 5135, 5136, 5137, 5138
[10:05:07]     Tổng selected sau cùng: 5/5
[10:05:07] [2] Chọn danh mục: Đầu tư
[10:05:08]     ID hiện tại: 5134 | đã chọn thêm: 5135, 5136, 5137, 5138, 5133
[10:05:08]     Tổng selected sau cùng: 5/5
[10:05:08] [2] Chọn danh mục: Đầu tư
[10:05:08]     Đã chọn nhanh 5 bài, tổng hiện tại 10/10
[10:05:08]     Nhóm ID gần nhất: 5/5
[10:05:08]     ID nhóm gần nhất: 5137, 5136, 5135, 5134, 5133
[10:05:08]     Nhóm cùng danh mục "Đầu tư": chọn thêm đến đủ 10
[10:05:08] Kết quả cuối: 10/10 bài liên quan.
[10:05:08]     Các ID selected: 5137, 5136, 5135, 5134, 5133, 5138, 5131, 5091, 5060, 5059
[10:05:08] [3] Lưu bài...
[10:05:08]     Đã chọn nhanh 5 bài, tổng hiện tại 10/10
[10:05:08]     Nhóm ID gần nhất: 5/5
[10:05:08]     ID nhóm gần nhất: 5138, 5137, 5136, 5135, 5134
[10:05:08]     Nhóm cùng danh mục "Đầu tư": chọn thêm đến đủ 10
[10:05:08] Kết quả cuối: 10/10 bài liên quan.
[10:05:08]     Các ID selected: 5138, 5137, 5136, 5135, 5134, 5132, 5131, 5091, 5060, 5059
[10:05:08] [3] Lưu bài...
[10:05:09]     Đã chọn nhanh 5 bài, tổng hiện tại 10/10
[10:05:09]     Nhóm ID gần nhất: 5/5
[10:05:09]     ID nhóm gần nhất: 5138, 5137, 5136, 5135, 5133
[10:05:09]     Nhóm cùng danh mục "Đầu tư": chọn thêm đến đủ 10
[10:05:09] Kết quả cuối: 10/10 bài liên quan.
[10:05:09]     Các ID selected: 5138, 5137, 5136, 5135, 5133, 5132, 5131, 5091, 5060, 5059
[10:05:09] [3] Lưu bài...
[10:05:11]     Đã click lưu. URL trước: https://doanhnhanduongthoi.com/admin/news_tb/field/id=5132/root_id=999
[10:05:11]     URL sau  : https://doanhnhanduongthoi.com/admin/news_tb/list/root_id=999
[10:05:11] [OK] Worker 3 xong dòng 320 | 10 bài | 7.8 giây
[10:05:11] [GIAO] Worker 3 <- dòng 323 | ID 5135
[10:05:11] Worker 3 | dòng 323: Đang mở ID 5135
[10:05:11]     Đã click lưu. URL trước: https://doanhnhanduongthoi.com/admin/news_tb/field/id=5133/root_id=999
[10:05:11]     URL sau  : https://doanhnhanduongthoi.com/admin/news_tb/list/root_id=999
[10:05:12]     Đã ở đúng trang sửa bài, không cần đăng nhập.
[10:05:12] [1] Click Tải dữ liệu...
[10:05:12] [OK] Worker 1 xong dòng 321 | 10 bài | 7.9 giây
[10:05:12] [GIAO] Worker 1 <- dòng 324 | ID 5137
[10:05:12] Worker 3 | dòng 323: Đang chọn bài liên quan
[10:05:12] Worker 1 | dòng 324: Đang mở ID 5137
[10:05:12]     Đã click lưu. URL trước: https://doanhnhanduongthoi.com/admin/news_tb/field/id=5134/root_id=999
[10:05:12]     URL sau  : https://doanhnhanduongthoi.com/admin/news_tb/list/root_id=999
[10:05:12]     Đã tải dữ liệu bài liên quan.
[10:05:12] [2] Chọn danh mục: Tất cả
[10:05:12]     Đã ở đúng trang sửa bài, không cần đăng nhập.
[10:05:12] [1] Click Tải dữ liệu...
[10:05:12] [OK] Worker 2 xong dòng 322 | 10 bài | 7.1 giây
[10:05:12] [GIAO] Worker 2 <- dòng 325 | ID 5136
[10:05:12] Worker 1 | dòng 324: Đang chọn bài liên quan
[10:05:12] Worker 2 | dòng 325: Đang mở ID 5136
[10:05:13]     Đã tải dữ liệu bài liên quan.
[10:05:13] [2] Chọn danh mục: Tất cả
[10:05:13]     Đã ở đúng trang sửa bài, không cần đăng nhập.
[10:05:13] [1] Click Tải dữ liệu...
[10:05:13] Worker 2 | dòng 325: Đang chọn bài liên quan
[10:05:13]     Đã tải dữ liệu bài liên quan.
[10:05:13] [2] Chọn danh mục: Tất cả
[10:05:14]     ID hiện tại: 5135 | đã chọn thêm: 5136, 5137, 5138, 5134, 5133
[10:05:14]     Tổng selected sau cùng: 5/5
[10:05:14] [2] Chọn danh mục: Đầu tư
[10:05:14]     ID hiện tại: 5137 | đã chọn thêm: 5138, 5136, 5135, 5134, 5133
[10:05:14]     Tổng selected sau cùng: 5/5
[10:05:14] [2] Chọn danh mục: Đầu tư
[10:05:15]     ID hiện tại: 5136 | đã chọn thêm: 5137, 5138, 5135, 5134, 5133
[10:05:15]     Tổng selected sau cùng: 5/5
[10:05:15] [2] Chọn danh mục: Đầu tư
[10:05:15]     Đã chọn nhanh 5 bài, tổng hiện tại 10/10
[10:05:15]     Nhóm ID gần nhất: 5/5
[10:05:15]     ID nhóm gần nhất: 5138, 5137, 5136, 5134, 5133
[10:05:15]     Nhóm cùng danh mục "Đầu tư": chọn thêm đến đủ 10
[10:05:15] Kết quả cuối: 10/10 bài liên quan.
[10:05:15]     Các ID selected: 5138, 5137, 5136, 5134, 5133, 5132, 5131, 5091, 5060, 5059
[10:05:15] [3] Lưu bài...
[10:05:16]     Đã chọn nhanh 5 bài, tổng hiện tại 10/10
[10:05:16]     Nhóm ID gần nhất: 5/5
[10:05:16]     ID nhóm gần nhất: 5138, 5136, 5135, 5134, 5133
[10:05:16]     Nhóm cùng danh mục "Đầu tư": chọn thêm đến đủ 10
[10:05:16] Kết quả cuối: 10/10 bài liên quan.
[10:05:16]     Các ID selected: 5138, 5136, 5135, 5134, 5133, 5132, 5131, 5091, 5060, 5059
[10:05:16] [3] Lưu bài...
[10:05:16]     Đã chọn nhanh 5 bài, tổng hiện tại 10/10
[10:05:16]     Nhóm ID gần nhất: 5/5
[10:05:16]     ID nhóm gần nhất: 5138, 5137, 5135, 5134, 5133
[10:05:16]     Nhóm cùng danh mục "Đầu tư": chọn thêm đến đủ 10
[10:05:16] Kết quả cuối: 10/10 bài liên quan.
[10:05:16]     Các ID selected: 5138, 5137, 5135, 5134, 5133, 5132, 5131, 5091, 5060, 5059
[10:05:16] [3] Lưu bài...
[10:05:18]     Đã click lưu. URL trước: https://doanhnhanduongthoi.com/admin/news_tb/field/id=5135/root_id=999
[10:05:18]     URL sau  : https://doanhnhanduongthoi.com/admin/news_tb/list/root_id=999
[10:05:18] [OK] Worker 3 xong dòng 323 | 10 bài | 6.8 giây
[10:05:18] [GIAO] Worker 3 <- dòng 326 | ID 5138
[10:05:18] Worker 3 | dòng 326: Đang mở ID 5138
[10:05:19]     Đã click lưu. URL trước: https://doanhnhanduongthoi.com/admin/news_tb/field/id=5137/root_id=999
[10:05:19]     URL sau  : https://doanhnhanduongthoi.com/admin/news_tb/list/root_id=999
[10:05:19]     Đã ở đúng trang sửa bài, không cần đăng nhập.
[10:05:19] [1] Click Tải dữ liệu...
[10:05:19] [OK] Worker 1 xong dòng 324 | 10 bài | 6.8 giây
[10:05:19] [GIAO] Worker 1 <- dòng 1097 | ID 3218
[10:05:19] Worker 3 | dòng 326: Đang chọn bài liên quan
[10:05:19] Worker 1 | dòng 1097: Đang mở ID 3218
[10:05:19]     Đã click lưu. URL trước: https://doanhnhanduongthoi.com/admin/news_tb/field/id=5136/root_id=999
[10:05:19]     URL sau  : https://doanhnhanduongthoi.com/admin/news_tb/list/root_id=999
[10:05:19]     Đã tải dữ liệu bài liên quan.
[10:05:19] [2] Chọn danh mục: Tất cả
[10:05:20] [OK] Worker 2 xong dòng 325 | 10 bài | 6.8 giây
[10:05:20] [GIAO] Worker 2 <- dòng 1098 | ID 3219
[10:05:20] Worker 2 | dòng 1098: Đang mở ID 3219
[10:05:20]     Phát hiện trang đăng nhập → tự nhập ID và mật khẩu...
[10:05:20]     Đã nhập ID/mật khẩu → click ĐĂNG NHẬP.
[10:05:20]     Phát hiện trang đăng nhập → tự nhập ID và mật khẩu...
[10:05:21]     Đã nhập ID/mật khẩu → click ĐĂNG NHẬP.
[10:05:21]     ID hiện tại: 5138 | đã chọn thêm: 5137, 5136, 5135, 5134, 5133
[10:05:21]     Tổng selected sau cùng: 5/5
[10:05:21] [2] Chọn danh mục: Đầu tư
[10:05:21]     Đăng nhập thành công, đã vào đúng trang sửa bài.
[10:05:21] [1] Click Tải dữ liệu...
[10:05:21] Worker 1 | dòng 1097: Đang chọn bài liên quan
[10:05:22]     Đã tải dữ liệu bài liên quan.
[10:05:22] [2] Chọn danh mục: Tất cả
[10:05:22]     Đăng nhập thành công, đã vào đúng trang sửa bài.
[10:05:22] [1] Click Tải dữ liệu...
[10:05:22] Worker 2 | dòng 1098: Đang chọn bài liên quan
[10:05:22]     Đã chọn nhanh 5 bài, tổng hiện tại 10/10
[10:05:22]     Nhóm ID gần nhất: 5/5
[10:05:22]     ID nhóm gần nhất: 5137, 5136, 5135, 5134, 5133
[10:05:22]     Nhóm cùng danh mục "Đầu tư": chọn thêm đến đủ 10
[10:05:22] Kết quả cuối: 10/10 bài liên quan.
[10:05:22]     Các ID selected: 5137, 5136, 5135, 5134, 5133, 5132, 5131, 5091, 5060, 5059
[10:05:22] [3] Lưu bài...
[10:05:23]     Đã tải dữ liệu bài liên quan.
[10:05:23] [2] Chọn danh mục: Tất cả
[10:05:24]     ID hiện tại: 3218 | đã chọn thêm: 3219, 3220, 3221, 3222, 3223
[10:05:24]     Tổng selected sau cùng: 5/5
[10:05:24] [2] Chọn danh mục: Doanh nghiệp
[10:05:24]     ID hiện tại: 3219 | đã chọn thêm: 3220, 3221, 3222, 3223, 3224
[10:05:24]     Tổng selected sau cùng: 5/5
[10:05:24] [2] Chọn danh mục: Doanh nghiệp
[10:05:25]     Đã chọn nhanh 5 bài, tổng hiện tại 10/10
[10:05:25]     Nhóm ID gần nhất: 5/5
[10:05:25]     ID nhóm gần nhất: 3223, 3222, 3221, 3220, 3219
[10:05:25]     Nhóm cùng danh mục "Doanh nghiệp": chọn thêm đến đủ 10
[10:05:25] Kết quả cuối: 10/10 bài liên quan.
[10:05:25]     Các ID selected: 3223, 3222, 3221, 3220, 3219, 3227, 3226, 3225, 3224, 3217
[10:05:25] [3] Lưu bài...
[10:05:25]     Đã click lưu. URL trước: https://doanhnhanduongthoi.com/admin/news_tb/field/id=5138/root_id=999
[10:05:25]     URL sau  : https://doanhnhanduongthoi.com/admin/news_tb/list/root_id=999
[10:05:26] [OK] Worker 3 xong dòng 326 | 10 bài | 6.8 giây
[10:05:26] [GIAO] Worker 3 <- dòng 1099 | ID 3220
[10:05:26] Worker 3 | dòng 1099: Đang mở ID 3220
[10:05:26]     Đã chọn nhanh 5 bài, tổng hiện tại 10/10
[10:05:26]     Nhóm ID gần nhất: 5/5
[10:05:26]     ID nhóm gần nhất: 3224, 3223, 3222, 3221, 3220
[10:05:26]     Nhóm cùng danh mục "Doanh nghiệp": chọn thêm đến đủ 10
[10:05:26] Kết quả cuối: 10/10 bài liên quan.
[10:05:26]     Các ID selected: 3224, 3223, 3222, 3221, 3220, 3227, 3226, 3225, 3218, 3217
[10:05:26] [3] Lưu bài...
[10:05:26]     Phát hiện trang đăng nhập → tự nhập ID và mật khẩu...
[10:05:27]     Đã nhập ID/mật khẩu → click ĐĂNG NHẬP.
[10:05:28]     Đã click lưu. URL trước: https://kythuatmarketing.com/admin/news_tb/field/id=3218/root_id=999
[10:05:28]     URL sau  : https://kythuatmarketing.com/admin/news_tb/list/root_id=999
[10:05:28]     Đăng nhập thành công, đã vào đúng trang sửa bài.
[10:05:28] [1] Click Tải dữ liệu...
[10:05:28] [OK] Worker 1 xong dòng 1097 | 10 bài | 8.7 giây
[10:05:28] [GIAO] Worker 1 <- dòng 1100 | ID 3221
[10:05:28] Worker 3 | dòng 1099: Đang chọn bài liên quan
[10:05:28] Worker 1 | dòng 1100: Đang mở ID 3221
[10:05:28]     Đã click lưu. URL trước: https://kythuatmarketing.com/admin/news_tb/field/id=3219/root_id=999
[10:05:28]     URL sau  : https://kythuatmarketing.com/admin/news_tb/list/root_id=999
[10:05:28]     Đã tải dữ liệu bài liên quan.
[10:05:28] [2] Chọn danh mục: Tất cả
[10:05:29]     Đã ở đúng trang sửa bài, không cần đăng nhập.
[10:05:29] [1] Click Tải dữ liệu...
[10:05:29] [OK] Worker 2 xong dòng 1098 | 10 bài | 8.7 giây
[10:05:29] [GIAO] Worker 2 <- dòng 1101 | ID 3222
[10:05:29] Worker 1 | dòng 1100: Đang chọn bài liên quan
[10:05:29] Worker 2 | dòng 1101: Đang mở ID 3222
[10:05:29]     Đã tải dữ liệu bài liên quan.
[10:05:29] [2] Chọn danh mục: Tất cả
[10:05:29]     Đã ở đúng trang sửa bài, không cần đăng nhập.
[10:05:29] [1] Click Tải dữ liệu...
[10:05:29] Worker 2 | dòng 1101: Đang chọn bài liên quan
[10:05:30]     Đã tải dữ liệu bài liên quan.
[10:05:30] [2] Chọn danh mục: Tất cả
[10:05:30]     ID hiện tại: 3220 | đã chọn thêm: 3221, 3222, 3223, 3224, 3225
[10:05:30]     Tổng selected sau cùng: 5/5
[10:05:30] [2] Chọn danh mục: Doanh nghiệp
[10:05:31]     ID hiện tại: 3221 | đã chọn thêm: 3222, 3223, 3224, 3225, 3226
[10:05:31]     Tổng selected sau cùng: 5/5
[10:05:31] [2] Chọn danh mục: Doanh nghiệp
[10:05:31]     ID hiện tại: 3222 | đã chọn thêm: 3223, 3224, 3225, 3226, 3227
[10:05:31]     Tổng selected sau cùng: 5/5
[10:05:31] [2] Chọn danh mục: Doanh nghiệp
[10:05:31]     Đã chọn nhanh 5 bài, tổng hiện tại 10/10
[10:05:31]     Nhóm ID gần nhất: 5/5
[10:05:31]     ID nhóm gần nhất: 3225, 3224, 3223, 3222, 3221
[10:05:31]     Nhóm cùng danh mục "Doanh nghiệp": chọn thêm đến đủ 10
[10:05:31] Kết quả cuối: 10/10 bài liên quan.
[10:05:31]     Các ID selected: 3225, 3224, 3223, 3222, 3221, 3227, 3226, 3219, 3218, 3217
[10:05:31] [3] Lưu bài...
[10:05:32]     Đã chọn nhanh 5 bài, tổng hiện tại 10/10
[10:05:32]     Nhóm ID gần nhất: 5/5
[10:05:32]     ID nhóm gần nhất: 3226, 3225, 3224, 3223, 3222
[10:05:32]     Nhóm cùng danh mục "Doanh nghiệp": chọn thêm đến đủ 10
[10:05:32] Kết quả cuối: 10/10 bài liên quan.
[10:05:32]     Các ID selected: 3226, 3225, 3224, 3223, 3222, 3227, 3220, 3219, 3218, 3217
[10:05:32] [3] Lưu bài...
[10:05:33]     Đã chọn nhanh 5 bài, tổng hiện tại 10/10
[10:05:33]     Nhóm ID gần nhất: 5/5
[10:05:33]     ID nhóm gần nhất: 3227, 3226, 3225, 3224, 3223
[10:05:33]     Nhóm cùng danh mục "Doanh nghiệp": chọn thêm đến đủ 10
[10:05:33] Kết quả cuối: 10/10 bài liên quan.
[10:05:33]     Các ID selected: 3227, 3226, 3225, 3224, 3223, 3221, 3220, 3219, 3218, 3217
[10:05:33] [3] Lưu bài...
[10:05:34]     Đã click lưu. URL trước: https://kythuatmarketing.com/admin/news_tb/field/id=3220/root_id=999
[10:05:34]     URL sau  : https://kythuatmarketing.com/admin/news_tb/list/root_id=999
[10:05:35] [OK] Worker 3 xong dòng 1099 | 10 bài | 8.4 giây
[10:05:35] [GIAO] Worker 3 <- dòng 1102 | ID 3223
[10:05:35] Worker 3 | dòng 1102: Đang mở ID 3223
[10:05:35]     Đã click lưu. URL trước: https://kythuatmarketing.com/admin/news_tb/field/id=3221/root_id=999
[10:05:35]     URL sau  : https://kythuatmarketing.com/admin/news_tb/list/root_id=999
[10:05:35]     Đã ở đúng trang sửa bài, không cần đăng nhập.
[10:05:35] [1] Click Tải dữ liệu...
[10:05:35] [OK] Worker 1 xong dòng 1100 | 10 bài | 6.5 giây
[10:05:35] [GIAO] Worker 1 <- dòng 1103 | ID 3224
[10:05:35] Worker 3 | dòng 1102: Đang chọn bài liên quan
[10:05:35] Worker 1 | dòng 1103: Đang mở ID 3224
[10:05:35]     Đã click lưu. URL trước: https://kythuatmarketing.com/admin/news_tb/field/id=3222/root_id=999
[10:05:35]     URL sau  : https://kythuatmarketing.com/admin/news_tb/list/root_id=999
[10:05:35]     Đã tải dữ liệu bài liên quan.
[10:05:35] [2] Chọn danh mục: Tất cả
[10:05:36]     Đã ở đúng trang sửa bài, không cần đăng nhập.
[10:05:36] [1] Click Tải dữ liệu...
[10:05:36] [OK] Worker 2 xong dòng 1101 | 10 bài | 6.4 giây
[10:05:36] [GIAO] Worker 2 <- dòng 1104 | ID 3226
[10:05:36] Worker 1 | dòng 1103: Đang chọn bài liên quan
[10:05:36] Worker 2 | dòng 1104: Đang mở ID 3226
[10:05:36]     Đã tải dữ liệu bài liên quan.
[10:05:36] [2] Chọn danh mục: Tất cả
[10:05:36]     Đã ở đúng trang sửa bài, không cần đăng nhập.
[10:05:36] [1] Click Tải dữ liệu...
[10:05:36] Worker 2 | dòng 1104: Đang chọn bài liên quan
[10:05:37]     Đã tải dữ liệu bài liên quan.
[10:05:37] [2] Chọn danh mục: Tất cả
[10:05:37]     ID hiện tại: 3223 | đã chọn thêm: 3224, 3225, 3226, 3227, 3222
[10:05:37]     Tổng selected sau cùng: 5/5
[10:05:37] [2] Chọn danh mục: Doanh nghiệp
[10:05:38]     ID hiện tại: 3224 | đã chọn thêm: 3225, 3226, 3227, 3223, 3222
[10:05:38]     Tổng selected sau cùng: 5/5
[10:05:38] [2] Chọn danh mục: Doanh nghiệp
[10:05:38]     ID hiện tại: 3226 | đã chọn thêm: 3227, 3225, 3224, 3223, 3222
[10:05:38]     Tổng selected sau cùng: 5/5
[10:05:38] [2] Chọn danh mục: Doanh nghiệp
[10:05:38]     Đã chọn nhanh 5 bài, tổng hiện tại 10/10
[10:05:38]     Nhóm ID gần nhất: 5/5
[10:05:38]     ID nhóm gần nhất: 3227, 3226, 3225, 3224, 3222
[10:05:38]     Nhóm cùng danh mục "Doanh nghiệp": chọn thêm đến đủ 10
[10:05:38] Kết quả cuối: 10/10 bài liên quan.
[10:05:38]     Các ID selected: 3227, 3226, 3225, 3224, 3222, 3221, 3220, 3219, 3218, 3217
[10:05:38] [3] Lưu bài...
[10:05:39]     Đã chọn nhanh 5 bài, tổng hiện tại 10/10
[10:05:39]     Nhóm ID gần nhất: 5/5
[10:05:39]     ID nhóm gần nhất: 3227, 3226, 3225, 3223, 3222
[10:05:39]     Nhóm cùng danh mục "Doanh nghiệp": chọn thêm đến đủ 10
[10:05:39] Kết quả cuối: 10/10 bài liên quan.
[10:05:39]     Các ID selected: 3227, 3226, 3225, 3223, 3222, 3221, 3220, 3219, 3218, 3217
[10:05:39] [3] Lưu bài...
[10:05:39]     Đã chọn nhanh 5 bài, tổng hiện tại 10/10
[10:05:39]     Nhóm ID gần nhất: 5/5
[10:05:39]     ID nhóm gần nhất: 3227, 3225, 3224, 3223, 3222
[10:05:39]     Nhóm cùng danh mục "Doanh nghiệp": chọn thêm đến đủ 10
[10:05:39] Kết quả cuối: 10/10 bài liên quan.
[10:05:39]     Các ID selected: 3227, 3225, 3224, 3223, 3222, 3221, 3220, 3219, 3218, 3217
[10:05:39] [3] Lưu bài...
[10:05:41]     Đã click lưu. URL trước: https://kythuatmarketing.com/admin/news_tb/field/id=3223/root_id=999
[10:05:41]     URL sau  : https://kythuatmarketing.com/admin/news_tb/list/root_id=999
[10:05:41] [OK] Worker 3 xong dòng 1102 | 10 bài | 6.3 giây
[10:05:41] [GIAO] Worker 3 <- dòng 1105 | ID 3225
[10:05:41] Worker 3 | dòng 1105: Đang mở ID 3225
[10:05:42]     Đã click lưu. URL trước: https://kythuatmarketing.com/admin/news_tb/field/id=3224/root_id=999
[10:05:42]     URL sau  : https://kythuatmarketing.com/admin/news_tb/list/root_id=999
[10:05:42]     Đã ở đúng trang sửa bài, không cần đăng nhập.
[10:05:42] [1] Click Tải dữ liệu...
[10:05:42] [OK] Worker 1 xong dòng 1103 | 10 bài | 6.5 giây
[10:05:42] [GIAO] Worker 1 <- dòng 1106 | ID 3227
[10:05:42] Worker 3 | dòng 1105: Đang chọn bài liên quan
[10:05:42] Worker 1 | dòng 1106: Đang mở ID 3227
[10:05:42]     Đã click lưu. URL trước: https://kythuatmarketing.com/admin/news_tb/field/id=3226/root_id=999
[10:05:42]     Đã tải dữ liệu bài liên quan.
[10:05:42] [2] Chọn danh mục: Tất cả
[10:05:42]     URL sau  : https://kythuatmarketing.com/admin/news_tb/list/root_id=999
[10:05:42]     Đã ở đúng trang sửa bài, không cần đăng nhập.
[10:05:42] [1] Click Tải dữ liệu...
[10:05:43] [OK] Worker 2 xong dòng 1104 | 10 bài | 6.4 giây
[10:05:43] Worker 1 | dòng 1106: Đang chọn bài liên quan
[10:05:43]     Đã tải dữ liệu bài liên quan.
[10:05:43] [2] Chọn danh mục: Tất cả
[10:05:44]     ID hiện tại: 3225 | đã chọn thêm: 3226, 3227, 3224, 3223, 3222
[10:05:44]     Tổng selected sau cùng: 5/5
[10:05:44] [2] Chọn danh mục: Doanh nghiệp
[10:05:44]     ID hiện tại: 3227 | đã chọn thêm: 3226, 3225, 3224, 3223, 3222
[10:05:44]     Tổng selected sau cùng: 5/5
[10:05:44] [2] Chọn danh mục: Doanh nghiệp
[10:05:45]     Đã chọn nhanh 5 bài, tổng hiện tại 10/10
[10:05:45]     Nhóm ID gần nhất: 5/5
[10:05:45]     ID nhóm gần nhất: 3227, 3226, 3224, 3223, 3222
[10:05:45]     Nhóm cùng danh mục "Doanh nghiệp": chọn thêm đến đủ 10
[10:05:45] Kết quả cuối: 10/10 bài liên quan.
[10:05:45]     Các ID selected: 3227, 3226, 3224, 3223, 3222, 3221, 3220, 3219, 3218, 3217
[10:05:45] [3] Lưu bài...
[10:05:46]     Đã chọn nhanh 5 bài, tổng hiện tại 10/10
[10:05:46]     Nhóm ID gần nhất: 5/5
[10:05:46]     ID nhóm gần nhất: 3226, 3225, 3224, 3223, 3222
[10:05:46]     Nhóm cùng danh mục "Doanh nghiệp": chọn thêm đến đủ 10
[10:05:46] Kết quả cuối: 10/10 bài liên quan.
[10:05:46]     Các ID selected: 3226, 3225, 3224, 3223, 3222, 3221, 3220, 3219, 3218, 3217
[10:05:46] [3] Lưu bài...
[10:05:48]     Đã click lưu. URL trước: https://kythuatmarketing.com/admin/news_tb/field/id=3225/root_id=999
[10:05:48]     URL sau  : https://kythuatmarketing.com/admin/news_tb/list/root_id=999
[10:05:48] [OK] Worker 3 xong dòng 1105 | 10 bài | 6.4 giây
[10:05:49]     Đã click lưu. URL trước: https://kythuatmarketing.com/admin/news_tb/field/id=3227/root_id=999
[10:05:49]     URL sau  : https://kythuatmarketing.com/admin/news_tb/list/root_id=999
[10:05:49] [OK] Worker 1 xong dòng 1106 | 10 bài | 6.5 giây
[10:05:52] ========================================================================
[10:05:52] Hoàn thành: 23/23 bài.
[10:05:52] Kết quả: THÀNH CÔNG
[10:05:52] ========================================================================

========================================================================
Kết thúc: 2026-08-02 10:05:52
Mã thoát: 0
Thời gian: 68.99 giây
