HOTKEYVIP STUDIO - NHẬT KÝ CHẠY PYTHON
File: D:\CodexProjects\Hotkeyvip\03_dang_bai\phu_tro\Vip_baivietlienquan_3_luong.py
Bắt đầu: 2026-07-31 13:32:56
========================================================================
[13:32:58] Chọn số luồng [3/5] (nhấn Enter = 3): Đã kết nối Excel đang mở: hotkeyvip_test.xlsm
[13:32:59] ========================================================================
[13:32:59] ĐÃ CHỐT 30 BÀI | CHẠY 5 WORKER
[13:32:59] Profile: D:\CodexProjects\Hotkeyvip\02_viet_bai\du_lieu_3_workers\profiles
[13:32:59] ========================================================================
[13:33:00] Worker 1: sẵn sàng.
[13:33:00] [GIAO] Worker 1 <- dòng 171 | ID 4111
[13:33:00] Worker 1 | dòng 171: Đang mở ID 4111
[13:33:00] Worker 2: sẵn sàng.
[13:33:00] [GIAO] Worker 2 <- dòng 172 | ID 4103
[13:33:00] Worker 2 | dòng 172: Đang mở ID 4103
[13:33:01] Worker 4: sẵn sàng.
[13:33:01] [GIAO] Worker 4 <- dòng 173 | ID 4102
[13:33:01] Worker 4 | dòng 173: Đang mở ID 4102
[13:33:01] Worker 3: sẵn sàng.
[13:33:01] [GIAO] Worker 3 <- dòng 174 | ID 4104
[13:33:01] Worker 5: sẵn sàng.
[13:33:01] [GIAO] Worker 5 <- dòng 175 | ID 4105
[13:33:01] Worker 3 | dòng 174: Đang mở ID 4104
[13:33:01] Worker 5 | dòng 175: Đang mở ID 4105
[13:33:01]     Đã ở đúng trang sửa bài, không cần đăng nhập.
[13:33:01] [1] Click Tải dữ liệu...
[13:33:01] Worker 1 | dòng 171: Đang chọn bài liên quan
[13:33:02]     Đã ở đúng trang sửa bài, không cần đăng nhập.
[13:33:02] [1] Click Tải dữ liệu...
[13:33:02] Worker 2 | dòng 172: Đang chọn bài liên quan
[13:33:02]     Đã ở đúng trang sửa bài, không cần đăng nhập.
[13:33:02] [1] Click Tải dữ liệu...
[13:33:02] Worker 4 | dòng 173: Đang chọn bài liên quan
[13:33:02]     Đã ở đúng trang sửa bài, không cần đăng nhập.
[13:33:02] [1] Click Tải dữ liệu...
[13:33:02] Worker 3 | dòng 174: Đang chọn bài liên quan
[13:33:02]     Đã tải dữ liệu bài liên quan.
[13:33:02] [2] Chọn danh mục: Tất cả
[13:33:02]     Đã tải dữ liệu bài liên quan.
[13:33:02] [2] Chọn danh mục: Tất cả
[13:33:02]     Đã ở đúng trang sửa bài, không cần đăng nhập.
[13:33:02] [1] Click Tải dữ liệu...
[13:33:02] Worker 5 | dòng 175: Đang chọn bài liên quan
[13:33:02]     Đã tải dữ liệu bài liên quan.
[13:33:02] [2] Chọn danh mục: Tất cả
[13:33:02]     Đã tải dữ liệu bài liên quan.
[13:33:02] [2] Chọn danh mục: Tất cả
[13:33:02]     Đã tải dữ liệu bài liên quan.
[13:33:02] [2] Chọn danh mục: Tất cả
[13:33:03]     ID hiện tại: 4111 | đã chọn thêm: 4110, 4109, 4108, 4107, 4106
[13:33:03]     Tổng selected sau cùng: 5/5
[13:33:03] [2] Chọn danh mục: Tài chính
[13:33:03]     ID hiện tại: 4103 | đã chọn thêm: 4104, 4105, 4106, 4107, 4108
[13:33:03]     Tổng selected sau cùng: 5/5
[13:33:03] [2] Chọn danh mục: Tài chính
[13:33:04]     ID hiện tại: 4102 | đã chọn thêm: 4103, 4104, 4105, 4106, 4107
[13:33:04]     Tổng selected sau cùng: 5/5
[13:33:04] [2] Chọn danh mục: Tài chính
[13:33:04]     ID hiện tại: 4104 | đã chọn thêm: 4105, 4106, 4107, 4108, 4109
[13:33:04]     Tổng selected sau cùng: 5/5
[13:33:04] [2] Chọn danh mục: Tài chính
[13:33:04]     ID hiện tại: 4105 | đã chọn thêm: 4106, 4107, 4108, 4109, 4110
[13:33:04]     Tổng selected sau cùng: 5/5
[13:33:04] [2] Chọn danh mục: Tài chính
[13:33:05]     Đã chọn nhanh 5 bài, tổng hiện tại 10/10
[13:33:05]     Nhóm ID gần nhất: 5/5
[13:33:05]     ID nhóm gần nhất: 4110, 4109, 4108, 4107, 4106
[13:33:05]     Nhóm cùng danh mục "Tài chính": chọn thêm đến đủ 10
[13:33:05] Kết quả cuối: 10/10 bài liên quan.
[13:33:05]     Các ID selected: 4110, 4109, 4108, 4107, 4106, 4105, 4104, 4103, 4102, 4079
[13:33:05] [3] Lưu bài...
[13:33:05]     Đã chọn nhanh 5 bài, tổng hiện tại 10/10
[13:33:05]     Nhóm ID gần nhất: 5/5
[13:33:05]     ID nhóm gần nhất: 4108, 4107, 4106, 4105, 4104
[13:33:05]     Nhóm cùng danh mục "Tài chính": chọn thêm đến đủ 10
[13:33:05] Kết quả cuối: 10/10 bài liên quan.
[13:33:05]     Các ID selected: 4108, 4107, 4106, 4105, 4104, 4111, 4110, 4109, 4102, 4079
[13:33:05] [3] Lưu bài...
[13:33:05]     Đã chọn nhanh 5 bài, tổng hiện tại 10/10
[13:33:05]     Nhóm ID gần nhất: 5/5
[13:33:05]     ID nhóm gần nhất: 4107, 4106, 4105, 4104, 4103
[13:33:05]     Nhóm cùng danh mục "Tài chính": chọn thêm đến đủ 10
[13:33:05] Kết quả cuối: 10/10 bài liên quan.
[13:33:05]     Các ID selected: 4107, 4106, 4105, 4104, 4103, 4111, 4110, 4109, 4108, 4079
[13:33:05] [3] Lưu bài...
[13:33:05]     Đã chọn nhanh 5 bài, tổng hiện tại 10/10
[13:33:05]     Nhóm ID gần nhất: 5/5
[13:33:05]     ID nhóm gần nhất: 4109, 4108, 4107, 4106, 4105
[13:33:05]     Nhóm cùng danh mục "Tài chính": chọn thêm đến đủ 10
[13:33:05] Kết quả cuối: 10/10 bài liên quan.
[13:33:05]     Các ID selected: 4109, 4108, 4107, 4106, 4105, 4111, 4110, 4103, 4102, 4079
[13:33:05] [3] Lưu bài...
[13:33:05]     Đã chọn nhanh 5 bài, tổng hiện tại 10/10
[13:33:05]     Nhóm ID gần nhất: 5/5
[13:33:05]     ID nhóm gần nhất: 4110, 4109, 4108, 4107, 4106
[13:33:05]     Nhóm cùng danh mục "Tài chính": chọn thêm đến đủ 10
[13:33:05] Kết quả cuối: 10/10 bài liên quan.
[13:33:05]     Các ID selected: 4110, 4109, 4108, 4107, 4106, 4111, 4104, 4103, 4102, 4079
[13:33:05] [3] Lưu bài...
[13:33:08]     Đã click lưu. URL trước: https://congdongkinhdoanh.com/admin/news_tb/field/id=4102/root_id=999
[13:33:08]     URL sau  : https://congdongkinhdoanh.com/admin/news_tb/list/root_id=999
[13:33:08]     Đã click lưu. URL trước: https://congdongkinhdoanh.com/admin/news_tb/field/id=4104/root_id=999
[13:33:08]     URL sau  : https://congdongkinhdoanh.com/admin/news_tb/list/root_id=999
[13:33:08]     Đã click lưu. URL trước: https://congdongkinhdoanh.com/admin/news_tb/field/id=4111/root_id=999
[13:33:08]     URL sau  : https://congdongkinhdoanh.com/admin/news_tb/list/root_id=999
[13:33:08]     Đã click lưu. URL trước: https://congdongkinhdoanh.com/admin/news_tb/field/id=4103/root_id=999
[13:33:08]     URL sau  : https://congdongkinhdoanh.com/admin/news_tb/list/root_id=999
[13:33:08] [OK] Worker 4 xong dòng 173 | 10 bài | 7.1 giây
[13:33:08] [GIAO] Worker 4 <- dòng 176 | ID 4106
[13:33:08]     Đã click lưu. URL trước: https://congdongkinhdoanh.com/admin/news_tb/field/id=4105/root_id=999
[13:33:08]     URL sau  : https://congdongkinhdoanh.com/admin/news_tb/list/root_id=999
[13:33:08] [OK] Worker 3 xong dòng 174 | 10 bài | 7.0 giây
[13:33:08] [GIAO] Worker 3 <- dòng 177 | ID 4107
[13:33:09]     Đã ở đúng trang sửa bài, không cần đăng nhập.
[13:33:09] [1] Click Tải dữ liệu...
[13:33:09] [OK] Worker 1 xong dòng 171 | 10 bài | 7.6 giây
[13:33:09] [GIAO] Worker 1 <- dòng 178 | ID 4108
[13:33:09]     Đã ở đúng trang sửa bài, không cần đăng nhập.
[13:33:09] [1] Click Tải dữ liệu...
[13:33:09]     Đã tải dữ liệu bài liên quan.
[13:33:09] [2] Chọn danh mục: Tất cả
[13:33:09] [OK] Worker 2 xong dòng 172 | 10 bài | 7.5 giây
[13:33:09] [GIAO] Worker 2 <- dòng 179 | ID 4109
[13:33:09] Worker 4 | dòng 176: Đang mở ID 4106
[13:33:09]     Đã ở đúng trang sửa bài, không cần đăng nhập.
[13:33:09] [1] Click Tải dữ liệu...
[13:33:09]     Đã tải dữ liệu bài liên quan.
[13:33:09] [2] Chọn danh mục: Tất cả
[13:33:10] [OK] Worker 5 xong dòng 175 | 10 bài | 7.5 giây
[13:33:10] [GIAO] Worker 5 <- dòng 180 | ID 4110
[13:33:10] Worker 3 | dòng 177: Đang mở ID 4107
[13:33:10] Worker 4 | dòng 176: Đang chọn bài liên quan
[13:33:10] Worker 1 | dòng 178: Đang mở ID 4108
[13:33:10] Worker 3 | dòng 177: Đang chọn bài liên quan
[13:33:10] Worker 2 | dòng 179: Đang mở ID 4109
[13:33:10] Worker 1 | dòng 178: Đang chọn bài liên quan
[13:33:10] Worker 5 | dòng 180: Đang mở ID 4110
[13:33:10]     Đã tải dữ liệu bài liên quan.
[13:33:10] [2] Chọn danh mục: Tất cả
[13:33:10]     Đã ở đúng trang sửa bài, không cần đăng nhập.
[13:33:10] [1] Click Tải dữ liệu...
[13:33:10] Worker 2 | dòng 179: Đang chọn bài liên quan
[13:33:10]     Đã ở đúng trang sửa bài, không cần đăng nhập.
[13:33:10] [1] Click Tải dữ liệu...
[13:33:10] Worker 5 | dòng 180: Đang chọn bài liên quan
[13:33:10]     Đã tải dữ liệu bài liên quan.
[13:33:10] [2] Chọn danh mục: Tất cả
[13:33:10]     Đã tải dữ liệu bài liên quan.
[13:33:10] [2] Chọn danh mục: Tất cả
[13:33:10]     ID hiện tại: 4106 | đã chọn thêm: 4107, 4108, 4109, 4110, 4111
[13:33:10]     Tổng selected sau cùng: 5/5
[13:33:10] [2] Chọn danh mục: Tài chính
[13:33:11]     ID hiện tại: 4107 | đã chọn thêm: 4108, 4109, 4110, 4111, 4106
[13:33:11]     Tổng selected sau cùng: 5/5
[13:33:11] [2] Chọn danh mục: Tài chính
[13:33:11]     ID hiện tại: 4108 | đã chọn thêm: 4109, 4110, 4111, 4107, 4106
[13:33:11]     Tổng selected sau cùng: 5/5
[13:33:11] [2] Chọn danh mục: Tài chính
[13:33:12]     ID hiện tại: 4109 | đã chọn thêm: 4110, 4111, 4108, 4107, 4106
[13:33:12]     Tổng selected sau cùng: 5/5
[13:33:12] [2] Chọn danh mục: Tài chính
[13:33:12]     Đã chọn nhanh 5 bài, tổng hiện tại 10/10
[13:33:12]     Nhóm ID gần nhất: 5/5
[13:33:12]     ID nhóm gần nhất: 4111, 4110, 4109, 4108, 4107
[13:33:12]     Nhóm cùng danh mục "Tài chính": chọn thêm đến đủ 10
[13:33:12] Kết quả cuối: 10/10 bài liên quan.
[13:33:12]     Các ID selected: 4111, 4110, 4109, 4108, 4107, 4105, 4104, 4103, 4102, 4079
[13:33:12] [3] Lưu bài...
[13:33:12]     ID hiện tại: 4110 | đã chọn thêm: 4111, 4109, 4108, 4107, 4106
[13:33:12]     Tổng selected sau cùng: 5/5
[13:33:12] [2] Chọn danh mục: Tài chính
[13:33:12]     Đã chọn nhanh 5 bài, tổng hiện tại 10/10
[13:33:12]     Nhóm ID gần nhất: 5/5
[13:33:12]     ID nhóm gần nhất: 4111, 4110, 4109, 4108, 4106
[13:33:12]     Nhóm cùng danh mục "Tài chính": chọn thêm đến đủ 10
[13:33:12] Kết quả cuối: 10/10 bài liên quan.
[13:33:12]     Các ID selected: 4111, 4110, 4109, 4108, 4106, 4105, 4104, 4103, 4102, 4079
[13:33:12] [3] Lưu bài...
[13:33:12]     Đã chọn nhanh 5 bài, tổng hiện tại 10/10
[13:33:12]     Nhóm ID gần nhất: 5/5
[13:33:12]     ID nhóm gần nhất: 4111, 4110, 4109, 4107, 4106
[13:33:12]     Nhóm cùng danh mục "Tài chính": chọn thêm đến đủ 10
[13:33:12] Kết quả cuối: 10/10 bài liên quan.
[13:33:12]     Các ID selected: 4111, 4110, 4109, 4107, 4106, 4105, 4104, 4103, 4102, 4079
[13:33:12] [3] Lưu bài...
[13:33:13]     Đã chọn nhanh 5 bài, tổng hiện tại 10/10
[13:33:13]     Nhóm ID gần nhất: 5/5
[13:33:13]     ID nhóm gần nhất: 4111, 4110, 4108, 4107, 4106
[13:33:13]     Nhóm cùng danh mục "Tài chính": chọn thêm đến đủ 10
[13:33:13] Kết quả cuối: 10/10 bài liên quan.
[13:33:13]     Các ID selected: 4111, 4110, 4108, 4107, 4106, 4105, 4104, 4103, 4102, 4079
[13:33:13] [3] Lưu bài...
[13:33:13]     Đã chọn nhanh 5 bài, tổng hiện tại 10/10
[13:33:13]     Nhóm ID gần nhất: 5/5
[13:33:13]     ID nhóm gần nhất: 4111, 4109, 4108, 4107, 4106
[13:33:13]     Nhóm cùng danh mục "Tài chính": chọn thêm đến đủ 10
[13:33:13] Kết quả cuối: 10/10 bài liên quan.
[13:33:13]     Các ID selected: 4111, 4109, 4108, 4107, 4106, 4105, 4104, 4103, 4102, 4079
[13:33:13] [3] Lưu bài...
[13:33:14]     Đã click lưu. URL trước: https://congdongkinhdoanh.com/admin/news_tb/field/id=4106/root_id=999
[13:33:14]     URL sau  : https://congdongkinhdoanh.com/admin/news_tb/list/root_id=999
[13:33:15]     Đã click lưu. URL trước: https://congdongkinhdoanh.com/admin/news_tb/field/id=4107/root_id=999
[13:33:15]     URL sau  : https://congdongkinhdoanh.com/admin/news_tb/list/root_id=999
[13:33:15] [OK] Worker 4 xong dòng 176 | 10 bài | 6.4 giây
[13:33:15] [GIAO] Worker 4 <- dòng 304 | ID 5116
[13:33:15]     Đã click lưu. URL trước: https://congdongkinhdoanh.com/admin/news_tb/field/id=4108/root_id=999
[13:33:15]     URL sau  : https://congdongkinhdoanh.com/admin/news_tb/list/root_id=999
[13:33:15] [OK] Worker 3 xong dòng 177 | 10 bài | 6.4 giây
[13:33:15] [GIAO] Worker 3 <- dòng 305 | ID 5117
[13:33:15] Worker 4 | dòng 304: Đang mở ID 5116
[13:33:16]     Đã click lưu. URL trước: https://congdongkinhdoanh.com/admin/news_tb/field/id=4109/root_id=999
[13:33:16]     URL sau  : https://congdongkinhdoanh.com/admin/news_tb/list/root_id=999
[13:33:16] [OK] Worker 1 xong dòng 178 | 10 bài | 6.2 giây
[13:33:16] [GIAO] Worker 1 <- dòng 306 | ID 5118
[13:33:16] Worker 3 | dòng 305: Đang mở ID 5117
[13:33:16]     Đã click lưu. URL trước: https://congdongkinhdoanh.com/admin/news_tb/field/id=4110/root_id=999
[13:33:16]     URL sau  : https://congdongkinhdoanh.com/admin/news_tb/list/root_id=999
[13:33:16] [OK] Worker 2 xong dòng 179 | 10 bài | 6.5 giây
[13:33:16] [GIAO] Worker 2 <- dòng 307 | ID 5119
[13:33:16] Worker 1 | dòng 306: Đang mở ID 5118
[13:33:17] [OK] Worker 5 xong dòng 180 | 10 bài | 6.4 giây
[13:33:17] [GIAO] Worker 5 <- dòng 308 | ID 5120
[13:33:17] Worker 2 | dòng 307: Đang mở ID 5119
[13:33:17] Worker 5 | dòng 308: Đang mở ID 5120
[13:33:17]     Phát hiện trang đăng nhập → tự nhập ID và mật khẩu...
[13:33:18]     Đã nhập ID/mật khẩu → click ĐĂNG NHẬP.
[13:33:18]     Phát hiện trang đăng nhập → tự nhập ID và mật khẩu...
[13:33:18]     Phát hiện trang đăng nhập → tự nhập ID và mật khẩu...
[13:33:18]     Đã ở đúng trang sửa bài, không cần đăng nhập.
[13:33:18] [1] Click Tải dữ liệu...
[13:33:18] Worker 4 | dòng 304: Đang chọn bài liên quan
[13:33:18]     Đã nhập ID/mật khẩu → click ĐĂNG NHẬP.
[13:33:18]     Đã ở đúng trang sửa bài, không cần đăng nhập.
[13:33:18] [1] Click Tải dữ liệu...
[13:33:18] Worker 5 | dòng 308: Đang chọn bài liên quan
[13:33:18]     Đã nhập ID/mật khẩu → click ĐĂNG NHẬP.
[13:33:19]     Đã tải dữ liệu bài liên quan.
[13:33:19] [2] Chọn danh mục: Tất cả
[13:33:19]     Đã tải dữ liệu bài liên quan.
[13:33:19] [2] Chọn danh mục: Tất cả
[13:33:20]     ID hiện tại: 5116 | đã chọn thêm: 5117, 5118, 5119, 5120, 5121
[13:33:20]     Tổng selected sau cùng: 5/5
[13:33:20] [2] Chọn danh mục: Kinh doanh
[13:33:20]     Đăng nhập thành công, đã vào đúng trang sửa bài.
[13:33:20] [1] Click Tải dữ liệu...
[13:33:20] Worker 2 | dòng 307: Đang chọn bài liên quan
[13:33:21]     ID hiện tại: 5120 | đã chọn thêm: 5121, 5122, 5123, 5124, 5125
[13:33:21]     Tổng selected sau cùng: 5/5
[13:33:21] [2] Chọn danh mục: Kinh doanh
[13:33:21]     Đăng nhập thành công, đã vào đúng trang sửa bài.
[13:33:21] [1] Click Tải dữ liệu...
[13:33:21] Worker 1 | dòng 306: Đang chọn bài liên quan
[13:33:21]     Đăng nhập thành công, đã vào đúng trang sửa bài.
[13:33:21] [1] Click Tải dữ liệu...
[13:33:21] Worker 3 | dòng 305: Đang chọn bài liên quan
[13:33:21]     Đã tải dữ liệu bài liên quan.
[13:33:21] [2] Chọn danh mục: Tất cả
[13:33:21]     Đã tải dữ liệu bài liên quan.
[13:33:21] [2] Chọn danh mục: Tất cả
[13:33:21]     Đã tải dữ liệu bài liên quan.
[13:33:21] [2] Chọn danh mục: Tất cả
[13:33:22]     Đã chọn nhanh 5 bài, tổng hiện tại 10/10
[13:33:22]     Nhóm ID gần nhất: 5/5
[13:33:22]     ID nhóm gần nhất: 5121, 5120, 5119, 5118, 5117
[13:33:22]     Nhóm cùng danh mục "Kinh doanh": chọn thêm đến đủ 10
[13:33:22] Kết quả cuối: 10/10 bài liên quan.
[13:33:22]     Các ID selected: 5121, 5120, 5119, 5118, 5117, 5125, 5124, 5123, 5122, 5097
[13:33:22] [3] Lưu bài...
[13:33:22]     Đã chọn nhanh 5 bài, tổng hiện tại 10/10
[13:33:22]     Nhóm ID gần nhất: 5/5
[13:33:22]     ID nhóm gần nhất: 5125, 5124, 5123, 5122, 5121
[13:33:22]     Nhóm cùng danh mục "Kinh doanh": chọn thêm đến đủ 10
[13:33:22] Kết quả cuối: 10/10 bài liên quan.
[13:33:22]     Các ID selected: 5125, 5124, 5123, 5122, 5121, 5119, 5118, 5117, 5116, 5097
[13:33:22] [3] Lưu bài...
[13:33:23]     ID hiện tại: 5119 | đã chọn thêm: 5120, 5121, 5122, 5123, 5124
[13:33:23]     Tổng selected sau cùng: 5/5
[13:33:23] [2] Chọn danh mục: Kinh doanh
[13:33:23]     ID hiện tại: 5117 | đã chọn thêm: 5118, 5119, 5120, 5121, 5122
[13:33:23]     Tổng selected sau cùng: 5/5
[13:33:23] [2] Chọn danh mục: Kinh doanh
[13:33:23]     ID hiện tại: 5118 | đã chọn thêm: 5119, 5120, 5121, 5122, 5123
[13:33:23]     Tổng selected sau cùng: 5/5
[13:33:23] [2] Chọn danh mục: Kinh doanh
[13:33:24]     Đã chọn nhanh 5 bài, tổng hiện tại 10/10
[13:33:24]     Nhóm ID gần nhất: 5/5
[13:33:24]     ID nhóm gần nhất: 5124, 5123, 5122, 5121, 5120
[13:33:24]     Nhóm cùng danh mục "Kinh doanh": chọn thêm đến đủ 10
[13:33:24] Kết quả cuối: 10/10 bài liên quan.
[13:33:24]     Các ID selected: 5124, 5123, 5122, 5121, 5120, 5125, 5118, 5117, 5116, 5097
[13:33:24] [3] Lưu bài...
[13:33:24]     Đã chọn nhanh 5 bài, tổng hiện tại 10/10
[13:33:24]     Nhóm ID gần nhất: 5/5
[13:33:24]     ID nhóm gần nhất: 5122, 5121, 5120, 5119, 5118
[13:33:24]     Nhóm cùng danh mục "Kinh doanh": chọn thêm đến đủ 10
[13:33:24] Kết quả cuối: 10/10 bài liên quan.
[13:33:24]     Các ID selected: 5122, 5121, 5120, 5119, 5118, 5125, 5124, 5123, 5116, 5097
[13:33:24] [3] Lưu bài...
[13:33:25]     Đã chọn nhanh 5 bài, tổng hiện tại 10/10
[13:33:25]     Nhóm ID gần nhất: 5/5
[13:33:25]     ID nhóm gần nhất: 5123, 5122, 5121, 5120, 5119
[13:33:25]     Nhóm cùng danh mục "Kinh doanh": chọn thêm đến đủ 10
[13:33:25] Kết quả cuối: 10/10 bài liên quan.
[13:33:25]     Các ID selected: 5123, 5122, 5121, 5120, 5119, 5125, 5124, 5117, 5116, 5097
[13:33:25] [3] Lưu bài...
[13:33:25]     Đã click lưu. URL trước: https://doanhnhanduongthoi.com/admin/news_tb/field/id=5116/root_id=999
[13:33:25]     URL sau  : https://doanhnhanduongthoi.com/admin/news_tb/list/root_id=999
[13:33:25]     Đã click lưu. URL trước: https://doanhnhanduongthoi.com/admin/news_tb/field/id=5120/root_id=999
[13:33:25]     URL sau  : https://doanhnhanduongthoi.com/admin/news_tb/list/root_id=999
[13:33:25] [OK] Worker 4 xong dòng 304 | 10 bài | 9.6 giây
[13:33:25] [GIAO] Worker 4 <- dòng 309 | ID 5123
[13:33:25] [OK] Worker 5 xong dòng 308 | 10 bài | 8.0 giây
[13:33:25] [GIAO] Worker 5 <- dòng 310 | ID 5121
[13:33:25] Worker 4 | dòng 309: Đang mở ID 5123
[13:33:25] Worker 5 | dòng 310: Đang mở ID 5121
[13:33:26]     Đã ở đúng trang sửa bài, không cần đăng nhập.
[13:33:26] [1] Click Tải dữ liệu...
[13:33:26] Worker 4 | dòng 309: Đang chọn bài liên quan
[13:33:26]     Đã tải dữ liệu bài liên quan.
[13:33:26] [2] Chọn danh mục: Tất cả
[13:33:26]     Đã ở đúng trang sửa bài, không cần đăng nhập.
[13:33:26] [1] Click Tải dữ liệu...
[13:33:26] Worker 5 | dòng 310: Đang chọn bài liên quan
[13:33:27]     Đã tải dữ liệu bài liên quan.
[13:33:27] [2] Chọn danh mục: Tất cả
[13:33:27]     Đã click lưu. URL trước: https://doanhnhanduongthoi.com/admin/news_tb/field/id=5119/root_id=999
[13:33:27]     URL sau  : https://doanhnhanduongthoi.com/admin/news_tb/list/root_id=999
[13:33:27]     Đã click lưu. URL trước: https://doanhnhanduongthoi.com/admin/news_tb/field/id=5118/root_id=999
[13:33:27]     Đã click lưu. URL trước: https://doanhnhanduongthoi.com/admin/news_tb/field/id=5117/root_id=999
[13:33:27]     URL sau  : https://doanhnhanduongthoi.com/admin/news_tb/list/root_id=999
[13:33:27]     URL sau  : https://doanhnhanduongthoi.com/admin/news_tb/list/root_id=999
[13:33:28] [OK] Worker 2 xong dòng 307 | 10 bài | 10.7 giây
[13:33:28] [GIAO] Worker 2 <- dòng 311 | ID 5122
[13:33:28]     ID hiện tại: 5123 | đã chọn thêm: 5124, 5125, 5122, 5121, 5120
[13:33:28]     Tổng selected sau cùng: 5/5
[13:33:28] [2] Chọn danh mục: Kinh doanh
[13:33:28] [OK] Worker 1 xong dòng 306 | 10 bài | 11.4 giây
[13:33:28] [GIAO] Worker 1 <- dòng 312 | ID 5124
[13:33:28]     ID hiện tại: 5121 | đã chọn thêm: 5122, 5123, 5124, 5125, 5120
[13:33:28]     Tổng selected sau cùng: 5/5
[13:33:28] [2] Chọn danh mục: Kinh doanh
[13:33:28]     Đã ở đúng trang sửa bài, không cần đăng nhập.
[13:33:28] [1] Click Tải dữ liệu...
[13:33:28] [OK] Worker 3 xong dòng 305 | 10 bài | 11.9 giây
[13:33:28] [GIAO] Worker 3 <- dòng 313 | ID 5125
[13:33:28] Worker 2 | dòng 311: Đang mở ID 5122
[13:33:28] Worker 1 | dòng 312: Đang mở ID 5124
[13:33:28] Worker 2 | dòng 311: Đang chọn bài liên quan
[13:33:28] Worker 3 | dòng 313: Đang mở ID 5125
[13:33:29]     Đã ở đúng trang sửa bài, không cần đăng nhập.
[13:33:29] [1] Click Tải dữ liệu...
[13:33:29] Worker 1 | dòng 312: Đang chọn bài liên quan
[13:33:29]     Đã tải dữ liệu bài liên quan.
[13:33:29] [2] Chọn danh mục: Tất cả
[13:33:29]     Đã ở đúng trang sửa bài, không cần đăng nhập.
[13:33:29] [1] Click Tải dữ liệu...
[13:33:29] Worker 3 | dòng 313: Đang chọn bài liên quan
[13:33:29]     Đã tải dữ liệu bài liên quan.
[13:33:29] [2] Chọn danh mục: Tất cả
[13:33:29]     Đã chọn nhanh 5 bài, tổng hiện tại 10/10
[13:33:29]     Nhóm ID gần nhất: 5/5
[13:33:29]     ID nhóm gần nhất: 5125, 5124, 5122, 5121, 5120
[13:33:29]     Nhóm cùng danh mục "Kinh doanh": chọn thêm đến đủ 10
[13:33:29] Kết quả cuối: 10/10 bài liên quan.
[13:33:29]     Các ID selected: 5125, 5124, 5122, 5121, 5120, 5119, 5118, 5117, 5116, 5097
[13:33:29] [3] Lưu bài...
[13:33:30]     Đã tải dữ liệu bài liên quan.
[13:33:30] [2] Chọn danh mục: Tất cả
[13:33:30]     Đã chọn nhanh 5 bài, tổng hiện tại 10/10
[13:33:30]     Nhóm ID gần nhất: 5/5
[13:33:30]     ID nhóm gần nhất: 5125, 5124, 5123, 5122, 5120
[13:33:30]     Nhóm cùng danh mục "Kinh doanh": chọn thêm đến đủ 10
[13:33:30] Kết quả cuối: 10/10 bài liên quan.
[13:33:30]     Các ID selected: 5125, 5124, 5123, 5122, 5120, 5119, 5118, 5117, 5116, 5097
[13:33:30] [3] Lưu bài...
[13:33:30]     ID hiện tại: 5122 | đã chọn thêm: 5123, 5124, 5125, 5121, 5120
[13:33:30]     Tổng selected sau cùng: 5/5
[13:33:30] [2] Chọn danh mục: Kinh doanh
[13:33:31]     ID hiện tại: 5124 | đã chọn thêm: 5125, 5123, 5122, 5121, 5120
[13:33:31]     Tổng selected sau cùng: 5/5
[13:33:31] [2] Chọn danh mục: Kinh doanh
[13:33:31]     ID hiện tại: 5125 | đã chọn thêm: 5124, 5123, 5122, 5121, 5120
[13:33:31]     Tổng selected sau cùng: 5/5
[13:33:31] [2] Chọn danh mục: Kinh doanh
[13:33:32]     Đã chọn nhanh 5 bài, tổng hiện tại 10/10
[13:33:32]     Nhóm ID gần nhất: 5/5
[13:33:32]     ID nhóm gần nhất: 5125, 5124, 5123, 5121, 5120
[13:33:32]     Nhóm cùng danh mục "Kinh doanh": chọn thêm đến đủ 10
[13:33:32] Kết quả cuối: 10/10 bài liên quan.
[13:33:32]     Các ID selected: 5125, 5124, 5123, 5121, 5120, 5119, 5118, 5117, 5116, 5097
[13:33:32] [3] Lưu bài...
[13:33:32]     Đã click lưu. URL trước: https://doanhnhanduongthoi.com/admin/news_tb/field/id=5123/root_id=999
[13:33:32]     URL sau  : https://doanhnhanduongthoi.com/admin/news_tb/list/root_id=999
[13:33:32]     Đã chọn nhanh 5 bài, tổng hiện tại 10/10
[13:33:32]     Nhóm ID gần nhất: 5/5
[13:33:32]     ID nhóm gần nhất: 5125, 5123, 5122, 5121, 5120
[13:33:32]     Nhóm cùng danh mục "Kinh doanh": chọn thêm đến đủ 10
[13:33:32] Kết quả cuối: 10/10 bài liên quan.
[13:33:32]     Các ID selected: 5125, 5123, 5122, 5121, 5120, 5119, 5118, 5117, 5116, 5097
[13:33:32] [3] Lưu bài...
[13:33:32]     Đã chọn nhanh 5 bài, tổng hiện tại 10/10
[13:33:32]     Nhóm ID gần nhất: 5/5
[13:33:32]     ID nhóm gần nhất: 5124, 5123, 5122, 5121, 5120
[13:33:32]     Nhóm cùng danh mục "Kinh doanh": chọn thêm đến đủ 10
[13:33:32] Kết quả cuối: 10/10 bài liên quan.
[13:33:32]     Các ID selected: 5124, 5123, 5122, 5121, 5120, 5119, 5118, 5117, 5116, 5097
[13:33:32] [3] Lưu bài...
[13:33:33] [OK] Worker 4 xong dòng 309 | 10 bài | 7.2 giây
[13:33:33] [GIAO] Worker 4 <- dòng 1077 | ID 3198
[13:33:33] Worker 4 | dòng 1077: Đang mở ID 3198
[13:33:33]     Đã click lưu. URL trước: https://doanhnhanduongthoi.com/admin/news_tb/field/id=5121/root_id=999
[13:33:33]     URL sau  : https://doanhnhanduongthoi.com/admin/news_tb/list/root_id=999
[13:33:33] [OK] Worker 5 xong dòng 310 | 10 bài | 7.2 giây
[13:33:33] [GIAO] Worker 5 <- dòng 1078 | ID 3199
[13:33:33] Worker 5 | dòng 1078: Đang mở ID 3199
[13:33:33]     Phát hiện trang đăng nhập → tự nhập ID và mật khẩu...
[13:33:34]     Đã nhập ID/mật khẩu → click ĐĂNG NHẬP.
[13:33:34]     Phát hiện trang đăng nhập → tự nhập ID và mật khẩu...
[13:33:35]     Đã click lưu. URL trước: https://doanhnhanduongthoi.com/admin/news_tb/field/id=5122/root_id=999
[13:33:35]     Đã nhập ID/mật khẩu → click ĐĂNG NHẬP.
[13:33:35]     URL sau  : https://doanhnhanduongthoi.com/admin/news_tb/list/root_id=999
[13:33:35] [OK] Worker 2 xong dòng 311 | 10 bài | 6.9 giây
[13:33:35] [GIAO] Worker 2 <- dòng 1079 | ID 3200
[13:33:35] Worker 2 | dòng 1079: Đang mở ID 3200
[13:33:35]     Đã click lưu. URL trước: https://doanhnhanduongthoi.com/admin/news_tb/field/id=5124/root_id=999
[13:33:35]     URL sau  : https://doanhnhanduongthoi.com/admin/news_tb/list/root_id=999
[13:33:36]     Đã click lưu. URL trước: https://doanhnhanduongthoi.com/admin/news_tb/field/id=5125/root_id=999
[13:33:36]     URL sau  : https://doanhnhanduongthoi.com/admin/news_tb/list/root_id=999
[13:33:36] [OK] Worker 1 xong dòng 312 | 10 bài | 7.4 giây
[13:33:36] [GIAO] Worker 1 <- dòng 1080 | ID 3201
[13:33:36]     Đăng nhập thành công, đã vào đúng trang sửa bài.
[13:33:36] [1] Click Tải dữ liệu...
[13:33:36] [OK] Worker 3 xong dòng 313 | 10 bài | 7.1 giây
[13:33:36] [GIAO] Worker 3 <- dòng 1081 | ID 3203
[13:33:36] Worker 1 | dòng 1080: Đang mở ID 3201
[13:33:36] Worker 4 | dòng 1077: Đang chọn bài liên quan
[13:33:36] Worker 3 | dòng 1081: Đang mở ID 3203
[13:33:36]     Phát hiện trang đăng nhập → tự nhập ID và mật khẩu...
[13:33:37]     Đã tải dữ liệu bài liên quan.
[13:33:37] [2] Chọn danh mục: Tất cả
[13:33:37]     Đã nhập ID/mật khẩu → click ĐĂNG NHẬP.
[13:33:37]     Phát hiện trang đăng nhập → tự nhập ID và mật khẩu...
[13:33:37]     Phát hiện trang đăng nhập → tự nhập ID và mật khẩu...
[13:33:37]     Đăng nhập thành công, đã vào đúng trang sửa bài.
[13:33:37] [1] Click Tải dữ liệu...
[13:33:37] Worker 5 | dòng 1078: Đang chọn bài liên quan
[13:33:37]     Đã nhập ID/mật khẩu → click ĐĂNG NHẬP.
[13:33:37]     Đã nhập ID/mật khẩu → click ĐĂNG NHẬP.
[13:33:38]     Đã tải dữ liệu bài liên quan.
[13:33:38] [2] Chọn danh mục: Tất cả
[13:33:38]     ID hiện tại: 3198 | đã chọn thêm: 3199, 3200, 3201, 3202, 3203
[13:33:38]     Tổng selected sau cùng: 5/5
[13:33:38] [2] Chọn danh mục: Doanh nghiệp
[13:33:39]     Đăng nhập thành công, đã vào đúng trang sửa bài.
[13:33:39] [1] Click Tải dữ liệu...
[13:33:39] Worker 1 | dòng 1080: Đang chọn bài liên quan
[13:33:39]     Đăng nhập thành công, đã vào đúng trang sửa bài.
[13:33:39] [1] Click Tải dữ liệu...
[13:33:39] Worker 2 | dòng 1079: Đang chọn bài liên quan
[13:33:39]     Đăng nhập thành công, đã vào đúng trang sửa bài.
[13:33:39] [1] Click Tải dữ liệu...
[13:33:39] Worker 3 | dòng 1081: Đang chọn bài liên quan
[13:33:39]     ID hiện tại: 3199 | đã chọn thêm: 3200, 3201, 3202, 3203, 3204
[13:33:39]     Tổng selected sau cùng: 5/5
[13:33:39] [2] Chọn danh mục: Doanh nghiệp
[13:33:39]     Đã tải dữ liệu bài liên quan.
[13:33:39] [2] Chọn danh mục: Tất cả
[13:33:40]     Đã chọn nhanh 5 bài, tổng hiện tại 10/10
[13:33:40]     Nhóm ID gần nhất: 5/5
[13:33:40]     ID nhóm gần nhất: 3203, 3202, 3201, 3200, 3199
[13:33:40]     Nhóm cùng danh mục "Doanh nghiệp": chọn thêm đến đủ 10
[13:33:40] Kết quả cuối: 10/10 bài liên quan.
[13:33:40]     Các ID selected: 3203, 3202, 3201, 3200, 3199, 3207, 3206, 3205, 3204, 3088
[13:33:40] [3] Lưu bài...
[13:33:40]     Đã tải dữ liệu bài liên quan.
[13:33:40] [2] Chọn danh mục: Tất cả
[13:33:40]     Đã tải dữ liệu bài liên quan.
[13:33:40] [2] Chọn danh mục: Tất cả
[13:33:41]     Đã chọn nhanh 5 bài, tổng hiện tại 10/10
[13:33:41]     Nhóm ID gần nhất: 5/5
[13:33:41]     ID nhóm gần nhất: 3204, 3203, 3202, 3201, 3200
[13:33:41]     Nhóm cùng danh mục "Doanh nghiệp": chọn thêm đến đủ 10
[13:33:41] Kết quả cuối: 10/10 bài liên quan.
[13:33:41]     Các ID selected: 3204, 3203, 3202, 3201, 3200, 3207, 3206, 3205, 3198, 3088
[13:33:41] [3] Lưu bài...
[13:33:41]     ID hiện tại: 3201 | đã chọn thêm: 3202, 3203, 3204, 3205, 3206
[13:33:41]     Tổng selected sau cùng: 5/5
[13:33:41] [2] Chọn danh mục: Doanh nghiệp
[13:33:41]     ID hiện tại: 3200 | đã chọn thêm: 3201, 3202, 3203, 3204, 3205
[13:33:41]     Tổng selected sau cùng: 5/5
[13:33:41] [2] Chọn danh mục: Doanh nghiệp
[13:33:41]     ID hiện tại: 3203 | đã chọn thêm: 3204, 3205, 3206, 3207, 3202
[13:33:41]     Tổng selected sau cùng: 5/5
[13:33:41] [2] Chọn danh mục: Doanh nghiệp
[13:33:42]     Đã click lưu. URL trước: https://kythuatmarketing.com/admin/news_tb/field/id=3198/root_id=999
[13:33:42]     URL sau  : https://kythuatmarketing.com/admin/news_tb/list/root_id=999
[13:33:42]     Đã chọn nhanh 5 bài, tổng hiện tại 10/10
[13:33:42]     Nhóm ID gần nhất: 5/5
[13:33:42]     ID nhóm gần nhất: 3206, 3205, 3204, 3203, 3202
[13:33:42]     Nhóm cùng danh mục "Doanh nghiệp": chọn thêm đến đủ 10
[13:33:42] Kết quả cuối: 10/10 bài liên quan.
[13:33:42]     Các ID selected: 3206, 3205, 3204, 3203, 3202, 3207, 3200, 3199, 3198, 3088
[13:33:42] [3] Lưu bài...
[13:33:43]     Đã chọn nhanh 5 bài, tổng hiện tại 10/10
[13:33:43]     Nhóm ID gần nhất: 5/5
[13:33:43]     ID nhóm gần nhất: 3205, 3204, 3203, 3202, 3201
[13:33:43]     Nhóm cùng danh mục "Doanh nghiệp": chọn thêm đến đủ 10
[13:33:43] Kết quả cuối: 10/10 bài liên quan.
[13:33:43]     Các ID selected: 3205, 3204, 3203, 3202, 3201, 3207, 3206, 3199, 3198, 3088
[13:33:43] [3] Lưu bài...
[13:33:43]     Đã chọn nhanh 5 bài, tổng hiện tại 10/10
[13:33:43]     Nhóm ID gần nhất: 5/5
[13:33:43]     ID nhóm gần nhất: 3207, 3206, 3205, 3204, 3202
[13:33:43]     Nhóm cùng danh mục "Doanh nghiệp": chọn thêm đến đủ 10
[13:33:43] Kết quả cuối: 10/10 bài liên quan.
[13:33:43]     Các ID selected: 3207, 3206, 3205, 3204, 3202, 3201, 3200, 3199, 3198, 3088
[13:33:43] [3] Lưu bài...
[13:33:43] [OK] Worker 4 xong dòng 1077 | 10 bài | 9.5 giây
[13:33:43] [GIAO] Worker 4 <- dòng 1082 | ID 3206
[13:33:43] Worker 4 | dòng 1082: Đang mở ID 3206
[13:33:43]     Đã ở đúng trang sửa bài, không cần đăng nhập.
[13:33:43] [1] Click Tải dữ liệu...
[13:33:43] Worker 4 | dòng 1082: Đang chọn bài liên quan
[13:33:43]     Đã click lưu. URL trước: https://kythuatmarketing.com/admin/news_tb/field/id=3199/root_id=999
[13:33:43]     URL sau  : https://kythuatmarketing.com/admin/news_tb/list/root_id=999
[13:33:44]     Đã tải dữ liệu bài liên quan.
[13:33:44] [2] Chọn danh mục: Tất cả
[13:33:44] [OK] Worker 5 xong dòng 1078 | 10 bài | 10.1 giây
[13:33:44] [GIAO] Worker 5 <- dòng 1083 | ID 3202
[13:33:44] Worker 5 | dòng 1083: Đang mở ID 3202
[13:33:45]     Đã ở đúng trang sửa bài, không cần đăng nhập.
[13:33:45] [1] Click Tải dữ liệu...
[13:33:45] Worker 5 | dòng 1083: Đang chọn bài liên quan
[13:33:45]     Đã tải dữ liệu bài liên quan.
[13:33:45] [2] Chọn danh mục: Tất cả
[13:33:45]     Đã click lưu. URL trước: https://kythuatmarketing.com/admin/news_tb/field/id=3200/root_id=999
[13:33:45]     URL sau  : https://kythuatmarketing.com/admin/news_tb/list/root_id=999
[13:33:45]     ID hiện tại: 3206 | đã chọn thêm: 3207, 3205, 3204, 3203, 3202
[13:33:45]     Tổng selected sau cùng: 5/5
[13:33:45] [2] Chọn danh mục: Doanh nghiệp
[13:33:45]     Đã click lưu. URL trước: https://kythuatmarketing.com/admin/news_tb/field/id=3201/root_id=999
[13:33:45]     URL sau  : https://kythuatmarketing.com/admin/news_tb/list/root_id=999
[13:33:45]     Đã click lưu. URL trước: https://kythuatmarketing.com/admin/news_tb/field/id=3203/root_id=999
[13:33:45]     URL sau  : https://kythuatmarketing.com/admin/news_tb/list/root_id=999
[13:33:46] [OK] Worker 2 xong dòng 1079 | 10 bài | 10.3 giây
[13:33:46] [GIAO] Worker 2 <- dòng 1084 | ID 3207
[13:33:46]     Đã ở đúng trang sửa bài, không cần đăng nhập.
[13:33:46] [1] Click Tải dữ liệu...
[13:33:46] [OK] Worker 1 xong dòng 1080 | 10 bài | 9.6 giây
[13:33:46] [GIAO] Worker 1 <- dòng 1085 | ID 3204
[13:33:46]     Đã ở đúng trang sửa bài, không cần đăng nhập.
[13:33:46] [1] Click Tải dữ liệu...
[13:33:46] [OK] Worker 3 xong dòng 1081 | 10 bài | 9.2 giây
[13:33:46] [GIAO] Worker 3 <- dòng 1086 | ID 3205
[13:33:46] Worker 2 | dòng 1084: Đang mở ID 3207
[13:33:46] Worker 2 | dòng 1084: Đang chọn bài liên quan
[13:33:46] Worker 1 | dòng 1085: Đang mở ID 3204
[13:33:46] Worker 1 | dòng 1085: Đang chọn bài liên quan
[13:33:46] Worker 3 | dòng 1086: Đang mở ID 3205
[13:33:46]     ID hiện tại: 3202 | đã chọn thêm: 3203, 3204, 3205, 3206, 3207
[13:33:46]     Tổng selected sau cùng: 5/5
[13:33:46] [2] Chọn danh mục: Doanh nghiệp
[13:33:47]     Đã tải dữ liệu bài liên quan.
[13:33:47] [2] Chọn danh mục: Tất cả
[13:33:47]     Đã chọn nhanh 5 bài, tổng hiện tại 10/10
[13:33:47]     Nhóm ID gần nhất: 5/5
[13:33:47]     ID nhóm gần nhất: 3207, 3205, 3204, 3203, 3202
[13:33:47]     Nhóm cùng danh mục "Doanh nghiệp": chọn thêm đến đủ 10
[13:33:47] Kết quả cuối: 10/10 bài liên quan.
[13:33:47]     Các ID selected: 3207, 3205, 3204, 3203, 3202, 3201, 3200, 3199, 3198, 3088
[13:33:47] [3] Lưu bài...
[13:33:47]     Đã ở đúng trang sửa bài, không cần đăng nhập.
[13:33:47] [1] Click Tải dữ liệu...
[13:33:47] Worker 3 | dòng 1086: Đang chọn bài liên quan
[13:33:47]     Đã tải dữ liệu bài liên quan.
[13:33:47] [2] Chọn danh mục: Tất cả
[13:33:47]     Đã tải dữ liệu bài liên quan.
[13:33:47] [2] Chọn danh mục: Tất cả
[13:33:48]     Đã chọn nhanh 5 bài, tổng hiện tại 10/10
[13:33:48]     Nhóm ID gần nhất: 5/5
[13:33:48]     ID nhóm gần nhất: 3207, 3206, 3205, 3204, 3203
[13:33:48]     Nhóm cùng danh mục "Doanh nghiệp": chọn thêm đến đủ 10
[13:33:48] Kết quả cuối: 10/10 bài liên quan.
[13:33:48]     Các ID selected: 3207, 3206, 3205, 3204, 3203, 3201, 3200, 3199, 3198, 3088
[13:33:48] [3] Lưu bài...
[13:33:48]     ID hiện tại: 3207 | đã chọn thêm: 3206, 3205, 3204, 3203, 3202
[13:33:48]     Tổng selected sau cùng: 5/5
[13:33:48] [2] Chọn danh mục: Doanh nghiệp
[13:33:48]     ID hiện tại: 3204 | đã chọn thêm: 3205, 3206, 3207, 3203, 3202
[13:33:48]     Tổng selected sau cùng: 5/5
[13:33:48] [2] Chọn danh mục: Doanh nghiệp
[13:33:49]     ID hiện tại: 3205 | đã chọn thêm: 3206, 3207, 3204, 3203, 3202
[13:33:49]     Tổng selected sau cùng: 5/5
[13:33:49] [2] Chọn danh mục: Doanh nghiệp
[13:33:49]     Đã click lưu. URL trước: https://kythuatmarketing.com/admin/news_tb/field/id=3206/root_id=999
[13:33:49]     URL sau  : https://kythuatmarketing.com/admin/news_tb/list/root_id=999
[13:33:49]     Đã chọn nhanh 5 bài, tổng hiện tại 10/10
[13:33:49]     Nhóm ID gần nhất: 5/5
[13:33:49]     ID nhóm gần nhất: 3206, 3205, 3204, 3203, 3202
[13:33:49]     Nhóm cùng danh mục "Doanh nghiệp": chọn thêm đến đủ 10
[13:33:49] Kết quả cuối: 10/10 bài liên quan.
[13:33:49]     Các ID selected: 3206, 3205, 3204, 3203, 3202, 3201, 3200, 3199, 3198, 3088
[13:33:49] [3] Lưu bài...
[13:33:50] [OK] Worker 4 xong dòng 1082 | 10 bài | 6.5 giây
[13:33:50]     Đã chọn nhanh 5 bài, tổng hiện tại 10/10
[13:33:50]     Nhóm ID gần nhất: 5/5
[13:33:50]     ID nhóm gần nhất: 3207, 3206, 3205, 3203, 3202
[13:33:50]     Nhóm cùng danh mục "Doanh nghiệp": chọn thêm đến đủ 10
[13:33:50] Kết quả cuối: 10/10 bài liên quan.
[13:33:50]     Các ID selected: 3207, 3206, 3205, 3203, 3202, 3201, 3200, 3199, 3198, 3088
[13:33:50] [3] Lưu bài...
[13:33:50]     Đã chọn nhanh 5 bài, tổng hiện tại 10/10
[13:33:50]     Nhóm ID gần nhất: 5/5
[13:33:50]     ID nhóm gần nhất: 3207, 3206, 3204, 3203, 3202
[13:33:50]     Nhóm cùng danh mục "Doanh nghiệp": chọn thêm đến đủ 10
[13:33:50] Kết quả cuối: 10/10 bài liên quan.
[13:33:50]     Các ID selected: 3207, 3206, 3204, 3203, 3202, 3201, 3200, 3199, 3198, 3088
[13:33:50] [3] Lưu bài...
[13:33:51]     Đã click lưu. URL trước: https://kythuatmarketing.com/admin/news_tb/field/id=3202/root_id=999
[13:33:51]     URL sau  : https://kythuatmarketing.com/admin/news_tb/list/root_id=999
[13:33:51] [OK] Worker 5 xong dòng 1083 | 10 bài | 6.8 giây
[13:33:52]     Đã click lưu. URL trước: https://kythuatmarketing.com/admin/news_tb/field/id=3207/root_id=999
[13:33:52]     URL sau  : https://kythuatmarketing.com/admin/news_tb/list/root_id=999
[13:33:52]     Đã click lưu. URL trước: https://kythuatmarketing.com/admin/news_tb/field/id=3204/root_id=999
[13:33:52]     URL sau  : https://kythuatmarketing.com/admin/news_tb/list/root_id=999
[13:33:53] [OK] Worker 2 xong dòng 1084 | 10 bài | 6.4 giây
[13:33:53]     Đã click lưu. URL trước: https://kythuatmarketing.com/admin/news_tb/field/id=3205/root_id=999
[13:33:53]     URL sau  : https://kythuatmarketing.com/admin/news_tb/list/root_id=999
[13:33:53] [OK] Worker 1 xong dòng 1085 | 10 bài | 6.5 giây
[13:33:53] [OK] Worker 3 xong dòng 1086 | 10 bài | 6.3 giây
[13:33:57] ========================================================================
[13:33:57] Hoàn thành: 30/30 bài.
[13:33:57] Kết quả: THÀNH CÔNG
[13:33:57] ========================================================================

========================================================================
Kết thúc: 2026-07-31 13:33:57
Mã thoát: 0
Thời gian: 61.59 giây
