HOTKEYVIP STUDIO - NHẬT KÝ CHẠY PYTHON
File: D:\CodexProjects\Hotkeyvip\03_dang_bai\phu_tro\Vip_baivietlienquan_3_luong.py
Bắt đầu: 2026-08-03 07:58:02
========================================================================
[07:58:05] Chọn số luồng [3/5] (nhấn Enter = 3): Đã kết nối Excel đang mở: hotkeyvip_test.xlsm
[07:58:05] ========================================================================
[07:58:05] ĐÃ CHỐT 22 BÀI | CHẠY 5 WORKER
[07:58:05] Profile: D:\CodexProjects\Hotkeyvip\02_viet_bai\du_lieu_3_workers\profiles
[07:58:05] ========================================================================
[07:58:28] Worker 3: sẵn sàng.
[07:58:28] [GIAO] Worker 3 <- dòng 196 | ID 4129
[07:58:28] Worker 3 | dòng 196: Đang mở ID 4129
[07:58:29] Worker 5: sẵn sàng.
[07:58:29] [GIAO] Worker 5 <- dòng 197 | ID 4130
[07:58:29] Worker 5 | dòng 197: Đang mở ID 4130
[07:58:29] Worker 2: sẵn sàng.
[07:58:29] [GIAO] Worker 2 <- dòng 198 | ID 4131
[07:58:29] Worker 2 | dòng 198: Đang mở ID 4131
[07:58:31] Worker 1: sẵn sàng.
[07:58:31] [GIAO] Worker 1 <- dòng 199 | ID 4127
[07:58:31] Worker 1 | dòng 199: Đang mở ID 4127
[07:58:31] Worker 4: sẵn sàng.
[07:58:31] [GIAO] Worker 4 <- dòng 200 | ID 4128
[07:58:31] Worker 4 | dòng 200: Đang mở ID 4128
[07:58:42]     Đã ở đúng trang sửa bài, không cần đăng nhập.
[07:58:42] [1] Click Tải dữ liệu...
[07:58:42] Worker 2 | dòng 198: Đang chọn bài liên quan
[07:58:43]     Đã tải dữ liệu bài liên quan.
[07:58:43] [2] Chọn danh mục: Tất cả
[07:58:44]     Đã ở đúng trang sửa bài, không cần đăng nhập.
[07:58:44] [1] Click Tải dữ liệu...
[07:58:44] Worker 3 | dòng 196: Đang chọn bài liên quan
[07:58:44]     ID hiện tại: 4131 | đã chọn thêm: 4130, 4129, 4128, 4127, 4126
[07:58:44]     Tổng selected sau cùng: 5/5
[07:58:44] [2] Chọn danh mục: Thương hiệu
[07:58:44]     Đã tải dữ liệu bài liên quan.
[07:58:45] [2] Chọn danh mục: Tất cả
[07:58:46]     Đã chọn nhanh 5 bài, tổng hiện tại 10/10
[07:58:46]     Nhóm ID gần nhất: 5/5
[07:58:46]     ID nhóm gần nhất: 4130, 4129, 4128, 4127, 4126
[07:58:46]     Nhóm cùng danh mục "Thương hiệu": chọn thêm đến đủ 10
[07:58:46] Kết quả cuối: 10/10 bài liên quan.
[07:58:46]     Các ID selected: 4130, 4129, 4128, 4127, 4126, 4101, 4100, 4099, 4098, 4097
[07:58:46] [3] Lưu bài...
[07:58:46]     ID hiện tại: 4129 | đã chọn thêm: 4130, 4131, 4128, 4127, 4126
[07:58:46]     Tổng selected sau cùng: 5/5
[07:58:46] [2] Chọn danh mục: Thương hiệu
[07:58:47]     Đã chọn nhanh 5 bài, tổng hiện tại 10/10
[07:58:47]     Nhóm ID gần nhất: 5/5
[07:58:47]     ID nhóm gần nhất: 4131, 4130, 4128, 4127, 4126
[07:58:47]     Nhóm cùng danh mục "Thương hiệu": chọn thêm đến đủ 10
[07:58:47] Kết quả cuối: 10/10 bài liên quan.
[07:58:47]     Các ID selected: 4131, 4130, 4128, 4127, 4126, 4101, 4100, 4099, 4098, 4097
[07:58:47] [3] Lưu bài...
[07:58:51]     Đã ở đúng trang sửa bài, không cần đăng nhập.
[07:58:51] [1] Click Tải dữ liệu...
[07:58:51] Worker 1 | dòng 199: Đang chọn bài liên quan
[07:58:51]     Phát hiện trang đăng nhập → tự nhập ID và mật khẩu...
[07:58:51]     Đã tải dữ liệu bài liên quan.
[07:58:51] [2] Chọn danh mục: Tất cả
[07:58:51]     Đã nhập ID/mật khẩu → click ĐĂNG NHẬP.
[07:58:53]     ID hiện tại: 4127 | đã chọn thêm: 4128, 4129, 4130, 4131, 4126
[07:58:53]     Tổng selected sau cùng: 5/5
[07:58:53] [2] Chọn danh mục: Thương hiệu
[07:58:54]     Đã click lưu. URL trước: https://congdongkinhdoanh.com/admin/news_tb/field/id=4131/root_id=999
[07:58:54]     URL sau  : https://congdongkinhdoanh.com/admin/news_tb/list/root_id=999
[07:58:54]     Đã chọn nhanh 5 bài, tổng hiện tại 10/10
[07:58:54]     Nhóm ID gần nhất: 5/5
[07:58:54]     ID nhóm gần nhất: 4131, 4130, 4129, 4128, 4126
[07:58:54]     Nhóm cùng danh mục "Thương hiệu": chọn thêm đến đủ 10
[07:58:54] Kết quả cuối: 10/10 bài liên quan.
[07:58:54]     Các ID selected: 4131, 4130, 4129, 4128, 4126, 4101, 4100, 4099, 4098, 4097
[07:58:54] [3] Lưu bài...
[07:58:55] [OK] Worker 2 xong dòng 198 | 10 bài | 24.3 giây
[07:58:55] [GIAO] Worker 2 <- dòng 327 | ID 5141
[07:58:55] Worker 2 | dòng 327: Đang mở ID 5141
[07:58:59]     Đã click lưu. URL trước: https://congdongkinhdoanh.com/admin/news_tb/field/id=4129/root_id=999
[07:58:59]     URL sau  : https://congdongkinhdoanh.com/admin/news_tb/list/root_id=999
[07:58:59]     Đã click lưu. URL trước: https://congdongkinhdoanh.com/admin/news_tb/field/id=4127/root_id=999
[07:58:59]     URL sau  : https://congdongkinhdoanh.com/admin/news_tb/list/root_id=999
[07:59:00] [OK] Worker 3 xong dòng 196 | 10 bài | 30.9 giây
[07:59:00] [GIAO] Worker 3 <- dòng 328 | ID 5139
[07:59:02] [OK] Worker 1 xong dòng 199 | 10 bài | 28.6 giây
[07:59:03] [GIAO] Worker 1 <- dòng 329 | ID 5140
[07:59:03] Worker 3 | dòng 328: Đang mở ID 5139
[07:59:03] Worker 1 | dòng 329: Đang mở ID 5140
[07:59:10]     Đã ở đúng trang sửa bài, không cần đăng nhập.
[07:59:10] [1] Click Tải dữ liệu...
[07:59:10] Worker 2 | dòng 327: Đang chọn bài liên quan
[07:59:11]     Đã ở đúng trang sửa bài, không cần đăng nhập.
[07:59:11] [1] Click Tải dữ liệu...
[07:59:11] Worker 3 | dòng 328: Đang chọn bài liên quan
[07:59:11]     Đã tải dữ liệu bài liên quan.
[07:59:11] [2] Chọn danh mục: Tất cả
[07:59:12]     Đã tải dữ liệu bài liên quan.
[07:59:12] [2] Chọn danh mục: Tất cả
[07:59:13]     ID hiện tại: 5141 | đã chọn thêm: 5142, 5143, 5144, 5145, 5146
[07:59:13]     Tổng selected sau cùng: 5/5
[07:59:13] [2] Chọn danh mục: Đầu tư
[07:59:13]     ID hiện tại: 5139 | đã chọn thêm: 5140, 5141, 5142, 5143, 5144
[07:59:13]     Tổng selected sau cùng: 5/5
[07:59:13] [2] Chọn danh mục: Đầu tư
[07:59:14]     Đã chọn nhanh 5 bài, tổng hiện tại 10/10
[07:59:14]     Nhóm ID gần nhất: 5/5
[07:59:14]     ID nhóm gần nhất: 5146, 5145, 5144, 5143, 5142
[07:59:14]     Nhóm cùng danh mục "Đầu tư": chọn thêm đến đủ 10
[07:59:14] Kết quả cuối: 10/10 bài liên quan.
[07:59:14]     Các ID selected: 5146, 5145, 5144, 5143, 5142, 5140, 5139, 5138, 5137, 5136
[07:59:14] [3] Lưu bài...
[07:59:15]     Đã chọn nhanh 5 bài, tổng hiện tại 10/10
[07:59:15]     Nhóm ID gần nhất: 5/5
[07:59:15]     ID nhóm gần nhất: 5144, 5143, 5142, 5141, 5140
[07:59:15]     Nhóm cùng danh mục "Đầu tư": chọn thêm đến đủ 10
[07:59:15] Kết quả cuối: 10/10 bài liên quan.
[07:59:15]     Các ID selected: 5144, 5143, 5142, 5141, 5140, 5146, 5145, 5138, 5137, 5136
[07:59:15] [3] Lưu bài...
[07:59:15]     Đã ở đúng trang sửa bài, không cần đăng nhập.
[07:59:15] [1] Click Tải dữ liệu...
[07:59:15] Worker 1 | dòng 329: Đang chọn bài liên quan
[07:59:16]     Đã tải dữ liệu bài liên quan.
[07:59:16] [2] Chọn danh mục: Tất cả
[07:59:18]     Đã click lưu. URL trước: https://doanhnhanduongthoi.com/admin/news_tb/field/id=5139/root_id=999
[07:59:18]     ID hiện tại: 5140 | đã chọn thêm: 5141, 5142, 5143, 5144, 5145
[07:59:18]     Tổng selected sau cùng: 5/5
[07:59:18] [2] Chọn danh mục: Đầu tư
[07:59:18]     URL sau  : https://doanhnhanduongthoi.com/admin/news_tb/list/root_id=999
[07:59:18]     Đã click lưu. URL trước: https://doanhnhanduongthoi.com/admin/news_tb/field/id=5141/root_id=999
[07:59:18]     URL sau  : https://doanhnhanduongthoi.com/admin/news_tb/list/root_id=999
[07:59:19] [OK] Worker 3 xong dòng 328 | 10 bài | 17.5 giây
[07:59:19] [GIAO] Worker 3 <- dòng 330 | ID 5142
[07:59:19]     Đã chọn nhanh 5 bài, tổng hiện tại 10/10
[07:59:19]     Nhóm ID gần nhất: 5/5
[07:59:19]     ID nhóm gần nhất: 5145, 5144, 5143, 5142, 5141
[07:59:19]     Nhóm cùng danh mục "Đầu tư": chọn thêm đến đủ 10
[07:59:19] Kết quả cuối: 10/10 bài liên quan.
[07:59:19]     Các ID selected: 5145, 5144, 5143, 5142, 5141, 5146, 5139, 5138, 5137, 5136
[07:59:19] [3] Lưu bài...
[07:59:20]     Đã ở đúng trang sửa bài, không cần đăng nhập.
[07:59:20] [1] Click Tải dữ liệu...
[07:59:20] [OK] Worker 2 xong dòng 327 | 10 bài | 22.7 giây
[07:59:20] [GIAO] Worker 2 <- dòng 331 | ID 5145
[07:59:20] Worker 3 | dòng 330: Đang mở ID 5142
[07:59:20] Worker 3 | dòng 330: Đang chọn bài liên quan
[07:59:20] Worker 2 | dòng 331: Đang mở ID 5145
[07:59:20]     Đã tải dữ liệu bài liên quan.
[07:59:20] [2] Chọn danh mục: Tất cả
[07:59:21]     Đã ở đúng trang sửa bài, không cần đăng nhập.
[07:59:21] [1] Click Tải dữ liệu...
[07:59:21] Worker 2 | dòng 331: Đang chọn bài liên quan
[07:59:21]     Đã tải dữ liệu bài liên quan.
[07:59:21] [2] Chọn danh mục: Tất cả
[07:59:22]     ID hiện tại: 5142 | đã chọn thêm: 5143, 5144, 5145, 5146, 5141
[07:59:22]     Tổng selected sau cùng: 5/5
[07:59:22] [2] Chọn danh mục: Đầu tư
[07:59:23]     ID hiện tại: 5145 | đã chọn thêm: 5146, 5144, 5143, 5142, 5141
[07:59:23]     Tổng selected sau cùng: 5/5
[07:59:23] [2] Chọn danh mục: Đầu tư
[07:59:23]     Đã chọn nhanh 5 bài, tổng hiện tại 10/10
[07:59:23]     Nhóm ID gần nhất: 5/5
[07:59:23]     ID nhóm gần nhất: 5146, 5145, 5144, 5143, 5141
[07:59:23]     Nhóm cùng danh mục "Đầu tư": chọn thêm đến đủ 10
[07:59:23] Kết quả cuối: 10/10 bài liên quan.
[07:59:23]     Các ID selected: 5146, 5145, 5144, 5143, 5141, 5140, 5139, 5138, 5137, 5136
[07:59:23] [3] Lưu bài...
[07:59:24]     Đã chọn nhanh 5 bài, tổng hiện tại 10/10
[07:59:24]     Nhóm ID gần nhất: 5/5
[07:59:24]     ID nhóm gần nhất: 5146, 5144, 5143, 5142, 5141
[07:59:24]     Nhóm cùng danh mục "Đầu tư": chọn thêm đến đủ 10
[07:59:24] Kết quả cuối: 10/10 bài liên quan.
[07:59:24]     Các ID selected: 5146, 5144, 5143, 5142, 5141, 5140, 5139, 5138, 5137, 5136
[07:59:24] [3] Lưu bài...
[07:59:25]     Đã click lưu. URL trước: https://doanhnhanduongthoi.com/admin/news_tb/field/id=5140/root_id=999
[07:59:25]     URL sau  : https://doanhnhanduongthoi.com/admin/news_tb/list/root_id=999
[07:59:26]     Đã click lưu. URL trước: https://doanhnhanduongthoi.com/admin/news_tb/field/id=5142/root_id=999
[07:59:26]     URL sau  : https://doanhnhanduongthoi.com/admin/news_tb/list/root_id=999
[07:59:26] [OK] Worker 1 xong dòng 329 | 10 bài | 22.5 giây
[07:59:26] [GIAO] Worker 1 <- dòng 332 | ID 5143
[07:59:26]     Đã ở đúng trang sửa bài, không cần đăng nhập.
[07:59:26] [1] Click Tải dữ liệu...
[07:59:27]     Đã tải dữ liệu bài liên quan.
[07:59:27] [2] Chọn danh mục: Tất cả
[07:59:27] [OK] Worker 3 xong dòng 330 | 10 bài | 7.0 giây
[07:59:27] [GIAO] Worker 3 <- dòng 333 | ID 5144
[07:59:27] Worker 1 | dòng 332: Đang mở ID 5143
[07:59:27] Worker 1 | dòng 332: Đang chọn bài liên quan
[07:59:27] Worker 3 | dòng 333: Đang mở ID 5144
[07:59:27]     Đã click lưu. URL trước: https://doanhnhanduongthoi.com/admin/news_tb/field/id=5145/root_id=999
[07:59:27]     URL sau  : https://doanhnhanduongthoi.com/admin/news_tb/list/root_id=999
[07:59:27]     Đăng nhập thành công, đã vào đúng trang sửa bài.
[07:59:27] [1] Click Tải dữ liệu...
[07:59:27]     Đã ở đúng trang sửa bài, không cần đăng nhập.
[07:59:27] [1] Click Tải dữ liệu...
[07:59:28]     Đã tải dữ liệu bài liên quan.
[07:59:28] [2] Chọn danh mục: Tất cả
[07:59:28]     Đã tải dữ liệu bài liên quan.
[07:59:28] [2] Chọn danh mục: Tất cả
[07:59:28] [OK] Worker 2 xong dòng 331 | 10 bài | 7.0 giây
[07:59:28] [GIAO] Worker 2 <- dòng 1107 | ID 3230
[07:59:28] Worker 4 | dòng 200: Đang chọn bài liên quan
[07:59:28] Worker 3 | dòng 333: Đang chọn bài liên quan
[07:59:28] Worker 2 | dòng 1107: Đang mở ID 3230
[07:59:29]     ID hiện tại: 5143 | đã chọn thêm: 5144, 5145, 5146, 5142, 5141
[07:59:29]     Tổng selected sau cùng: 5/5
[07:59:29] [2] Chọn danh mục: Đầu tư
[07:59:29]     Đã ở đúng trang sửa bài, không cần đăng nhập.
[07:59:29] [1] Click Tải dữ liệu...
[07:59:29] Worker 5 | dòng 197: Đang chọn bài liên quan
[07:59:29]     ID hiện tại: 4128 | đã chọn thêm: 4129, 4130, 4131, 4127, 4126
[07:59:29]     Tổng selected sau cùng: 5/5
[07:59:29] [2] Chọn danh mục: Thương hiệu
[07:59:29]     Đã tải dữ liệu bài liên quan.
[07:59:29] [2] Chọn danh mục: Tất cả
[07:59:30]     ID hiện tại: 5144 | đã chọn thêm: 5145, 5146, 5143, 5142, 5141
[07:59:30]     Tổng selected sau cùng: 5/5
[07:59:30] [2] Chọn danh mục: Đầu tư
[07:59:30]     Đã chọn nhanh 5 bài, tổng hiện tại 10/10
[07:59:30]     Nhóm ID gần nhất: 5/5
[07:59:30]     ID nhóm gần nhất: 5146, 5145, 5144, 5142, 5141
[07:59:30]     Nhóm cùng danh mục "Đầu tư": chọn thêm đến đủ 10
[07:59:30] Kết quả cuối: 10/10 bài liên quan.
[07:59:30]     Các ID selected: 5146, 5145, 5144, 5142, 5141, 5140, 5139, 5138, 5137, 5136
[07:59:30] [3] Lưu bài...
[07:59:31]     Đã chọn nhanh 5 bài, tổng hiện tại 10/10
[07:59:31]     Nhóm ID gần nhất: 5/5
[07:59:31]     ID nhóm gần nhất: 4131, 4130, 4129, 4127, 4126
[07:59:31]     Nhóm cùng danh mục "Thương hiệu": chọn thêm đến đủ 10
[07:59:31] Kết quả cuối: 10/10 bài liên quan.
[07:59:31]     Các ID selected: 4131, 4130, 4129, 4127, 4126, 4101, 4100, 4099, 4098, 4097
[07:59:31] [3] Lưu bài...
[07:59:31]     ID hiện tại: 4130 | đã chọn thêm: 4131, 4129, 4128, 4127, 4126
[07:59:31]     Tổng selected sau cùng: 5/5
[07:59:31] [2] Chọn danh mục: Thương hiệu
[07:59:31]     Đã chọn nhanh 5 bài, tổng hiện tại 10/10
[07:59:31]     Nhóm ID gần nhất: 5/5
[07:59:31]     ID nhóm gần nhất: 5146, 5145, 5143, 5142, 5141
[07:59:31]     Nhóm cùng danh mục "Đầu tư": chọn thêm đến đủ 10
[07:59:31] Kết quả cuối: 10/10 bài liên quan.
[07:59:31]     Các ID selected: 5146, 5145, 5143, 5142, 5141, 5140, 5139, 5138, 5137, 5136
[07:59:31] [3] Lưu bài...
[07:59:31]     Phát hiện trang đăng nhập → tự nhập ID và mật khẩu...
[07:59:31]     Đã nhập ID/mật khẩu → click ĐĂNG NHẬP.
[07:59:32]     Đã chọn nhanh 5 bài, tổng hiện tại 10/10
[07:59:32]     Nhóm ID gần nhất: 5/5
[07:59:32]     ID nhóm gần nhất: 4131, 4129, 4128, 4127, 4126
[07:59:32]     Nhóm cùng danh mục "Thương hiệu": chọn thêm đến đủ 10
[07:59:32] Kết quả cuối: 10/10 bài liên quan.
[07:59:32]     Các ID selected: 4131, 4129, 4128, 4127, 4126, 4101, 4100, 4099, 4098, 4097
[07:59:32] [3] Lưu bài...
[07:59:32]     Đã click lưu. URL trước: https://doanhnhanduongthoi.com/admin/news_tb/field/id=5143/root_id=999
[07:59:33]     URL sau  : https://doanhnhanduongthoi.com/admin/news_tb/list/root_id=999
[07:59:33] [OK] Worker 1 xong dòng 332 | 10 bài | 6.5 giây
[07:59:34] [GIAO] Worker 1 <- dòng 1108 | ID 3228
[07:59:34] Worker 1 | dòng 1108: Đang mở ID 3228
[07:59:34]     Đã click lưu. URL trước: https://doanhnhanduongthoi.com/admin/news_tb/field/id=5144/root_id=999
[07:59:34]     URL sau  : https://doanhnhanduongthoi.com/admin/news_tb/list/root_id=999
[07:59:34]     Đã click lưu. URL trước: https://congdongkinhdoanh.com/admin/news_tb/field/id=4128/root_id=999
[07:59:34]     URL sau  : https://congdongkinhdoanh.com/admin/news_tb/list/root_id=999
[07:59:35] [OK] Worker 3 xong dòng 333 | 10 bài | 6.7 giây
[07:59:35] [GIAO] Worker 3 <- dòng 1109 | ID 3229
[07:59:36] [OK] Worker 4 xong dòng 200 | 10 bài | 63.9 giây
[07:59:36] [GIAO] Worker 4 <- dòng 1110 | ID 3231
[07:59:36] Worker 3 | dòng 1109: Đang mở ID 3229
[07:59:36] Worker 4 | dòng 1110: Đang mở ID 3231
[07:59:38]     Phát hiện trang đăng nhập → tự nhập ID và mật khẩu...
[07:59:38]     Đã nhập ID/mật khẩu → click ĐĂNG NHẬP.
[07:59:38]     Đăng nhập thành công, đã vào đúng trang sửa bài.
[07:59:38] [1] Click Tải dữ liệu...
[07:59:38] Worker 2 | dòng 1107: Đang chọn bài liên quan
[07:59:39]     Phát hiện trang đăng nhập → tự nhập ID và mật khẩu...
[07:59:39]     Đã tải dữ liệu bài liên quan.
[07:59:39] [2] Chọn danh mục: Tất cả
[07:59:39]     Đã nhập ID/mật khẩu → click ĐĂNG NHẬP.
[07:59:40]     ID hiện tại: 3230 | đã chọn thêm: 3231, 3232, 3233, 3234, 3235
[07:59:40]     Tổng selected sau cùng: 5/5
[07:59:40] [2] Chọn danh mục: Doanh nghiệp
[07:59:42]     Đã chọn nhanh 5 bài, tổng hiện tại 10/10
[07:59:42]     Nhóm ID gần nhất: 5/5
[07:59:42]     ID nhóm gần nhất: 3235, 3234, 3233, 3232, 3231
[07:59:42]     Nhóm cùng danh mục "Doanh nghiệp": chọn thêm đến đủ 10
[07:59:42] Kết quả cuối: 10/10 bài liên quan.
[07:59:42]     Các ID selected: 3235, 3234, 3233, 3232, 3231, 3238, 3237, 3236, 3229, 3228
[07:59:42] [3] Lưu bài...
[07:59:44]     Đã click lưu. URL trước: https://kythuatmarketing.com/admin/news_tb/field/id=3230/root_id=999
[07:59:44]     URL sau  : https://kythuatmarketing.com/admin/news_tb/list/root_id=999
[07:59:44]     Đăng nhập thành công, đã vào đúng trang sửa bài.
[07:59:44] [1] Click Tải dữ liệu...
[07:59:45]     Phát hiện trang đăng nhập → tự nhập ID và mật khẩu...
[07:59:45]     Đã tải dữ liệu bài liên quan.
[07:59:45] [2] Chọn danh mục: Tất cả
[07:59:45] [OK] Worker 2 xong dòng 1107 | 10 bài | 16.2 giây
[07:59:45] [GIAO] Worker 2 <- dòng 1111 | ID 3232
[07:59:45] Worker 1 | dòng 1108: Đang chọn bài liên quan
[07:59:45] Worker 2 | dòng 1111: Đang mở ID 3232
[07:59:45]     Đã nhập ID/mật khẩu → click ĐĂNG NHẬP.
[07:59:46]     Đã ở đúng trang sửa bài, không cần đăng nhập.
[07:59:46] [1] Click Tải dữ liệu...
[07:59:46] Worker 2 | dòng 1111: Đang chọn bài liên quan
[07:59:46]     Đăng nhập thành công, đã vào đúng trang sửa bài.
[07:59:46] [1] Click Tải dữ liệu...
[07:59:46] Worker 3 | dòng 1109: Đang chọn bài liên quan
[07:59:46]     Đã tải dữ liệu bài liên quan.
[07:59:46] [2] Chọn danh mục: Tất cả
[07:59:47]     Đã tải dữ liệu bài liên quan.
[07:59:47] [2] Chọn danh mục: Tất cả
[07:59:47]     ID hiện tại: 3228 | đã chọn thêm: 3229, 3230, 3231, 3232, 3233
[07:59:47]     Tổng selected sau cùng: 5/5
[07:59:47] [2] Chọn danh mục: Doanh nghiệp
[07:59:48]     ID hiện tại: 3232 | đã chọn thêm: 3233, 3234, 3235, 3236, 3237
[07:59:48]     Tổng selected sau cùng: 5/5
[07:59:48] [2] Chọn danh mục: Doanh nghiệp
[07:59:48]     Đã click lưu. URL trước: https://congdongkinhdoanh.com/admin/news_tb/field/id=4130/root_id=999
[07:59:48]     URL sau  : https://congdongkinhdoanh.com/admin/news_tb/list/root_id=999
[07:59:48]     Đã chọn nhanh 5 bài, tổng hiện tại 10/10
[07:59:48]     Nhóm ID gần nhất: 5/5
[07:59:48]     ID nhóm gần nhất: 3233, 3232, 3231, 3230, 3229
[07:59:48]     Nhóm cùng danh mục "Doanh nghiệp": chọn thêm đến đủ 10
[07:59:48] Kết quả cuối: 10/10 bài liên quan.
[07:59:48]     Các ID selected: 3233, 3232, 3231, 3230, 3229, 3238, 3237, 3236, 3235, 3234
[07:59:48] [3] Lưu bài...
[07:59:48]     ID hiện tại: 3229 | đã chọn thêm: 3230, 3231, 3232, 3233, 3234
[07:59:48]     Tổng selected sau cùng: 5/5
[07:59:48] [2] Chọn danh mục: Doanh nghiệp
[07:59:49] [OK] Worker 5 xong dòng 197 | 10 bài | 79.2 giây
[07:59:49] [GIAO] Worker 5 <- dòng 1112 | ID 3237
[07:59:49] Worker 5 | dòng 1112: Đang mở ID 3237
[07:59:49]     Đã chọn nhanh 5 bài, tổng hiện tại 10/10
[07:59:49]     Nhóm ID gần nhất: 5/5
[07:59:49]     ID nhóm gần nhất: 3237, 3236, 3235, 3234, 3233
[07:59:49]     Nhóm cùng danh mục "Doanh nghiệp": chọn thêm đến đủ 10
[07:59:49] Kết quả cuối: 10/10 bài liên quan.
[07:59:49]     Các ID selected: 3237, 3236, 3235, 3234, 3233, 3238, 3231, 3230, 3229, 3228
[07:59:49] [3] Lưu bài...
[07:59:49]     Đã chọn nhanh 5 bài, tổng hiện tại 10/10
[07:59:49]     Nhóm ID gần nhất: 5/5
[07:59:50]     ID nhóm gần nhất: 3234, 3233, 3232, 3231, 3230
[07:59:50]     Nhóm cùng danh mục "Doanh nghiệp": chọn thêm đến đủ 10
[07:59:50] Kết quả cuối: 10/10 bài liên quan.
[07:59:50]     Các ID selected: 3234, 3233, 3232, 3231, 3230, 3238, 3237, 3236, 3235, 3228
[07:59:50] [3] Lưu bài...
[07:59:50]     Đã click lưu. URL trước: https://kythuatmarketing.com/admin/news_tb/field/id=3228/root_id=999
[07:59:50]     URL sau  : https://kythuatmarketing.com/admin/news_tb/list/root_id=999
[07:59:51] [OK] Worker 1 xong dòng 1108 | 10 bài | 17.0 giây
[07:59:51] [GIAO] Worker 1 <- dòng 1113 | ID 3234
[07:59:51] Worker 1 | dòng 1113: Đang mở ID 3234
[07:59:51]     Đã click lưu. URL trước: https://kythuatmarketing.com/admin/news_tb/field/id=3232/root_id=999
[07:59:51]     URL sau  : https://kythuatmarketing.com/admin/news_tb/list/root_id=999
[07:59:52]     Đăng nhập thành công, đã vào đúng trang sửa bài.
[07:59:52] [1] Click Tải dữ liệu...
[07:59:52]     Đã ở đúng trang sửa bài, không cần đăng nhập.
[07:59:52] [1] Click Tải dữ liệu...
[07:59:52]     Đã click lưu. URL trước: https://kythuatmarketing.com/admin/news_tb/field/id=3229/root_id=999
[07:59:52]     URL sau  : https://kythuatmarketing.com/admin/news_tb/list/root_id=999
[07:59:52]     Đã tải dữ liệu bài liên quan.
[07:59:52] [2] Chọn danh mục: Tất cả
[07:59:52]     Đã tải dữ liệu bài liên quan.
[07:59:52] [2] Chọn danh mục: Tất cả
[07:59:52] [OK] Worker 2 xong dòng 1111 | 10 bài | 6.3 giây
[07:59:52] [GIAO] Worker 2 <- dòng 1114 | ID 3235
[07:59:52] Worker 4 | dòng 1110: Đang chọn bài liên quan
[07:59:52] Worker 1 | dòng 1113: Đang chọn bài liên quan
[07:59:53]     Đã ở đúng trang sửa bài, không cần đăng nhập.
[07:59:53] [1] Click Tải dữ liệu...
[07:59:53] [OK] Worker 3 xong dòng 1109 | 10 bài | 17.2 giây
[07:59:53] [GIAO] Worker 3 <- dòng 1115 | ID 3238
[07:59:53] Worker 2 | dòng 1114: Đang mở ID 3235
[07:59:53] Worker 2 | dòng 1114: Đang chọn bài liên quan
[07:59:53] Worker 3 | dòng 1115: Đang mở ID 3238
[07:59:53]     Đã tải dữ liệu bài liên quan.
[07:59:53] [2] Chọn danh mục: Tất cả
[07:59:54]     ID hiện tại: 3231 | đã chọn thêm: 3232, 3233, 3234, 3235, 3236
[07:59:54]     Tổng selected sau cùng: 5/5
[07:59:54] [2] Chọn danh mục: Doanh nghiệp
[07:59:54]     Đã ở đúng trang sửa bài, không cần đăng nhập.
[07:59:54] [1] Click Tải dữ liệu...
[07:59:54] Worker 3 | dòng 1115: Đang chọn bài liên quan
[07:59:54]     ID hiện tại: 3234 | đã chọn thêm: 3235, 3236, 3237, 3238, 3233
[07:59:54]     Tổng selected sau cùng: 5/5
[07:59:54] [2] Chọn danh mục: Doanh nghiệp
[07:59:54]     Phát hiện trang đăng nhập → tự nhập ID và mật khẩu...
[07:59:54]     Đã tải dữ liệu bài liên quan.
[07:59:54] [2] Chọn danh mục: Tất cả
[07:59:54]     Đã nhập ID/mật khẩu → click ĐĂNG NHẬP.
[07:59:55]     ID hiện tại: 3235 | đã chọn thêm: 3236, 3237, 3238, 3234, 3233
[07:59:55]     Tổng selected sau cùng: 5/5
[07:59:55] [2] Chọn danh mục: Doanh nghiệp
[07:59:55]     Đã chọn nhanh 5 bài, tổng hiện tại 10/10
[07:59:55]     Nhóm ID gần nhất: 5/5
[07:59:55]     ID nhóm gần nhất: 3236, 3235, 3234, 3233, 3232
[07:59:55]     Nhóm cùng danh mục "Doanh nghiệp": chọn thêm đến đủ 10
[07:59:55] Kết quả cuối: 10/10 bài liên quan.
[07:59:55]     Các ID selected: 3236, 3235, 3234, 3233, 3232, 3238, 3237, 3230, 3229, 3228
[07:59:55] [3] Lưu bài...
[07:59:55]     Đã chọn nhanh 5 bài, tổng hiện tại 10/10
[07:59:55]     Nhóm ID gần nhất: 5/5
[07:59:55]     ID nhóm gần nhất: 3238, 3237, 3236, 3235, 3233
[07:59:55]     Nhóm cùng danh mục "Doanh nghiệp": chọn thêm đến đủ 10
[07:59:55] Kết quả cuối: 10/10 bài liên quan.
[07:59:55]     Các ID selected: 3238, 3237, 3236, 3235, 3233, 3232, 3231, 3230, 3229, 3228
[07:59:55] [3] Lưu bài...
[07:59:55]     ID hiện tại: 3238 | đã chọn thêm: 3237, 3236, 3235, 3234, 3233
[07:59:55]     Tổng selected sau cùng: 5/5
[07:59:55] [2] Chọn danh mục: Doanh nghiệp
[07:59:56]     Đã chọn nhanh 5 bài, tổng hiện tại 10/10
[07:59:56]     Nhóm ID gần nhất: 5/5
[07:59:56]     ID nhóm gần nhất: 3238, 3237, 3236, 3234, 3233
[07:59:56]     Nhóm cùng danh mục "Doanh nghiệp": chọn thêm đến đủ 10
[07:59:56] Kết quả cuối: 10/10 bài liên quan.
[07:59:56]     Các ID selected: 3238, 3237, 3236, 3234, 3233, 3232, 3231, 3230, 3229, 3228
[07:59:56] [3] Lưu bài...
[07:59:57]     Đã chọn nhanh 5 bài, tổng hiện tại 10/10
[07:59:57]     Nhóm ID gần nhất: 5/5
[07:59:57]     ID nhóm gần nhất: 3237, 3236, 3235, 3234, 3233
[07:59:57]     Nhóm cùng danh mục "Doanh nghiệp": chọn thêm đến đủ 10
[07:59:57] Kết quả cuối: 10/10 bài liên quan.
[07:59:57]     Các ID selected: 3237, 3236, 3235, 3234, 3233, 3232, 3231, 3230, 3229, 3228
[07:59:57] [3] Lưu bài...
[07:59:57]     Đã click lưu. URL trước: https://kythuatmarketing.com/admin/news_tb/field/id=3231/root_id=999
[07:59:57]     URL sau  : https://kythuatmarketing.com/admin/news_tb/list/root_id=999
[07:59:57]     Đã click lưu. URL trước: https://kythuatmarketing.com/admin/news_tb/field/id=3234/root_id=999
[07:59:57]     URL sau  : https://kythuatmarketing.com/admin/news_tb/list/root_id=999
[07:59:58] [OK] Worker 4 xong dòng 1110 | 10 bài | 21.5 giây
[07:59:58] [GIAO] Worker 4 <- dòng 1116 | ID 3236
[07:59:58]     Đã ở đúng trang sửa bài, không cần đăng nhập.
[07:59:58] [1] Click Tải dữ liệu...
[07:59:58] [OK] Worker 1 xong dòng 1113 | 10 bài | 6.1 giây
[07:59:58] Worker 4 | dòng 1116: Đang mở ID 3236
[07:59:58] Worker 4 | dòng 1116: Đang chọn bài liên quan
[07:59:59]     Đã click lưu. URL trước: https://kythuatmarketing.com/admin/news_tb/field/id=3235/root_id=999
[07:59:59]     URL sau  : https://kythuatmarketing.com/admin/news_tb/list/root_id=999
[07:59:59]     Đã tải dữ liệu bài liên quan.
[07:59:59] [2] Chọn danh mục: Tất cả
[07:59:59]     Đăng nhập thành công, đã vào đúng trang sửa bài.
[07:59:59] [1] Click Tải dữ liệu...
[07:59:59] [OK] Worker 2 xong dòng 1114 | 10 bài | 6.2 giây
[07:59:59] Worker 5 | dòng 1112: Đang chọn bài liên quan
[07:59:59]     Đã click lưu. URL trước: https://kythuatmarketing.com/admin/news_tb/field/id=3238/root_id=999
[07:59:59]     URL sau  : https://kythuatmarketing.com/admin/news_tb/list/root_id=999
[08:00:00]     Đã tải dữ liệu bài liên quan.
[08:00:00] [2] Chọn danh mục: Tất cả
[08:00:00] [OK] Worker 3 xong dòng 1115 | 10 bài | 6.3 giây
[08:00:00]     ID hiện tại: 3236 | đã chọn thêm: 3237, 3238, 3235, 3234, 3233
[08:00:00]     Tổng selected sau cùng: 5/5
[08:00:00] [2] Chọn danh mục: Doanh nghiệp
[08:00:01]     ID hiện tại: 3237 | đã chọn thêm: 3238, 3236, 3235, 3234, 3233
[08:00:01]     Tổng selected sau cùng: 5/5
[08:00:01] [2] Chọn danh mục: Doanh nghiệp
[08:00:02]     Đã chọn nhanh 5 bài, tổng hiện tại 10/10
[08:00:02]     Nhóm ID gần nhất: 5/5
[08:00:02]     ID nhóm gần nhất: 3238, 3237, 3235, 3234, 3233
[08:00:02]     Nhóm cùng danh mục "Doanh nghiệp": chọn thêm đến đủ 10
[08:00:02] Kết quả cuối: 10/10 bài liên quan.
[08:00:02]     Các ID selected: 3238, 3237, 3235, 3234, 3233, 3232, 3231, 3230, 3229, 3228
[08:00:02] [3] Lưu bài...
[08:00:02]     Đã chọn nhanh 5 bài, tổng hiện tại 10/10
[08:00:02]     Nhóm ID gần nhất: 5/5
[08:00:02]     ID nhóm gần nhất: 3238, 3236, 3235, 3234, 3233
[08:00:02]     Nhóm cùng danh mục "Doanh nghiệp": chọn thêm đến đủ 10
[08:00:02] Kết quả cuối: 10/10 bài liên quan.
[08:00:02]     Các ID selected: 3238, 3236, 3235, 3234, 3233, 3232, 3231, 3230, 3229, 3228
[08:00:02] [3] Lưu bài...
[08:00:04]     Đã click lưu. URL trước: https://kythuatmarketing.com/admin/news_tb/field/id=3236/root_id=999
[08:00:04]     URL sau  : https://kythuatmarketing.com/admin/news_tb/list/root_id=999
[08:00:05] [OK] Worker 4 xong dòng 1116 | 10 bài | 6.2 giây
[08:00:05]     Đã click lưu. URL trước: https://kythuatmarketing.com/admin/news_tb/field/id=3237/root_id=999
[08:00:05]     URL sau  : https://kythuatmarketing.com/admin/news_tb/list/root_id=999
[08:00:06] [OK] Worker 5 xong dòng 1112 | 10 bài | 16.2 giây
[08:00:10] ========================================================================
[08:00:10] Hoàn thành: 22/22 bài.
[08:00:10] Kết quả: THÀNH CÔNG
[08:00:10] ========================================================================

========================================================================
Kết thúc: 2026-08-03 08:00:11
Mã thoát: 0
Thời gian: 128.62 giây
