HOTKEYVIP STUDIO - NHẬT KÝ CHẠY PYTHON
File: D:\CodexProjects\Hotkeyvip\03_dang_bai\phu_tro\Vip_baivietlienquan_3_luong.py
Bắt đầu: 2026-08-01 09:10:30
========================================================================
[09:10:34] Chọn số luồng [3/5] (nhấn Enter = 3): Đã kết nối Excel đang mở: hotkeyvip_test.xlsm
[09:10:34] ========================================================================
[09:10:34] ĐÃ CHỐT 23 BÀI | CHẠY 5 WORKER
[09:10:34] Profile: D:\CodexProjects\Hotkeyvip\02_viet_bai\du_lieu_3_workers\profiles
[09:10:34] ========================================================================
[09:10:36] Worker 3: sẵn sàng.
[09:10:36] [GIAO] Worker 3 <- dòng 181 | ID 4112
[09:10:36] Worker 3 | dòng 181: Đang mở ID 4112
[09:10:36] Worker 2: sẵn sàng.
[09:10:36] [GIAO] Worker 2 <- dòng 182 | ID 4113
[09:10:36] Worker 2 | dòng 182: Đang mở ID 4113
[09:10:38]     Phát hiện trang đăng nhập → tự nhập ID và mật khẩu...
[09:10:38]     Phát hiện trang đăng nhập → tự nhập ID và mật khẩu...
[09:10:38]     Đã nhập ID/mật khẩu → click ĐĂNG NHẬP.
[09:10:38]     Đã nhập ID/mật khẩu → click ĐĂNG NHẬP.
[09:10:41]     Đăng nhập thành công, đã vào đúng trang sửa bài.
[09:10:41] [1] Click Tải dữ liệu...
[09:10:41] Worker 2 | dòng 182: Đang chọn bài liên quan
[09:10:41] Worker 5: sẵn sàng.
[09:10:41] [GIAO] Worker 5 <- dòng 183 | ID 4114
[09:10:41] Worker 5 | dòng 183: Đang mở ID 4114
[09:10:41]     Đã tải dữ liệu bài liên quan.
[09:10:41] [2] Chọn danh mục: Tất cả
[09:10:42]     Đăng nhập thành công, đã vào đúng trang sửa bài.
[09:10:42] [1] Click Tải dữ liệu...
[09:10:42] Worker 3 | dòng 181: Đang chọn bài liên quan
[09:10:42]     Đã tải dữ liệu bài liên quan.
[09:10:42] [2] Chọn danh mục: Tất cả
[09:10:43]     ID hiện tại: 4113 | đã chọn thêm: 4114, 4115, 4116, 4117, 4118
[09:10:43]     Tổng selected sau cùng: 5/5
[09:10:43] [2] Chọn danh mục: Kinh doanh
[09:10:44]     ID hiện tại: 4112 | đã chọn thêm: 4113, 4114, 4115, 4116, 4117
[09:10:44]     Tổng selected sau cùng: 5/5
[09:10:44] [2] Chọn danh mục: Kinh doanh
[09:10:44]     Phát hiện trang đăng nhập → tự nhập ID và mật khẩu...
[09:10:45]     Đã chọn nhanh 5 bài, tổng hiện tại 10/10
[09:10:45]     Nhóm ID gần nhất: 5/5
[09:10:45]     ID nhóm gần nhất: 4118, 4117, 4116, 4115, 4114
[09:10:45]     Nhóm cùng danh mục "Kinh doanh": chọn thêm đến đủ 10
[09:10:45] Kết quả cuối: 10/10 bài liên quan.
[09:10:45]     Các ID selected: 4118, 4117, 4116, 4115, 4114, 4119, 4112, 4083, 4082, 4080
[09:10:45] [3] Lưu bài...
[09:10:45]     Đã nhập ID/mật khẩu → click ĐĂNG NHẬP.
[09:10:45]     Đã chọn nhanh 5 bài, tổng hiện tại 10/10
[09:10:45]     Nhóm ID gần nhất: 5/5
[09:10:45]     ID nhóm gần nhất: 4117, 4116, 4115, 4114, 4113
[09:10:45]     Nhóm cùng danh mục "Kinh doanh": chọn thêm đến đủ 10
[09:10:45] Kết quả cuối: 10/10 bài liên quan.
[09:10:45]     Các ID selected: 4117, 4116, 4115, 4114, 4113, 4119, 4118, 4083, 4082, 4080
[09:10:45] [3] Lưu bài...
[09:10:48]     Đã click lưu. URL trước: https://congdongkinhdoanh.com/admin/news_tb/field/id=4112/root_id=999
[09:10:48]     URL sau  : https://congdongkinhdoanh.com/admin/news_tb/list/root_id=999
[09:10:49] [OK] Worker 3 xong dòng 181 | 10 bài | 12.0 giây
[09:10:49] [GIAO] Worker 3 <- dòng 184 | ID 4115
[09:10:49] Worker 3 | dòng 184: Đang mở ID 4115
[09:10:49] Worker 1: sẵn sàng.
[09:10:50] [GIAO] Worker 1 <- dòng 185 | ID 4116
[09:10:50] Worker 1 | dòng 185: Đang mở ID 4116
[09:10:50]     Đã ở đúng trang sửa bài, không cần đăng nhập.
[09:10:50] [1] Click Tải dữ liệu...
[09:10:50] Worker 3 | dòng 184: Đang chọn bài liên quan
[09:10:50]     Đã tải dữ liệu bài liên quan.
[09:10:50] [2] Chọn danh mục: Tất cả
[09:10:50]     Đã click lưu. URL trước: https://congdongkinhdoanh.com/admin/news_tb/field/id=4113/root_id=999
[09:10:50]     URL sau  : https://congdongkinhdoanh.com/admin/news_tb/list/root_id=999
[09:10:51] [OK] Worker 2 xong dòng 182 | 10 bài | 13.9 giây
[09:10:51] [GIAO] Worker 2 <- dòng 186 | ID 4117
[09:10:51] Worker 2 | dòng 186: Đang mở ID 4117
[09:10:52]     ID hiện tại: 4115 | đã chọn thêm: 4116, 4117, 4118, 4119, 4114
[09:10:52]     Tổng selected sau cùng: 5/5
[09:10:52] [2] Chọn danh mục: Kinh doanh
[09:10:52]     Đã ở đúng trang sửa bài, không cần đăng nhập.
[09:10:52] [1] Click Tải dữ liệu...
[09:10:52] Worker 2 | dòng 186: Đang chọn bài liên quan
[09:10:53]     Đã tải dữ liệu bài liên quan.
[09:10:53] [2] Chọn danh mục: Tất cả
[09:10:53]     Đã chọn nhanh 5 bài, tổng hiện tại 10/10
[09:10:53]     Nhóm ID gần nhất: 5/5
[09:10:53]     ID nhóm gần nhất: 4119, 4118, 4117, 4116, 4114
[09:10:53]     Nhóm cùng danh mục "Kinh doanh": chọn thêm đến đủ 10
[09:10:53] Kết quả cuối: 10/10 bài liên quan.
[09:10:53]     Các ID selected: 4119, 4118, 4117, 4116, 4114, 4113, 4112, 4083, 4082, 4080
[09:10:53] [3] Lưu bài...
[09:10:54]     ID hiện tại: 4117 | đã chọn thêm: 4118, 4119, 4116, 4115, 4114
[09:10:54]     Tổng selected sau cùng: 5/5
[09:10:54] [2] Chọn danh mục: Kinh doanh
[09:10:56]     Đã chọn nhanh 5 bài, tổng hiện tại 10/10
[09:10:56]     Nhóm ID gần nhất: 5/5
[09:10:56]     ID nhóm gần nhất: 4119, 4118, 4116, 4115, 4114
[09:10:56]     Nhóm cùng danh mục "Kinh doanh": chọn thêm đến đủ 10
[09:10:56] Kết quả cuối: 10/10 bài liên quan.
[09:10:56]     Các ID selected: 4119, 4118, 4116, 4115, 4114, 4113, 4112, 4083, 4082, 4080
[09:10:56] [3] Lưu bài...
[09:10:56]     Đăng nhập thành công, đã vào đúng trang sửa bài.
[09:10:56] [1] Click Tải dữ liệu...
[09:10:56] Worker 5 | dòng 183: Đang chọn bài liên quan
[09:10:56]     Phát hiện trang đăng nhập → tự nhập ID và mật khẩu...
[09:10:56]     Đã tải dữ liệu bài liên quan.
[09:10:57] [2] Chọn danh mục: Tất cả
[09:10:57]     Đã nhập ID/mật khẩu → click ĐĂNG NHẬP.
[09:10:57]     Đã click lưu. URL trước: https://congdongkinhdoanh.com/admin/news_tb/field/id=4115/root_id=999
[09:10:57]     URL sau  : https://congdongkinhdoanh.com/admin/news_tb/list/root_id=999
[09:10:58] [OK] Worker 3 xong dòng 184 | 10 bài | 7.8 giây
[09:10:58] [GIAO] Worker 3 <- dòng 187 | ID 4118
[09:10:58] Worker 3 | dòng 187: Đang mở ID 4118
[09:10:58]     ID hiện tại: 4114 | đã chọn thêm: 4115, 4116, 4117, 4118, 4119
[09:10:58]     Tổng selected sau cùng: 5/5
[09:10:58] [2] Chọn danh mục: Kinh doanh
[09:10:58]     Đã click lưu. URL trước: https://congdongkinhdoanh.com/admin/news_tb/field/id=4117/root_id=999
[09:10:58]     URL sau  : https://congdongkinhdoanh.com/admin/news_tb/list/root_id=999
[09:10:59]     Đã ở đúng trang sửa bài, không cần đăng nhập.
[09:10:59] [1] Click Tải dữ liệu...
[09:10:59] [OK] Worker 2 xong dòng 186 | 10 bài | 6.7 giây
[09:10:59] [GIAO] Worker 2 <- dòng 188 | ID 4119
[09:10:59] Worker 4: sẵn sàng.
[09:10:59] [GIAO] Worker 4 <- dòng 314 | ID 5126
[09:10:59] Worker 3 | dòng 187: Đang chọn bài liên quan
[09:10:59] Worker 2 | dòng 188: Đang mở ID 4119
[09:10:59] Worker 4 | dòng 314: Đang mở ID 5126
[09:10:59]     Đã tải dữ liệu bài liên quan.
[09:10:59] [2] Chọn danh mục: Tất cả
[09:10:59]     Đã ở đúng trang sửa bài, không cần đăng nhập.
[09:10:59] [1] Click Tải dữ liệu...
[09:10:59] Worker 2 | dòng 188: Đang chọn bài liên quan
[09:10:59]     Đã chọn nhanh 5 bài, tổng hiện tại 10/10
[09:10:59]     Nhóm ID gần nhất: 5/5
[09:10:59]     ID nhóm gần nhất: 4119, 4118, 4117, 4116, 4115
[09:10:59]     Nhóm cùng danh mục "Kinh doanh": chọn thêm đến đủ 10
[09:10:59] Kết quả cuối: 10/10 bài liên quan.
[09:10:59]     Các ID selected: 4119, 4118, 4117, 4116, 4115, 4113, 4112, 4083, 4082, 4080
[09:10:59] [3] Lưu bài...
[09:11:00]     Đã tải dữ liệu bài liên quan.
[09:11:00] [2] Chọn danh mục: Tất cả
[09:11:01]     ID hiện tại: 4118 | đã chọn thêm: 4119, 4117, 4116, 4115, 4114
[09:11:01]     Tổng selected sau cùng: 5/5
[09:11:01] [2] Chọn danh mục: Kinh doanh
[09:11:01]     ID hiện tại: 4119 | đã chọn thêm: 4118, 4117, 4116, 4115, 4114
[09:11:01]     Tổng selected sau cùng: 5/5
[09:11:01] [2] Chọn danh mục: Kinh doanh
[09:11:02]     Đã chọn nhanh 5 bài, tổng hiện tại 10/10
[09:11:02]     Nhóm ID gần nhất: 5/5
[09:11:02]     ID nhóm gần nhất: 4119, 4117, 4116, 4115, 4114
[09:11:02]     Nhóm cùng danh mục "Kinh doanh": chọn thêm đến đủ 10
[09:11:02] Kết quả cuối: 10/10 bài liên quan.
[09:11:02]     Các ID selected: 4119, 4117, 4116, 4115, 4114, 4113, 4112, 4083, 4082, 4080
[09:11:02] [3] Lưu bài...
[09:11:03]     Đã chọn nhanh 5 bài, tổng hiện tại 10/10
[09:11:03]     Nhóm ID gần nhất: 5/5
[09:11:03]     ID nhóm gần nhất: 4118, 4117, 4116, 4115, 4114
[09:11:03]     Nhóm cùng danh mục "Kinh doanh": chọn thêm đến đủ 10
[09:11:03] Kết quả cuối: 10/10 bài liên quan.
[09:11:03]     Các ID selected: 4118, 4117, 4116, 4115, 4114, 4113, 4112, 4083, 4082, 4080
[09:11:03] [3] Lưu bài...
[09:11:04]     Đăng nhập thành công, đã vào đúng trang sửa bài.
[09:11:04] [1] Click Tải dữ liệu...
[09:11:04] Worker 1 | dòng 185: Đang chọn bài liên quan
[09:11:05]     Đã tải dữ liệu bài liên quan.
[09:11:05] [2] Chọn danh mục: Tất cả
[09:11:05]     Đã click lưu. URL trước: https://congdongkinhdoanh.com/admin/news_tb/field/id=4118/root_id=999
[09:11:05]     URL sau  : https://congdongkinhdoanh.com/admin/news_tb/list/root_id=999
[09:11:05]     Đã click lưu. URL trước: https://congdongkinhdoanh.com/admin/news_tb/field/id=4119/root_id=999
[09:11:09]     URL sau  : https://congdongkinhdoanh.com/admin/news_tb/list/root_id=999
[09:11:09]     Đã click lưu. URL trước: https://congdongkinhdoanh.com/admin/news_tb/field/id=4114/root_id=999
[09:11:09]     URL sau  : https://congdongkinhdoanh.com/admin/news_tb/list/root_id=999
[09:11:09]     ID hiện tại: 4116 | đã chọn thêm: 4117, 4118, 4119, 4115, 4114
[09:11:09]     Tổng selected sau cùng: 5/5
[09:11:09] [2] Chọn danh mục: Kinh doanh
[09:11:09]     Đã chọn nhanh 5 bài, tổng hiện tại 10/10
[09:11:09]     Nhóm ID gần nhất: 5/5
[09:11:09]     ID nhóm gần nhất: 4119, 4118, 4117, 4115, 4114
[09:11:09]     Nhóm cùng danh mục "Kinh doanh": chọn thêm đến đủ 10
[09:11:09] Kết quả cuối: 10/10 bài liên quan.
[09:11:09]     Các ID selected: 4119, 4118, 4117, 4115, 4114, 4113, 4112, 4083, 4082, 4080
[09:11:09] [3] Lưu bài...
[09:11:10] [OK] Worker 3 xong dòng 187 | 10 bài | 7.0 giây
[09:11:10] [GIAO] Worker 3 <- dòng 315 | ID 5127
[09:11:11] [OK] Worker 2 xong dòng 188 | 10 bài | 6.5 giây
[09:11:11] [GIAO] Worker 2 <- dòng 316 | ID 5128
[09:11:12]     Đã click lưu. URL trước: https://congdongkinhdoanh.com/admin/news_tb/field/id=4116/root_id=999
[09:11:12]     URL sau  : https://congdongkinhdoanh.com/admin/news_tb/list/root_id=999
[09:11:13] [OK] Worker 5 xong dòng 183 | 10 bài | 24.8 giây
[09:11:13] [GIAO] Worker 5 <- dòng 317 | ID 5129
[09:11:13] Worker 3 | dòng 315: Đang mở ID 5127
[09:11:13] Worker 2 | dòng 316: Đang mở ID 5128
[09:11:16] [OK] Worker 1 xong dòng 185 | 10 bài | 22.7 giây
[09:11:16] [GIAO] Worker 1 <- dòng 318 | ID 5130
[09:11:16] Worker 5 | dòng 317: Đang mở ID 5129
[09:11:16] Worker 1 | dòng 318: Đang mở ID 5130
[09:11:18]     Đã ở đúng trang sửa bài, không cần đăng nhập.
[09:11:18] [1] Click Tải dữ liệu...
[09:11:18] Worker 3 | dòng 315: Đang chọn bài liên quan
[09:11:18]     Đã ở đúng trang sửa bài, không cần đăng nhập.
[09:11:18] [1] Click Tải dữ liệu...
[09:11:18] Worker 2 | dòng 316: Đang chọn bài liên quan
[09:11:18]     Đã tải dữ liệu bài liên quan.
[09:11:21] [2] Chọn danh mục: Tất cả
[09:11:21]     Đã tải dữ liệu bài liên quan.
[09:11:21] [2] Chọn danh mục: Tất cả
[09:11:21]     ID hiện tại: 5127 | đã chọn thêm: 5128, 5129, 5130, 5126, 5125
[09:11:21]     Tổng selected sau cùng: 5/5
[09:11:21] [2] Chọn danh mục: Kinh doanh
[09:11:21]     ID hiện tại: 5128 | đã chọn thêm: 5129, 5130, 5127, 5126, 5125
[09:11:21]     Tổng selected sau cùng: 5/5
[09:11:21] [2] Chọn danh mục: Kinh doanh
[09:11:22]     Đã chọn nhanh 5 bài, tổng hiện tại 10/10
[09:11:22]     Nhóm ID gần nhất: 5/5
[09:11:22]     ID nhóm gần nhất: 5130, 5129, 5128, 5126, 5125
[09:11:22]     Nhóm cùng danh mục "Kinh doanh": chọn thêm đến đủ 10
[09:11:22] Kết quả cuối: 10/10 bài liên quan.
[09:11:22]     Các ID selected: 5130, 5129, 5128, 5126, 5125, 5124, 5123, 5122, 5121, 5120
[09:11:22] [3] Lưu bài...
[09:11:22]     Đã chọn nhanh 5 bài, tổng hiện tại 10/10
[09:11:22]     Nhóm ID gần nhất: 5/5
[09:11:22]     ID nhóm gần nhất: 5130, 5129, 5127, 5126, 5125
[09:11:22]     Nhóm cùng danh mục "Kinh doanh": chọn thêm đến đủ 10
[09:11:22] Kết quả cuối: 10/10 bài liên quan.
[09:11:22]     Các ID selected: 5130, 5129, 5127, 5126, 5125, 5124, 5123, 5122, 5121, 5120
[09:11:22] [3] Lưu bài...
[09:11:25]     Đã ở đúng trang sửa bài, không cần đăng nhập.
[09:11:25] [1] Click Tải dữ liệu...
[09:11:25] Worker 5 | dòng 317: Đang chọn bài liên quan
[09:11:25]     Đã ở đúng trang sửa bài, không cần đăng nhập.
[09:11:25] [1] Click Tải dữ liệu...
[09:11:25] Worker 1 | dòng 318: Đang chọn bài liên quan
[09:11:25]     Đã click lưu. URL trước: https://doanhnhanduongthoi.com/admin/news_tb/field/id=5127/root_id=999
[09:11:25]     URL sau  : https://doanhnhanduongthoi.com/admin/news_tb/list/root_id=999
[09:11:25]     Đã tải dữ liệu bài liên quan.
[09:11:25] [2] Chọn danh mục: Tất cả
[09:11:25]     Đã ở đúng trang sửa bài, không cần đăng nhập.
[09:11:25] [1] Click Tải dữ liệu...
[09:11:25]     Đã tải dữ liệu bài liên quan.
[09:11:25] [2] Chọn danh mục: Tất cả
[09:11:25] [OK] Worker 3 xong dòng 315 | 10 bài | 14.9 giây
[09:11:25] [GIAO] Worker 3 <- dòng 1087 | ID 3208
[09:11:25] Worker 4 | dòng 314: Đang chọn bài liên quan
[09:11:25] Worker 3 | dòng 1087: Đang mở ID 3208
[09:11:25]     Đã click lưu. URL trước: https://doanhnhanduongthoi.com/admin/news_tb/field/id=5128/root_id=999
[09:11:26]     URL sau  : https://doanhnhanduongthoi.com/admin/news_tb/list/root_id=999
[09:11:26]     Đã tải dữ liệu bài liên quan.
[09:11:26] [2] Chọn danh mục: Tất cả
[09:11:26] [OK] Worker 2 xong dòng 316 | 10 bài | 14.0 giây
[09:11:26] [GIAO] Worker 2 <- dòng 1088 | ID 3209
[09:11:26] Worker 2 | dòng 1088: Đang mở ID 3209
[09:11:26]     ID hiện tại: 5129 | đã chọn thêm: 5130, 5128, 5127, 5126, 5125
[09:11:26]     Tổng selected sau cùng: 5/5
[09:11:26] [2] Chọn danh mục: Kinh doanh
[09:11:27] [2] Chọn danh mục: Kinh doanh
[09:11:27] [2] Chọn danh mục: Kinh doanh
[09:11:28]     Đã chọn nhanh 5 bài, tổng hiện tại 10/10
[09:11:28]     Nhóm ID gần nhất: 5/5
[09:11:28]     ID nhóm gần nhất: 5130, 5128, 5127, 5126, 5125
[09:11:28]     Nhóm cùng danh mục "Kinh doanh": chọn thêm đến đủ 10
[09:11:28] Kết quả cuối: 10/10 bài liên quan.
[09:11:28]     Các ID selected: 5130, 5128, 5127, 5126, 5125, 5124, 5123, 5122, 5121, 5120
[09:11:28] [3] Lưu bài...
[09:11:28]     Phát hiện trang đăng nhập → tự nhập ID và mật khẩu...
[09:11:28]     Đã chọn nhanh 10 bài, tổng hiện tại 10/10
[09:11:28]     Nhóm ID gần nhất: 0/5
[09:11:28]     Nhóm cùng danh mục "Kinh doanh": chọn thêm đến đủ 10
[09:11:28] Kết quả cuối: 10/10 bài liên quan.
[09:11:28]     Các ID selected: 5129, 5128, 5127, 5126, 5125, 5124, 5123, 5122, 5121, 5120
[09:11:28] [3] Lưu bài...
[09:11:29]     Đã nhập ID/mật khẩu → click ĐĂNG NHẬP.
[09:11:29]     Đã chọn nhanh 10 bài, tổng hiện tại 10/10
[09:11:29]     Nhóm ID gần nhất: 0/5
[09:11:29]     Nhóm cùng danh mục "Kinh doanh": chọn thêm đến đủ 10
[09:11:29] Kết quả cuối: 10/10 bài liên quan.
[09:11:29]     Các ID selected: 5130, 5129, 5128, 5127, 5125, 5124, 5123, 5122, 5121, 5120
[09:11:29] [3] Lưu bài...
[09:11:30]     Phát hiện trang đăng nhập → tự nhập ID và mật khẩu...
[09:11:31]     Đã nhập ID/mật khẩu → click ĐĂNG NHẬP.
[09:11:32]     Đã click lưu. URL trước: https://doanhnhanduongthoi.com/admin/news_tb/field/id=5129/root_id=999
[09:11:32]     URL sau  : https://doanhnhanduongthoi.com/admin/news_tb/list/root_id=999
[09:11:32]     Đã click lưu. URL trước: https://doanhnhanduongthoi.com/admin/news_tb/field/id=5130/root_id=999
[09:11:32]     URL sau  : https://doanhnhanduongthoi.com/admin/news_tb/list/root_id=999
[09:11:33] [OK] Worker 5 xong dòng 317 | 10 bài | 19.2 giây
[09:11:33] [GIAO] Worker 5 <- dòng 1089 | ID 3210
[09:11:33]     Đăng nhập thành công, đã vào đúng trang sửa bài.
[09:11:33] [1] Click Tải dữ liệu...
[09:11:34]     Đã tải dữ liệu bài liên quan.
[09:11:34] [2] Chọn danh mục: Tất cả
[09:11:34] [OK] Worker 1 xong dòng 318 | 10 bài | 16.6 giây
[09:11:34] [GIAO] Worker 1 <- dòng 1090 | ID 3211
[09:11:34] Worker 5 | dòng 1089: Đang mở ID 3210
[09:11:34] Worker 2 | dòng 1088: Đang chọn bài liên quan
[09:11:34] Worker 1 | dòng 1090: Đang mở ID 3211
[09:11:35]     Đã click lưu. URL trước: https://doanhnhanduongthoi.com/admin/news_tb/field/id=5126/root_id=999
[09:11:35]     URL sau  : https://doanhnhanduongthoi.com/admin/news_tb/list/root_id=999
[09:11:35]     ID hiện tại: 3209 | đã chọn thêm: 3210, 3211, 3212, 3213, 3214
[09:11:35]     Tổng selected sau cùng: 5/5
[09:11:35] [2] Chọn danh mục: Doanh nghiệp
[09:11:35]     Phát hiện trang đăng nhập → tự nhập ID và mật khẩu...
[09:11:36]     Đã nhập ID/mật khẩu → click ĐĂNG NHẬP.
[09:11:36] [OK] Worker 4 xong dòng 314 | 10 bài | 36.4 giây
[09:11:36] [GIAO] Worker 4 <- dòng 1091 | ID 3212
[09:11:36] Worker 4 | dòng 1091: Đang mở ID 3212
[09:11:36]     Phát hiện trang đăng nhập → tự nhập ID và mật khẩu...
[09:11:37]     Đã chọn nhanh 5 bài, tổng hiện tại 10/10
[09:11:37]     Nhóm ID gần nhất: 5/5
[09:11:37]     ID nhóm gần nhất: 3214, 3213, 3212, 3211, 3210
[09:11:37]     Nhóm cùng danh mục "Doanh nghiệp": chọn thêm đến đủ 10
[09:11:37] Kết quả cuối: 10/10 bài liên quan.
[09:11:37]     Các ID selected: 3214, 3213, 3212, 3211, 3210, 3217, 3216, 3215, 3208, 3207
[09:11:37] [3] Lưu bài...
[09:11:37]     Đã nhập ID/mật khẩu → click ĐĂNG NHẬP.
[09:11:39]     Đã click lưu. URL trước: https://kythuatmarketing.com/admin/news_tb/field/id=3209/root_id=999
[09:11:39]     URL sau  : https://kythuatmarketing.com/admin/news_tb/list/root_id=999
[09:11:40] [OK] Worker 2 xong dòng 1088 | 10 bài | 13.2 giây
[09:11:40] [GIAO] Worker 2 <- dòng 1092 | ID 3213
[09:11:40] Worker 2 | dòng 1092: Đang mở ID 3213
[09:11:41]     Đã ở đúng trang sửa bài, không cần đăng nhập.
[09:11:41] [1] Click Tải dữ liệu...
[09:11:41] Worker 2 | dòng 1092: Đang chọn bài liên quan
[09:11:41]     Đã tải dữ liệu bài liên quan.
[09:11:41] [2] Chọn danh mục: Tất cả
[09:11:41]     Đăng nhập thành công, đã vào đúng trang sửa bài.
[09:11:41] [1] Click Tải dữ liệu...
[09:11:41] Worker 5 | dòng 1089: Đang chọn bài liên quan
[09:11:41]     Đăng nhập thành công, đã vào đúng trang sửa bài.
[09:11:41] [1] Click Tải dữ liệu...
[09:11:41] Worker 1 | dòng 1090: Đang chọn bài liên quan
[09:11:42]     Đã tải dữ liệu bài liên quan.
[09:11:43] [2] Chọn danh mục: Tất cả
[09:11:43]     Đã tải dữ liệu bài liên quan.
[09:11:43] [2] Chọn danh mục: Tất cả
[09:11:43]     ID hiện tại: 3213 | đã chọn thêm: 3214, 3215, 3216, 3217, 3212
[09:11:43]     Tổng selected sau cùng: 5/5
[09:11:43] [2] Chọn danh mục: Doanh nghiệp
[09:11:43]     ID hiện tại: 3210 | đã chọn thêm: 3211, 3212, 3213, 3214, 3215
[09:11:43]     Tổng selected sau cùng: 5/5
[09:11:43] [2] Chọn danh mục: Doanh nghiệp
[09:11:43]     ID hiện tại: 3211 | đã chọn thêm: 3212, 3213, 3214, 3215, 3216
[09:11:43]     Tổng selected sau cùng: 5/5
[09:11:43] [2] Chọn danh mục: Doanh nghiệp
[09:11:43]     Phát hiện trang đăng nhập → tự nhập ID và mật khẩu...
[09:11:44]     Đã nhập ID/mật khẩu → click ĐĂNG NHẬP.
[09:11:44]     Đã chọn nhanh 5 bài, tổng hiện tại 10/10
[09:11:44]     Nhóm ID gần nhất: 5/5
[09:11:44]     ID nhóm gần nhất: 3217, 3216, 3215, 3214, 3212
[09:11:44]     Nhóm cùng danh mục "Doanh nghiệp": chọn thêm đến đủ 10
[09:11:44] Kết quả cuối: 10/10 bài liên quan.
[09:11:44]     Các ID selected: 3217, 3216, 3215, 3214, 3212, 3211, 3210, 3209, 3208, 3207
[09:11:44] [3] Lưu bài...
[09:11:44]     Đăng nhập thành công, đã vào đúng trang sửa bài.
[09:11:44] [1] Click Tải dữ liệu...
[09:11:44] Worker 3 | dòng 1087: Đang chọn bài liên quan
[09:11:45]     Đã chọn nhanh 5 bài, tổng hiện tại 10/10
[09:11:45]     Nhóm ID gần nhất: 5/5
[09:11:45]     ID nhóm gần nhất: 3215, 3214, 3213, 3212, 3211
[09:11:45]     Nhóm cùng danh mục "Doanh nghiệp": chọn thêm đến đủ 10
[09:11:45] Kết quả cuối: 10/10 bài liên quan.
[09:11:45]     Các ID selected: 3215, 3214, 3213, 3212, 3211, 3217, 3216, 3209, 3208, 3207
[09:11:45] [3] Lưu bài...
[09:11:45]     Đã chọn nhanh 5 bài, tổng hiện tại 10/10
[09:11:45]     Nhóm ID gần nhất: 5/5
[09:11:45]     ID nhóm gần nhất: 3216, 3215, 3214, 3213, 3212
[09:11:45]     Nhóm cùng danh mục "Doanh nghiệp": chọn thêm đến đủ 10
[09:11:45] Kết quả cuối: 10/10 bài liên quan.
[09:11:45]     Các ID selected: 3216, 3215, 3214, 3213, 3212, 3217, 3210, 3209, 3208, 3207
[09:11:45] [3] Lưu bài...
[09:11:45]     Đã tải dữ liệu bài liên quan.
[09:11:45] [2] Chọn danh mục: Tất cả
[09:11:46]     ID hiện tại: 3208 | đã chọn thêm: 3209, 3210, 3211, 3212, 3213
[09:11:46]     Tổng selected sau cùng: 5/5
[09:11:46] [2] Chọn danh mục: Doanh nghiệp
[09:11:46]     Đã click lưu. URL trước: https://kythuatmarketing.com/admin/news_tb/field/id=3213/root_id=999
[09:11:46]     URL sau  : https://kythuatmarketing.com/admin/news_tb/list/root_id=999
[09:11:47] [OK] Worker 2 xong dòng 1092 | 10 bài | 6.4 giây
[09:11:47] [GIAO] Worker 2 <- dòng 1093 | ID 3214
[09:11:47] Worker 2 | dòng 1093: Đang mở ID 3214
[09:11:47]     Đã click lưu. URL trước: https://kythuatmarketing.com/admin/news_tb/field/id=3211/root_id=999
[09:11:47]     URL sau  : https://kythuatmarketing.com/admin/news_tb/list/root_id=999
[09:11:47]     Đã ở đúng trang sửa bài, không cần đăng nhập.
[09:11:47] [1] Click Tải dữ liệu...
[09:11:48]     Đã click lưu. URL trước: https://kythuatmarketing.com/admin/news_tb/field/id=3210/root_id=999
[09:11:48]     URL sau  : https://kythuatmarketing.com/admin/news_tb/list/root_id=999
[09:11:48]     Đã chọn nhanh 5 bài, tổng hiện tại 10/10
[09:11:48]     Nhóm ID gần nhất: 5/5
[09:11:48]     ID nhóm gần nhất: 3213, 3212, 3211, 3210, 3209
[09:11:48]     Nhóm cùng danh mục "Doanh nghiệp": chọn thêm đến đủ 10
[09:11:48] Kết quả cuối: 10/10 bài liên quan.
[09:11:48]     Các ID selected: 3213, 3212, 3211, 3210, 3209, 3217, 3216, 3215, 3214, 3207
[09:11:48] [3] Lưu bài...
[09:11:48] [OK] Worker 1 xong dòng 1090 | 10 bài | 13.3 giây
[09:11:48] [GIAO] Worker 1 <- dòng 1094 | ID 3216
[09:11:48] Worker 2 | dòng 1093: Đang chọn bài liên quan
[09:11:48]     Đã tải dữ liệu bài liên quan.
[09:11:48] [2] Chọn danh mục: Tất cả
[09:11:48]     Đã ở đúng trang sửa bài, không cần đăng nhập.
[09:11:48] [1] Click Tải dữ liệu...
[09:11:48] [OK] Worker 5 xong dòng 1089 | 10 bài | 14.6 giây
[09:11:48] [GIAO] Worker 5 <- dòng 1095 | ID 3215
[09:11:48] Worker 1 | dòng 1094: Đang mở ID 3216
[09:11:48] Worker 1 | dòng 1094: Đang chọn bài liên quan
[09:11:48] Worker 5 | dòng 1095: Đang mở ID 3215
[09:11:49]     Đã tải dữ liệu bài liên quan.
[09:11:49] [2] Chọn danh mục: Tất cả
[09:11:49]     Đã ở đúng trang sửa bài, không cần đăng nhập.
[09:11:49] [1] Click Tải dữ liệu...
[09:11:49] Worker 5 | dòng 1095: Đang chọn bài liên quan
[09:11:49]     Đã tải dữ liệu bài liên quan.
[09:11:49] [2] Chọn danh mục: Tất cả
[09:11:49]     Đăng nhập thành công, đã vào đúng trang sửa bài.
[09:11:49] [1] Click Tải dữ liệu...
[09:11:49] Worker 4 | dòng 1091: Đang chọn bài liên quan
[09:11:49]     ID hiện tại: 3214 | đã chọn thêm: 3215, 3216, 3217, 3213, 3212
[09:11:49]     Tổng selected sau cùng: 5/5
[09:11:49] [2] Chọn danh mục: Doanh nghiệp
[09:11:50]     Đã tải dữ liệu bài liên quan.
[09:11:50] [2] Chọn danh mục: Tất cả
[09:11:50]     ID hiện tại: 3216 | đã chọn thêm: 3217, 3215, 3214, 3213, 3212
[09:11:50]     Tổng selected sau cùng: 5/5
[09:11:50] [2] Chọn danh mục: Doanh nghiệp
[09:11:50]     Đã click lưu. URL trước: https://kythuatmarketing.com/admin/news_tb/field/id=3208/root_id=999
[09:11:50]     URL sau  : https://kythuatmarketing.com/admin/news_tb/list/root_id=999
[09:11:50]     ID hiện tại: 3215 | đã chọn thêm: 3216, 3217, 3214, 3213, 3212
[09:11:50]     Tổng selected sau cùng: 5/5
[09:11:50] [2] Chọn danh mục: Doanh nghiệp
[09:11:51] [OK] Worker 3 xong dòng 1087 | 10 bài | 24.9 giây
[09:11:51] [GIAO] Worker 3 <- dòng 1096 | ID 3217
[09:11:51] Worker 3 | dòng 1096: Đang mở ID 3217
[09:11:51]     Đã chọn nhanh 5 bài, tổng hiện tại 10/10
[09:11:51]     Nhóm ID gần nhất: 5/5
[09:11:51]     ID nhóm gần nhất: 3217, 3216, 3215, 3213, 3212
[09:11:51]     Nhóm cùng danh mục "Doanh nghiệp": chọn thêm đến đủ 10
[09:11:51] Kết quả cuối: 10/10 bài liên quan.
[09:11:51]     Các ID selected: 3217, 3216, 3215, 3213, 3212, 3211, 3210, 3209, 3208, 3207
[09:11:51] [3] Lưu bài...
[09:11:51]     Đã ở đúng trang sửa bài, không cần đăng nhập.
[09:11:51] [1] Click Tải dữ liệu...
[09:11:51] Worker 3 | dòng 1096: Đang chọn bài liên quan
[09:11:51]     ID hiện tại: 3212 | đã chọn thêm: 3213, 3214, 3215, 3216, 3217
[09:11:51]     Tổng selected sau cùng: 5/5
[09:11:51] [2] Chọn danh mục: Doanh nghiệp
[09:11:52]     Đã chọn nhanh 5 bài, tổng hiện tại 10/10
[09:11:52]     Nhóm ID gần nhất: 5/5
[09:11:52]     ID nhóm gần nhất: 3217, 3215, 3214, 3213, 3212
[09:11:52]     Nhóm cùng danh mục "Doanh nghiệp": chọn thêm đến đủ 10
[09:11:52] Kết quả cuối: 10/10 bài liên quan.
[09:11:52]     Các ID selected: 3217, 3215, 3214, 3213, 3212, 3211, 3210, 3209, 3208, 3207
[09:11:52] [3] Lưu bài...
[09:11:52]     Đã tải dữ liệu bài liên quan.
[09:11:52] [2] Chọn danh mục: Tất cả
[09:11:52]     Đã chọn nhanh 5 bài, tổng hiện tại 10/10
[09:11:52]     Nhóm ID gần nhất: 5/5
[09:11:52]     ID nhóm gần nhất: 3217, 3216, 3214, 3213, 3212
[09:11:52]     Nhóm cùng danh mục "Doanh nghiệp": chọn thêm đến đủ 10
[09:11:52] Kết quả cuối: 10/10 bài liên quan.
[09:11:52]     Các ID selected: 3217, 3216, 3214, 3213, 3212, 3211, 3210, 3209, 3208, 3207
[09:11:52] [3] Lưu bài...
[09:11:53]     Đã chọn nhanh 5 bài, tổng hiện tại 10/10
[09:11:53]     Nhóm ID gần nhất: 5/5
[09:11:53]     ID nhóm gần nhất: 3217, 3216, 3215, 3214, 3213
[09:11:53]     Nhóm cùng danh mục "Doanh nghiệp": chọn thêm đến đủ 10
[09:11:53] Kết quả cuối: 10/10 bài liên quan.
[09:11:53]     Các ID selected: 3217, 3216, 3215, 3214, 3213, 3211, 3210, 3209, 3208, 3207
[09:11:53] [3] Lưu bài...
[09:11:53]     ID hiện tại: 3217 | đã chọn thêm: 3216, 3215, 3214, 3213, 3212
[09:11:53]     Tổng selected sau cùng: 5/5
[09:11:53] [2] Chọn danh mục: Doanh nghiệp
[09:11:54]     Đã click lưu. URL trước: https://kythuatmarketing.com/admin/news_tb/field/id=3214/root_id=999
[09:11:54]     URL sau  : https://kythuatmarketing.com/admin/news_tb/list/root_id=999
[09:11:54] [OK] Worker 2 xong dòng 1093 | 10 bài | 6.6 giây
[09:11:54]     Đã click lưu. URL trước: https://kythuatmarketing.com/admin/news_tb/field/id=3216/root_id=999
[09:11:54]     URL sau  : https://kythuatmarketing.com/admin/news_tb/list/root_id=999
[09:11:54]     Đã click lưu. URL trước: https://kythuatmarketing.com/admin/news_tb/field/id=3215/root_id=999
[09:11:54]     URL sau  : https://kythuatmarketing.com/admin/news_tb/list/root_id=999
[09:11:55] [OK] Worker 1 xong dòng 1094 | 10 bài | 6.5 giây
[09:11:55]     Đã chọn nhanh 5 bài, tổng hiện tại 10/10
[09:11:55]     Nhóm ID gần nhất: 5/5
[09:11:55]     ID nhóm gần nhất: 3216, 3215, 3214, 3213, 3212
[09:11:55]     Nhóm cùng danh mục "Doanh nghiệp": chọn thêm đến đủ 10
[09:11:55] Kết quả cuối: 10/10 bài liên quan.
[09:11:55]     Các ID selected: 3216, 3215, 3214, 3213, 3212, 3211, 3210, 3209, 3208, 3207
[09:11:55] [3] Lưu bài...
[09:11:55] [OK] Worker 5 xong dòng 1095 | 10 bài | 6.2 giây
[09:11:55]     Đã click lưu. URL trước: https://kythuatmarketing.com/admin/news_tb/field/id=3212/root_id=999
[09:11:55]     URL sau  : https://kythuatmarketing.com/admin/news_tb/list/root_id=999
[09:11:56] [OK] Worker 4 xong dòng 1091 | 10 bài | 19.4 giây
[09:11:57]     Đã click lưu. URL trước: https://kythuatmarketing.com/admin/news_tb/field/id=3217/root_id=999
[09:11:57]     URL sau  : https://kythuatmarketing.com/admin/news_tb/list/root_id=999
[09:11:58] [OK] Worker 3 xong dòng 1096 | 10 bài | 6.6 giây
[09:12:02] ========================================================================
[09:12:02] Hoàn thành: 23/23 bài.
[09:12:02] Kết quả: THÀNH CÔNG
[09:12:02] ========================================================================

========================================================================
Kết thúc: 2026-08-01 09:12:02
Mã thoát: 0
Thời gian: 91.98 giây
