HOTKEYVIP STUDIO - NHẬT KÝ CHẠY PYTHON
File: D:\CodexProjects\Hotkeyvip\03_dang_bai\cap_nhat_url_cong_ty_thuc_te_da_viet.py
Bắt đầu: 2026-08-01 09:28:09
========================================================================
[09:28:09] File log: D:\CodexProjects\Hotkeyvip\06_du_lieu_chay\log_cap_nhat_url_cong_ty\cap_nhat_url_THUC_TE_20260801_092809.log

[09:28:13] [1/3] Đang xử lý congdongkinhdoanh.com.xlsx
[09:28:15]     ĐÃ VIẾT CHƯA ĐĂNG: 32

[09:28:15] [2/3] Đang xử lý doanhnhanduongthoi.com.xlsx
[09:28:29]     ĐÃ VIẾT CHƯA ĐĂNG: 582

[09:28:29] [3/3] Đang xử lý kythuatmarketing.com.xlsx
[09:28:29]     TRÙNG ĐÍCH dòng 1189: Phân tích phản hồi khách hàng để nhận diện vấn đề và cơ hội cải thiện
[09:28:29]     TRÙNG ĐÍCH dòng 1418: Kênh tìm kiếm Marketing kết nối nhu cầu với nội dung như thế nào?
[09:28:29]     TRÙNG ĐÍCH dòng 1419: Website trong Marketing giúp kết nối nội dung, dữ liệu và chuyển đổi
[09:29:00]     TRÙNG ĐÍCH: 3 | ĐÃ CHUYỂN: 315 | ĐÃ VIẾT CHƯA ĐĂNG: 429

[09:29:00] ========================================================================
[09:29:00] HOÀN TẤT
[09:29:00] Backup: D:\CodexProjects\Hotkeyvip\06_du_lieu_chay\backup_cap_nhat_url_cong_ty\20260801_092812
[09:29:00] - CỘT ĐÃ CHUYỂN CÓ NỘI DUNG: 481
[09:29:00] - TRÙNG ĐÍCH: 3
[09:29:00] - URL NGUỒN TRỐNG: 483
[09:29:00] - ĐÃ CHUYỂN: 315
[09:29:00] - ĐÃ VIẾT CHƯA ĐĂNG: 1043
[09:29:00] Log: D:\CodexProjects\Hotkeyvip\06_du_lieu_chay\log_cap_nhat_url_cong_ty\cap_nhat_url_THUC_TE_20260801_092809.log

[09:29:19] Nhấn Enter để đóng chương trình...

========================================================================
Kết thúc: 2026-08-01 09:29:19
Mã thoát: 0
Thời gian: 70.36 giây
