HOTKEYVIP STUDIO - NHẬT KÝ CHẠY PYTHON
File: D:\CodexProjects\Hotkeyvip\03_dang_bai\cap_nhat_url_cong_ty_thuc_te_da_viet.py
Bắt đầu: 2026-08-03 09:07:31
========================================================================
[09:07:32] File log: D:\CodexProjects\Hotkeyvip\06_du_lieu_chay\log_cap_nhat_url_cong_ty\cap_nhat_url_THUC_TE_20260803_090732.log

[09:07:37] [1/3] Đang xử lý congdongkinhdoanh.com.xlsx
[09:07:37]     THIẾU FILE: congdongkinhdoanh.com.xlsx
[09:07:38]     THIẾU FILE: 25

[09:07:38] [2/3] Đang xử lý doanhnhanduongthoi.com.xlsx
[09:07:38]     THIẾU FILE: doanhnhanduongthoi.com.xlsx
[09:07:38]     THIẾU FILE: 574

[09:07:38] [3/3] Đang xử lý kythuatmarketing.com.xlsx
[09:07:38]     THIẾU FILE: kythuatmarketing.com.xlsx
[09:07:39]     THIẾU FILE: 857

[09:07:39] ========================================================================
[09:07:39] HOÀN TẤT
[09:07:39] Backup: D:\CodexProjects\Hotkeyvip\06_du_lieu_chay\backup_cap_nhat_url_cong_ty\20260803_090736
[09:07:39] - CỘT ĐÃ CHUYỂN CÓ NỘI DUNG: 506
[09:07:39] - THIẾU FILE: 1456
[09:07:39] - URL NGUỒN TRỐNG: 48
[09:07:39] Log: D:\CodexProjects\Hotkeyvip\06_du_lieu_chay\log_cap_nhat_url_cong_ty\cap_nhat_url_THUC_TE_20260803_090732.log

