HOTKEYVIP STUDIO - NHẬT KÝ CHẠY PYTHON
File: D:\CodexProjects\Hotkeyvip\03_dang_bai\cap_nhat_url_cong_ty_thuc_te_da_viet.py
Bắt đầu: 2026-07-31 13:39:14
========================================================================
[13:39:15] File log: D:\CodexProjects\Hotkeyvip\06_du_lieu_chay\log_cap_nhat_url_cong_ty\cap_nhat_url_THUC_TE_20260731_133915.log

[13:39:19] [1/3] Đang xử lý congdongkinhdoanh.com.xlsx
[13:39:21]     ĐÃ VIẾT CHƯA ĐĂNG: 40

[13:39:21] [2/3] Đang xử lý doanhnhanduongthoi.com.xlsx
[13:39:35]     ĐÃ VIẾT CHƯA ĐĂNG: 587

[13:39:35] [3/3] Đang xử lý kythuatmarketing.com.xlsx
[13:39:35]     TRÙNG ĐÍCH dòng 1419: Website trong Marketing giúp kết nối nội dung, dữ liệu và chuyển đổi
[13:39:39]     TRÙNG ĐÍCH: 1 | ĐÃ VIẾT CHƯA ĐĂNG: 124

[13:39:39] ========================================================================
[13:39:39] HOÀN TẤT
[13:39:39] Backup: D:\CodexProjects\Hotkeyvip\06_du_lieu_chay\backup_cap_nhat_url_cong_ty\20260731_133917
[13:39:39] - CỘT ĐÃ CHUYỂN CÓ NỘI DUNG: 458
[13:39:39] - TRÙNG ĐÍCH: 1
[13:39:39] - URL NGUỒN TRỐNG: 800
[13:39:39] - ĐÃ VIẾT CHƯA ĐĂNG: 751
[13:39:39] Log: D:\CodexProjects\Hotkeyvip\06_du_lieu_chay\log_cap_nhat_url_cong_ty\cap_nhat_url_THUC_TE_20260731_133915.log

[13:39:56] Nhấn Enter để đóng chương trình...

========================================================================
Kết thúc: 2026-07-31 13:39:56
Mã thoát: 0
Thời gian: 41.61 giây
