HOTKEYVIP STUDIO - NHẬT KÝ CHẠY PYTHON
File: D:\CodexProjects\Hotkeyvip\03_dang_bai\cap_nhat_url_cong_ty_thuc_te_da_viet.py
Bắt đầu: 2026-08-02 10:28:51
========================================================================
[10:28:52] File log: D:\CodexProjects\Hotkeyvip\06_du_lieu_chay\log_cap_nhat_url_cong_ty\cap_nhat_url_THUC_TE_20260802_102852.log

[10:28:56] [1/3] Đang xử lý congdongkinhdoanh.com.xlsx
[10:28:58]     ĐÃ CHUYỂN: 7 | ĐÃ VIẾT CHƯA ĐĂNG: 25

[10:28:58] [2/3] Đang xử lý doanhnhanduongthoi.com.xlsx
[10:29:02]     ĐÃ CHUYỂN: 8 | ĐÃ VIẾT CHƯA ĐĂNG: 574

[10:29:02] [3/3] Đang xử lý kythuatmarketing.com.xlsx
[10:29:36]     ĐÃ CHUYỂN: 445 | ĐÃ VIẾT CHƯA ĐĂNG: 857

[10:29:36] ========================================================================
[10:29:36] HOÀN TẤT
[10:29:36] Backup: D:\CodexProjects\Hotkeyvip\06_du_lieu_chay\backup_cap_nhat_url_cong_ty\20260802_102854
[10:29:36] - CỘT ĐÃ CHUYỂN CÓ NỘI DUNG: 481
[10:29:36] - URL NGUỒN TRỐNG: 48
[10:29:36] - ĐÃ CHUYỂN: 460
[10:29:36] - ĐÃ VIẾT CHƯA ĐĂNG: 1456
[10:29:36] Log: D:\CodexProjects\Hotkeyvip\06_du_lieu_chay\log_cap_nhat_url_cong_ty\cap_nhat_url_THUC_TE_20260802_102852.log

[10:31:52] Nhấn Enter để đóng chương trình...

========================================================================
Kết thúc: 2026-08-02 10:31:52
Mã thoát: 0
Thời gian: 180.30 giây
