HOTKEYVIP STUDIO - NHẬT KÝ CHẠY PYTHON
File: D:\CodexProjects\Hotkeyvip\03_dang_bai\cap_nhat_url_cong_ty_thuc_te_da_viet.py
Bắt đầu: 2026-08-03 09:04:22
========================================================================
[09:04:23] File log: D:\CodexProjects\Hotkeyvip\06_du_lieu_chay\log_cap_nhat_url_cong_ty\cap_nhat_url_THUC_TE_20260803_090423.log

[09:04:27] [1/3] Đang xử lý congdongkinhdoanh.com.xlsx
[09:04:27]     THIẾU FILE: congdongkinhdoanh.com.xlsx
[09:04:28]     THIẾU FILE: 25

[09:04:28] [2/3] Đang xử lý doanhnhanduongthoi.com.xlsx
[09:04:28]     THIẾU FILE: doanhnhanduongthoi.com.xlsx
[09:04:28]     THIẾU FILE: 574

[09:04:28] [3/3] Đang xử lý kythuatmarketing.com.xlsx
[09:04:28]     THIẾU FILE: kythuatmarketing.com.xlsx
[09:04:29]     THIẾU FILE: 857

[09:04:29] ========================================================================
[09:04:29] HOÀN TẤT
[09:04:29] Backup: D:\CodexProjects\Hotkeyvip\06_du_lieu_chay\backup_cap_nhat_url_cong_ty\20260803_090426
[09:04:29] - CỘT ĐÃ CHUYỂN CÓ NỘI DUNG: 506
[09:04:29] - THIẾU FILE: 1456
[09:04:29] - URL NGUỒN TRỐNG: 48
[09:04:29] Log: D:\CodexProjects\Hotkeyvip\06_du_lieu_chay\log_cap_nhat_url_cong_ty\cap_nhat_url_THUC_TE_20260803_090423.log

