HOTKEYVIP STUDIO - NHẬT KÝ CHẠY PYTHON
File: D:\CodexProjects\Hotkeyvip\03_dang_bai\cap_nhat_url_cong_ty_thuc_te_da_viet.py
Bắt đầu: 2026-08-01 09:32:04
========================================================================
[09:32:05] File log: D:\CodexProjects\Hotkeyvip\06_du_lieu_chay\log_cap_nhat_url_cong_ty\cap_nhat_url_THUC_TE_20260801_093205.log

[09:32:08] [1/3] Đang xử lý congdongkinhdoanh.com.xlsx
[09:32:10]     ĐÃ VIẾT CHƯA ĐĂNG: 32

[09:32:10] [2/3] Đang xử lý doanhnhanduongthoi.com.xlsx
[09:32:26]     ĐÃ VIẾT CHƯA ĐĂNG: 582

[09:32:26] [3/3] Đang xử lý kythuatmarketing.com.xlsx
[09:32:40]     ĐÃ CHUYỂN: 3 | ĐÃ VIẾT CHƯA ĐĂNG: 432

[09:32:40] ========================================================================
[09:32:40] HOÀN TẤT
[09:32:40] Backup: D:\CodexProjects\Hotkeyvip\06_du_lieu_chay\backup_cap_nhat_url_cong_ty\20260801_093207
[09:32:40] - CỘT ĐÃ CHUYỂN CÓ NỘI DUNG: 481
[09:32:40] - URL NGUỒN TRỐNG: 483
[09:32:40] - ĐÃ CHUYỂN: 3
[09:32:40] - ĐÃ VIẾT CHƯA ĐĂNG: 1046
[09:32:40] Log: D:\CodexProjects\Hotkeyvip\06_du_lieu_chay\log_cap_nhat_url_cong_ty\cap_nhat_url_THUC_TE_20260801_093205.log

[09:32:54] Nhấn Enter để đóng chương trình...

========================================================================
Kết thúc: 2026-08-01 09:32:54
Mã thoát: 0
Thời gian: 50.05 giây
