HOTKEYVIP STUDIO - NHẬT KÝ CHẠY PYTHON
File: D:\CodexProjects\Hotkeyvip\03_dang_bai\VIP_tudongdangbai_3_5_luong_TEST.py
Bắt đầu: 2026-08-02 09:14:33
========================================================================
[09:14:34] Thời gian bắt đầu: 02/08/2026 09:14:34
[09:14:52] ========================================================================
[09:14:52] ĐĂNG BÀI ĐA LUỒNG | 5 WORKER | 25 BÀI
[09:14:52] Không dùng current_row.ini; chỉ tiến trình chính ghi Excel.
[09:14:52] ========================================================================
[09:14:54]     Edge đã được ẩn trong lúc chạy.
[09:14:54]     Edge đã được ẩn theo lựa chọn trên bảng tiến độ.
[09:14:54] Worker 3: sẵn sàng.
[09:14:54]     Edge đã được ẩn trong lúc chạy.
[09:14:54]     Edge đã được ẩn theo lựa chọn trên bảng tiến độ.
[09:14:54]     Edge đã được ẩn trong lúc chạy.
[09:14:54]     Edge đã được ẩn theo lựa chọn trên bảng tiến độ.
[09:14:55] [GIAO] Worker 3 <- dòng 189 | congdongkinhdoanh.com | bài kế tiếp sau 1.9s
[09:14:55] Worker 2: sẵn sàng.
[09:14:55] Worker 5: sẵn sàng.

[09:14:55] [WORKER 3] BẮT ĐẦU DÒNG 189

[09:14:55] ========================================================================
[09:14:55] BẮT ĐẦU BÀI 1/25
[09:14:55] ========================================================================
[09:14:56]     Edge đã được ẩn trong lúc chạy.
[09:14:56] Worker 1: sẵn sàng.
[09:14:56]     Edge đã được ẩn theo lựa chọn trên bảng tiến độ.
[09:14:56]     Edge đã được ẩn trong lúc chạy.
[09:14:56] Worker 4: sẵn sàng.
[09:14:56]     Edge đã được ẩn theo lựa chọn trên bảng tiến độ.
[09:14:58] [GIAO] Worker 1 <- dòng 319 | doanhnhanduongthoi.com | bài kế tiếp sau 1.2s

[09:14:58] [WORKER 1] BẮT ĐẦU DÒNG 319

[09:14:58] ========================================================================
[09:14:58] BẮT ĐẦU BÀI 8/25
[09:14:58] ========================================================================
[09:14:58] [1] Đã chọn dòng 189: quảng cáo không có khách
[09:14:58]     Word chạy nền, không hiện cửa sổ.
[09:14:58]     File: D:\baivietlamviec\dangbai\congdongkinhdoanh.com\[06] 10.08.2026\quảng cáo không có khách.docx
[09:14:58]     Dòng Excel được truyền trực tiếp: 189

[09:14:58] Đối chiếu tài nguyên đăng bài:
[09:14:58] - File Word     : D:\baivietlamviec\dangbai\congdongkinhdoanh.com\[06] 10.08.2026\quảng cáo không có khách.docx
[09:14:58] - Tên gốc Word : quảng cáo không có khách
[09:14:58] - Ảnh đại diện : D:\baivietlamviec\dangbai\congdongkinhdoanh.com\[06] 10.08.2026\quảng cáo không có khách 1.png
[09:14:58] - Ảnh bài viết : D:\baivietlamviec\dangbai\congdongkinhdoanh.com\[06] 10.08.2026\quảng cáo không có khách 2.png
[09:14:59] [GIAO] Worker 2 <- dòng 1097 | kythuatmarketing.com | bài kế tiếp sau 1.3s

[09:14:59] [WORKER 2] BẮT ĐẦU DÒNG 1097

[09:14:59] ========================================================================
[09:14:59] BẮT ĐẦU BÀI 16/25
[09:14:59] ========================================================================
[09:15:01] [1] Đã chọn dòng 319: phân bổ vốn doanh nghiệp
[09:15:01]     Word chạy nền, không hiện cửa sổ.
[09:15:01]     File: D:\CodexProjects\Hotkeyvip\07_ket_qua\bai_viet\[02] 30.07.2026\phân bổ vốn doanh nghiệp.docx
[09:15:01]     Dòng Excel được truyền trực tiếp: 319

[09:15:01] Đối chiếu tài nguyên đăng bài:
[09:15:01] - File Word     : D:\CodexProjects\Hotkeyvip\07_ket_qua\bai_viet\[02] 30.07.2026\phân bổ vốn doanh nghiệp.docx
[09:15:01] - Tên gốc Word : phân bổ vốn doanh nghiệp
[09:15:01] - Ảnh đại diện : D:\CodexProjects\Hotkeyvip\07_ket_qua\bai_viet\[02] 30.07.2026\phân bổ vốn doanh nghiệp 1.png
[09:15:01] - Ảnh bài viết : D:\CodexProjects\Hotkeyvip\07_ket_qua\bai_viet\[02] 30.07.2026\phân bổ vốn doanh nghiệp 2.png
[09:15:02] [GIAO] Worker 4 <- dòng 190 | congdongkinhdoanh.com | bài kế tiếp sau 2.0s

[09:15:02] [WORKER 4] BẮT ĐẦU DÒNG 190

[09:15:02] ========================================================================
[09:15:02] BẮT ĐẦU BÀI 2/25
[09:15:02] ========================================================================
[09:15:03] [1] Đã chọn dòng 1097: kênh marketing
[09:15:03]     Word chạy nền, không hiện cửa sổ.
[09:15:03]     File: D:\CodexProjects\Hotkeyvip\07_ket_qua\bai_viet\kythuatmarketing.com\kênh marketing.docx
[09:15:03]     Dòng Excel được truyền trực tiếp: 1097

[09:15:03] Đối chiếu tài nguyên đăng bài:
[09:15:03] - File Word     : D:\CodexProjects\Hotkeyvip\07_ket_qua\bai_viet\kythuatmarketing.com\kênh marketing.docx
[09:15:03] - Tên gốc Word : kênh marketing
[09:15:03] - Ảnh đại diện : D:\CodexProjects\Hotkeyvip\07_ket_qua\bai_viet\kythuatmarketing.com\kênh marketing 1.png
[09:15:03] - Ảnh bài viết : D:\CodexProjects\Hotkeyvip\07_ket_qua\bai_viet\kythuatmarketing.com\kênh marketing 2.png
[09:15:04] [GIAO] Worker 5 <- dòng 191 | congdongkinhdoanh.com | bài kế tiếp sau 1.5s

[09:15:04] [WORKER 5] BẮT ĐẦU DÒNG 191

[09:15:04] ========================================================================
[09:15:04] BẮT ĐẦU BÀI 3/25
[09:15:04] ========================================================================
[09:15:05] [1] Đã chọn dòng 190: website không có traffic
[09:15:05]     Word chạy nền, không hiện cửa sổ.
[09:15:05]     File: D:\baivietlamviec\dangbai\congdongkinhdoanh.com\[06] 10.08.2026\website không có traffic.docx
[09:15:05]     Dòng Excel được truyền trực tiếp: 190

[09:15:05] Đối chiếu tài nguyên đăng bài:
[09:15:05] - File Word     : D:\baivietlamviec\dangbai\congdongkinhdoanh.com\[06] 10.08.2026\website không có traffic.docx
[09:15:05] - Tên gốc Word : website không có traffic
[09:15:05] - Ảnh đại diện : D:\baivietlamviec\dangbai\congdongkinhdoanh.com\[06] 10.08.2026\website không có traffic 1.png
[09:15:05] - Ảnh bài viết : D:\baivietlamviec\dangbai\congdongkinhdoanh.com\[06] 10.08.2026\website không có traffic 2.png
[09:15:06] Đã tìm thấy phần FAQ → chỉ lấy nội dung chính trước FAQ.
[09:15:07] Đã lấy HTML trực tiếp từ Clipboard Word, độ dài: 111664 ký tự.
[09:15:07] Đã tìm thấy phần FAQ → chỉ lấy nội dung chính trước FAQ.
[09:15:07] Đã lấy HTML trực tiếp từ Clipboard Word, độ dài: 74973 ký tự.
[09:15:08] [1] Đã chọn dòng 191: SEO không lên top
[09:15:08]     Word chạy nền, không hiện cửa sổ.
[09:15:08]     File: D:\baivietlamviec\dangbai\congdongkinhdoanh.com\[06] 10.08.2026\SEO không lên top.docx
[09:15:08]     Dòng Excel được truyền trực tiếp: 191

[09:15:08] Đối chiếu tài nguyên đăng bài:
[09:15:08] - File Word     : D:\baivietlamviec\dangbai\congdongkinhdoanh.com\[06] 10.08.2026\SEO không lên top.docx
[09:15:08] - Tên gốc Word : SEO không lên top
[09:15:08] - Ảnh đại diện : D:\baivietlamviec\dangbai\congdongkinhdoanh.com\[06] 10.08.2026\SEO không lên top 1.png
[09:15:08] - Ảnh bài viết : D:\baivietlamviec\dangbai\congdongkinhdoanh.com\[06] 10.08.2026\SEO không lên top 2.png
[09:15:08] Đã đọc được 5 cặp FAQ hợp lệ từ Word.
[09:15:08] Đã đọc được 5 cặp FAQ hợp lệ từ Word.
[09:15:10] Đã tìm thấy phần FAQ → chỉ lấy nội dung chính trước FAQ.
[09:15:10] Đã lấy HTML trực tiếp từ Clipboard Word, độ dài: 44721 ký tự.
[09:15:11] Đã đọc được 3 cặp FAQ hợp lệ từ Word.
[09:15:13] Đã tìm thấy phần FAQ → chỉ lấy nội dung chính trước FAQ.
[09:15:14] Đã lấy HTML trực tiếp từ Clipboard Word, độ dài: 214260 ký tự.
[09:15:14] Đã tìm thấy phần FAQ → chỉ lấy nội dung chính trước FAQ.
[09:15:15] Đã lấy HTML trực tiếp từ Clipboard Word, độ dài: 138474 ký tự.
[09:15:15] Đã đọc được 5 cặp FAQ hợp lệ từ Word.
[09:15:16] Đã đọc được 6 cặp FAQ hợp lệ từ Word.

[09:15:21] ------------------------------------------------------------------------
[09:15:21] Dòng Excel     : 191
[09:15:21] File Word      : D:\baivietlamviec\dangbai\congdongkinhdoanh.com\[06] 10.08.2026\SEO không lên top.docx
[09:15:21] URL CMS        : https://congdongkinhdoanh.com/admin/news_tb/field/root_id=999
[09:15:21] Ảnh đại diện   : D:\baivietlamviec\dangbai\congdongkinhdoanh.com\[06] 10.08.2026\SEO không lên top 1.png
[09:15:21] Ảnh bài viết   : D:\baivietlamviec\dangbai\congdongkinhdoanh.com\[06] 10.08.2026\SEO không lên top 2.png
[09:15:21] ------------------------------------------------------------------------
[09:15:21]     Đang chờ lượt mở CMS/đăng nhập (không cho nhiều worker vào website cùng lúc)...
[09:15:21]     Đã đến lượt worker mở CMS/đăng nhập.
[09:15:22]     Phát hiện trang đăng nhập → tự nhập ID và mật khẩu...
[09:15:22]     Đã nhập đủ ID/mật khẩu → click ĐĂNG NHẬP một lần.

[09:15:23] ------------------------------------------------------------------------
[09:15:23] Dòng Excel     : 1097
[09:15:23] File Word      : D:\CodexProjects\Hotkeyvip\07_ket_qua\bai_viet\kythuatmarketing.com\kênh marketing.docx
[09:15:23] URL CMS        : https://kythuatmarketing.com/admin/news_tb/field/root_id=999
[09:15:23] Ảnh đại diện   : D:\CodexProjects\Hotkeyvip\07_ket_qua\bai_viet\kythuatmarketing.com\kênh marketing 1.png
[09:15:23] Ảnh bài viết   : D:\CodexProjects\Hotkeyvip\07_ket_qua\bai_viet\kythuatmarketing.com\kênh marketing 2.png
[09:15:23] ------------------------------------------------------------------------
[09:15:23]     Đang chờ lượt mở CMS/đăng nhập (không cho nhiều worker vào website cùng lúc)...
[09:15:24]     Đăng nhập thành công, đã vào đúng trang đăng bài.
[09:15:26] [3] Điền 5 ô đầu...
[09:15:26]     Đã đến lượt worker mở CMS/đăng nhập.
[09:15:27] [6] Chọn Danh mục / Tác giả từ dữ liệu đã chốt...
[09:15:27]     Phát hiện trang đăng nhập → tự nhập ID và mật khẩu...
[09:15:27] Đã mở Select2 Danh mục.
[09:15:28]     Đã nhập đủ ID/mật khẩu → click ĐĂNG NHẬP một lần.
[09:15:28] Đã chọn Danh mục: Marketing
[09:15:29] Đã tải xong ô Select2 Tác giả.
[09:15:29]     Đăng nhập thành công, đã vào đúng trang đăng bài.
[09:15:29] Đã random Tác giả từ CMS: Hồ Chí Dũng

[09:15:29] Kết quả Danh mục/Tác giả:
[09:15:29] - Trạng thái: OK
[09:15:29] - Danh mục  : Marketing
[09:15:29] - Tác giả   : Hồ Chí Dũng
[09:15:29] [4] Đưa Edge lên trước và focus CKEditor detail...
[09:15:30] [5] Đưa HTML Word vào CKEditor detail...
[09:15:30] Đã nạp CKEditor, độ dài HTML: 18429
[09:15:31] [7] Tạo đủ block và dán FAQ một lượt...
[09:15:31] [3] Điền 5 ô đầu...
[09:15:32] [6] Chọn Danh mục / Tác giả từ dữ liệu đã chốt...
[09:15:32] Đã tạo đủ 3 block FAQ.
[09:15:32] Đã dán một lượt 3 cặp FAQ.

[09:15:32] Kết quả FAQ:
[09:15:32] - Trạng thái: OK
[09:15:32] - Số cặp    : 3
[09:15:32] [3] Upload ảnh đại diện...
[09:15:32]     OK: đã gửi ảnh đại diện
[09:15:32] [4] Mở popup ảnh CKEditor...
[09:15:32] Đã mở Select2 Danh mục.
[09:15:33] Đã chọn Danh mục: Doanh nghiệp
[09:15:33] [5] Click tab Tải lên...
[09:15:33] [6] Chọn ảnh bài viết...
[09:15:33]     D:\baivietlamviec\dangbai\congdongkinhdoanh.com\[06] 10.08.2026\SEO không lên top 2.png
[09:15:33]     OK: đã chọn file trong popup
[09:15:33] [7] Click Tải lên máy chủ...
[09:15:34] [8] Chờ server trả URL ảnh...
[09:15:34] Đã tải xong ô Select2 Tác giả.
[09:15:34] Đã random Tác giả từ CMS: Đặng Lương Đức Kiên

[09:15:34] Kết quả Danh mục/Tác giả:
[09:15:34] - Trạng thái: OK
[09:15:34] - Danh mục  : Doanh nghiệp
[09:15:34] - Tác giả   : Đặng Lương Đức Kiên
[09:15:34] [4] Đưa Edge lên trước và focus CKEditor detail...
[09:15:34]     URL: /uploads/images/editor/seo-khong-len-top-2.png
[09:15:34] [9] Click Đồng ý...
[09:15:34]     OK: ảnh đã được chèn vào CKEditor
[09:15:34] [13] Lấy và gom HTML trực tiếp trong CKEditor...
[09:15:34]     OK: đã gom HTML bằng Python
[09:15:34]     HTML trước : 18592 ký tự
[09:15:34]     HTML sau   : 9201 ký tự
[09:15:34]     Số ảnh     : 1
[09:15:34]     Số H2/H3   : 9/0
[09:15:34] [14] Kiểm tra bảo hiểm ngay trước khi Save...
[09:15:34]     OK: Title, H1, Keyword, Danh mục, ảnh, H2 và bullet đều hợp lệ.
[09:15:34] [14] Click nút lưu bài...

[09:15:35] ------------------------------------------------------------------------
[09:15:35] Dòng Excel     : 189
[09:15:35] File Word      : D:\baivietlamviec\dangbai\congdongkinhdoanh.com\[06] 10.08.2026\quảng cáo không có khách.docx
[09:15:35] URL CMS        : https://congdongkinhdoanh.com/admin/news_tb/field/root_id=999
[09:15:35] Ảnh đại diện   : D:\baivietlamviec\dangbai\congdongkinhdoanh.com\[06] 10.08.2026\quảng cáo không có khách 1.png
[09:15:35] Ảnh bài viết   : D:\baivietlamviec\dangbai\congdongkinhdoanh.com\[06] 10.08.2026\quảng cáo không có khách 2.png
[09:15:35] ------------------------------------------------------------------------
[09:15:35]     Đang chờ lượt mở CMS/đăng nhập (không cho nhiều worker vào website cùng lúc)...
[09:15:35]     Đã đến lượt worker mở CMS/đăng nhập.
[09:15:35] [5] Đưa HTML Word vào CKEditor detail...
[09:15:35] Đã nạp CKEditor, độ dài HTML: 46334
[09:15:35]     Phát hiện trang đăng nhập → tự nhập ID và mật khẩu...
[09:15:36]     Đã nhập đủ ID/mật khẩu → click ĐĂNG NHẬP một lần.
[09:15:36] [7] Tạo đủ block và dán FAQ một lượt...
[09:15:37]     Đăng nhập thành công, đã vào đúng trang đăng bài.
[09:15:37]     OK: đã chuyển sang URL sau khi lưu: https://congdongkinhdoanh.com/admin/news_tb/list/root_id=999
[09:15:37]     Không thấy đúng một URL công khai chắc chắn trong hàng bài → để trống URL đã đăng.
[09:15:37]     ID CMS vừa đăng: 4120

[09:15:37] ========================================================================
[09:15:37] ĐÃ LƯU XONG BÀI 3/25
[09:15:37] - Dòng Excel: 191
[09:15:37] - HTML trước/sau: 18592/9201 ký tự
[09:15:37] - URL CMS sau khi lưu: https://congdongkinhdoanh.com/admin/news_tb/list/root_id=999
[09:15:37] ========================================================================
[09:15:37] Đã tạo đủ 5 block FAQ.
[09:15:37] Đã dán một lượt 5 cặp FAQ.

[09:15:37] Kết quả FAQ:
[09:15:37] - Trạng thái: OK
[09:15:37] - Số cặp    : 5
[09:15:37] [3] Upload ảnh đại diện...
[09:15:37]     OK: đã gửi ảnh đại diện
[09:15:37] [4] Mở popup ảnh CKEditor...
[09:15:38]     DANH_MUC_ID đã có: congdongkinhdoanh.com | Marketing | ID 2
[09:15:38] [5] Click tab Tải lên...
[09:15:38] [6] Chọn ảnh bài viết...
[09:15:38]     D:\CodexProjects\Hotkeyvip\07_ket_qua\bai_viet\kythuatmarketing.com\kênh marketing 2.png
[09:15:38]     OK: đã chọn file trong popup
[09:15:38] [7] Click Tải lên máy chủ...
[09:15:39] [8] Chờ server trả URL ảnh...
[09:15:39] [OK] Worker 5 xong dòng 191 | 1/25
[09:15:39]     URL: /uploads/images/editor/kenh-marketing-2.png
[09:15:39] [9] Click Đồng ý...
[09:15:40]     OK: ảnh đã được chèn vào CKEditor
[09:15:40] [13] Lấy và gom HTML trực tiếp trong CKEditor...
[09:15:40]     OK: đã gom HTML bằng Python
[09:15:40]     HTML trước : 46481 ký tự
[09:15:40]     HTML sau   : 30960 ký tự
[09:15:40]     Số ảnh     : 1
[09:15:40]     Số H2/H3   : 8/14
[09:15:40] [14] Kiểm tra bảo hiểm ngay trước khi Save...
[09:15:40]     OK: Title, H1, Keyword, Danh mục, ảnh, H2 và bullet đều hợp lệ.
[09:15:40] [14] Click nút lưu bài...
[09:15:40] [GIAO] Worker 5 <- dòng 192 | congdongkinhdoanh.com | bài kế tiếp sau 1.1s

[09:15:40] [WORKER 5] BẮT ĐẦU DÒNG 192

[09:15:40] ========================================================================
[09:15:40] BẮT ĐẦU BÀI 4/25
[09:15:40] ========================================================================
[09:15:40] [3] Điền 5 ô đầu...
[09:15:41] [6] Chọn Danh mục / Tác giả từ dữ liệu đã chốt...
[09:15:41] Đã mở Select2 Danh mục.
[09:15:41] Đã chọn Danh mục: Marketing
[09:15:42]     OK: đã chuyển sang URL sau khi lưu: https://kythuatmarketing.com/admin/news_tb/list/root_id=999
[09:15:42] Đã tải xong ô Select2 Tác giả.
[09:15:42]     Không thấy đúng một URL công khai chắc chắn trong hàng bài → để trống URL đã đăng.
[09:15:42]     ID CMS vừa đăng: 3218

[09:15:42] ========================================================================
[09:15:42] ĐÃ LƯU XONG BÀI 16/25
[09:15:42] - Dòng Excel: 1097
[09:15:42] - HTML trước/sau: 46481/30960 ký tự
[09:15:42] - URL CMS sau khi lưu: https://kythuatmarketing.com/admin/news_tb/list/root_id=999
[09:15:42] ========================================================================
[09:15:42] [1] Đã chọn dòng 192: fanpage ít tương tác
[09:15:42]     Word chạy nền, không hiện cửa sổ.
[09:15:42]     File: D:\baivietlamviec\dangbai\congdongkinhdoanh.com\[06] 10.08.2026\fanpage ít tương tác.docx
[09:15:42]     Dòng Excel được truyền trực tiếp: 192

[09:15:42] Đối chiếu tài nguyên đăng bài:
[09:15:42] - File Word     : D:\baivietlamviec\dangbai\congdongkinhdoanh.com\[06] 10.08.2026\fanpage ít tương tác.docx
[09:15:42] - Tên gốc Word : fanpage ít tương tác
[09:15:42] - Ảnh đại diện : D:\baivietlamviec\dangbai\congdongkinhdoanh.com\[06] 10.08.2026\fanpage ít tương tác 1.png
[09:15:42] - Ảnh bài viết : D:\baivietlamviec\dangbai\congdongkinhdoanh.com\[06] 10.08.2026\fanpage ít tương tác 2.png
[09:15:43] Đã random Tác giả từ CMS: Hồ Chí Dũng

[09:15:43] Kết quả Danh mục/Tác giả:
[09:15:43] - Trạng thái: OK
[09:15:43] - Danh mục  : Marketing
[09:15:43] - Tác giả   : Hồ Chí Dũng
[09:15:43] [4] Đưa Edge lên trước và focus CKEditor detail...
[09:15:44] [5] Đưa HTML Word vào CKEditor detail...
[09:15:44]     DANH_MUC_ID đã có: kythuatmarketing.com | Doanh nghiệp | ID 6
[09:15:44] Đã nạp CKEditor, độ dài HTML: 58752
[09:15:45] Đã tìm thấy phần FAQ → chỉ lấy nội dung chính trước FAQ.
[09:15:45] Đã lấy HTML trực tiếp từ Clipboard Word, độ dài: 35625 ký tự.
[09:15:45] [7] Tạo đủ block và dán FAQ một lượt...
[09:15:45] [OK] Worker 2 xong dòng 1097 | 2/25
[09:15:45] Đã đọc được 3 cặp FAQ hợp lệ từ Word.
[09:15:46] Đã tạo đủ 5 block FAQ.
[09:15:46] Đã dán một lượt 5 cặp FAQ.

[09:15:46] Kết quả FAQ:
[09:15:46] - Trạng thái: OK
[09:15:46] - Số cặp    : 5
[09:15:46] [3] Upload ảnh đại diện...
[09:15:46] [GIAO] Worker 2 <- dòng 1098 | kythuatmarketing.com | bài kế tiếp sau 1.8s

[09:15:46] [WORKER 2] BẮT ĐẦU DÒNG 1098

[09:15:46] ========================================================================
[09:15:46] BẮT ĐẦU BÀI 17/25
[09:15:46] ========================================================================
[09:15:46]     OK: đã gửi ảnh đại diện
[09:15:46] [4] Mở popup ảnh CKEditor...
[09:15:46] [5] Click tab Tải lên...
[09:15:47] [6] Chọn ảnh bài viết...
[09:15:47]     D:\baivietlamviec\dangbai\congdongkinhdoanh.com\[06] 10.08.2026\quảng cáo không có khách 2.png
[09:15:47]     OK: đã chọn file trong popup
[09:15:47] [7] Click Tải lên máy chủ...
[09:15:47] [8] Chờ server trả URL ảnh...
[09:15:47]     URL: /uploads/images/editor/quang-cao-khong-co-khach-2.png
[09:15:47] [9] Click Đồng ý...
[09:15:48]     OK: ảnh đã được chèn vào CKEditor
[09:15:48] [13] Lấy và gom HTML trực tiếp trong CKEditor...
[09:15:48]     OK: đã gom HTML bằng Python
[09:15:48]     HTML trước : 58924 ký tự
[09:15:48]     HTML sau   : 51631 ký tự
[09:15:48]     Số ảnh     : 1
[09:15:48]     Số H2/H3   : 11/43
[09:15:48] [14] Kiểm tra bảo hiểm ngay trước khi Save...
[09:15:48]     OK: Title, H1, Keyword, Danh mục, ảnh, H2 và bullet đều hợp lệ.
[09:15:48] [14] Click nút lưu bài...
[09:15:48] [1] Đã chọn dòng 1098: phân loại kênh marketing
[09:15:48]     Word chạy nền, không hiện cửa sổ.
[09:15:48]     File: D:\CodexProjects\Hotkeyvip\07_ket_qua\bai_viet\kythuatmarketing.com\phân loại kênh marketing.docx
[09:15:48]     Dòng Excel được truyền trực tiếp: 1098

[09:15:48] Đối chiếu tài nguyên đăng bài:
[09:15:48] - File Word     : D:\CodexProjects\Hotkeyvip\07_ket_qua\bai_viet\kythuatmarketing.com\phân loại kênh marketing.docx
[09:15:48] - Tên gốc Word : phân loại kênh marketing
[09:15:48] - Ảnh đại diện : D:\CodexProjects\Hotkeyvip\07_ket_qua\bai_viet\kythuatmarketing.com\phân loại kênh marketing 1.png
[09:15:48] - Ảnh bài viết : D:\CodexProjects\Hotkeyvip\07_ket_qua\bai_viet\kythuatmarketing.com\phân loại kênh marketing 2.png

[09:15:49] ------------------------------------------------------------------------
[09:15:49] Dòng Excel     : 190
[09:15:49] File Word      : D:\baivietlamviec\dangbai\congdongkinhdoanh.com\[06] 10.08.2026\website không có traffic.docx
[09:15:49] URL CMS        : https://congdongkinhdoanh.com/admin/news_tb/field/root_id=999
[09:15:49] Ảnh đại diện   : D:\baivietlamviec\dangbai\congdongkinhdoanh.com\[06] 10.08.2026\website không có traffic 1.png
[09:15:49] Ảnh bài viết   : D:\baivietlamviec\dangbai\congdongkinhdoanh.com\[06] 10.08.2026\website không có traffic 2.png
[09:15:49] ------------------------------------------------------------------------
[09:15:49]     Đang chờ lượt mở CMS/đăng nhập (không cho nhiều worker vào website cùng lúc)...
[09:15:49]     Đã đến lượt worker mở CMS/đăng nhập.
[09:15:50]     Phát hiện trang đăng nhập → tự nhập ID và mật khẩu...
[09:15:50]     Đã nhập đủ ID/mật khẩu → click ĐĂNG NHẬP một lần.
[09:15:51]     OK: đã chuyển sang URL sau khi lưu: https://congdongkinhdoanh.com/admin/news_tb/list/root_id=999
[09:15:51]     Không thấy đúng một URL công khai chắc chắn trong hàng bài → để trống URL đã đăng.
[09:15:51]     ID CMS vừa đăng: 4121

[09:15:51] ========================================================================
[09:15:51] ĐÃ LƯU XONG BÀI 1/25
[09:15:51] - Dòng Excel: 189
[09:15:51] - HTML trước/sau: 58924/51631 ký tự
[09:15:51] - URL CMS sau khi lưu: https://congdongkinhdoanh.com/admin/news_tb/list/root_id=999
[09:15:51] ========================================================================
[09:15:51]     DANH_MUC_ID đã có: congdongkinhdoanh.com | Marketing | ID 2
[09:15:52]     Đăng nhập thành công, đã vào đúng trang đăng bài.
[09:15:53] [OK] Worker 3 xong dòng 189 | 3/25

[09:15:53] ------------------------------------------------------------------------
[09:15:53] Dòng Excel     : 192
[09:15:53] File Word      : D:\baivietlamviec\dangbai\congdongkinhdoanh.com\[06] 10.08.2026\fanpage ít tương tác.docx
[09:15:53] URL CMS        : https://congdongkinhdoanh.com/admin/news_tb/field/root_id=999
[09:15:53] Ảnh đại diện   : D:\baivietlamviec\dangbai\congdongkinhdoanh.com\[06] 10.08.2026\fanpage ít tương tác 1.png
[09:15:53] Ảnh bài viết   : D:\baivietlamviec\dangbai\congdongkinhdoanh.com\[06] 10.08.2026\fanpage ít tương tác 2.png
[09:15:53] ------------------------------------------------------------------------
[09:15:53]     Đang chờ lượt mở CMS/đăng nhập (không cho nhiều worker vào website cùng lúc)...
[09:15:53] [GIAO] Worker 3 <- dòng 193 | congdongkinhdoanh.com | bài kế tiếp sau 1.4s

[09:15:53] [WORKER 3] BẮT ĐẦU DÒNG 193

[09:15:53] ========================================================================
[09:15:53] BẮT ĐẦU BÀI 5/25
[09:15:53] ========================================================================
[09:15:54] [3] Điền 5 ô đầu...    Đã đến lượt worker mở CMS/đăng nhập.

[09:15:55]     Đã ở đúng trang đăng bài, không cần đăng nhập.
[09:15:55] [6] Chọn Danh mục / Tác giả từ dữ liệu đã chốt...
[09:15:55] Đã mở Select2 Danh mục.
[09:15:56] Đã chọn Danh mục: Marketing
[09:15:56] [1] Đã chọn dòng 193: content không có traffic
[09:15:56]     Word chạy nền, không hiện cửa sổ.
[09:15:56]     File: D:\baivietlamviec\dangbai\congdongkinhdoanh.com\[06] 10.08.2026\content không có traffic.docx
[09:15:56]     Dòng Excel được truyền trực tiếp: 193

[09:15:56] Đối chiếu tài nguyên đăng bài:
[09:15:56] - File Word     : D:\baivietlamviec\dangbai\congdongkinhdoanh.com\[06] 10.08.2026\content không có traffic.docx
[09:15:56] - Tên gốc Word : content không có traffic
[09:15:56] - Ảnh đại diện : D:\baivietlamviec\dangbai\congdongkinhdoanh.com\[06] 10.08.2026\content không có traffic 1.png
[09:15:56] - Ảnh bài viết : D:\baivietlamviec\dangbai\congdongkinhdoanh.com\[06] 10.08.2026\content không có traffic 2.png
[09:15:57] Đã tải xong ô Select2 Tác giả.
[09:15:57] Đã random Tác giả từ CMS: Hồ Chí Dũng

[09:15:57] Kết quả Danh mục/Tác giả:
[09:15:57] - Trạng thái: OK
[09:15:57] - Danh mục  : Marketing
[09:15:57] - Tác giả   : Hồ Chí Dũng
[09:15:57] [4] Đưa Edge lên trước và focus CKEditor detail...
[09:15:57] [3] Điền 5 ô đầu...
[09:15:58] [6] Chọn Danh mục / Tác giả từ dữ liệu đã chốt...
[09:15:58] [5] Đưa HTML Word vào CKEditor detail...
[09:15:58] Đã tìm thấy phần FAQ → chỉ lấy nội dung chính trước FAQ.
[09:15:58] Đã nạp CKEditor, độ dài HTML: 67060
[09:15:58] Đã mở Select2 Danh mục.
[09:15:59] Đã lấy HTML trực tiếp từ Clipboard Word, độ dài: 174247 ký tự.
[09:15:59] Đã chọn Danh mục: Marketing
[09:15:59] Đã tìm thấy phần FAQ → chỉ lấy nội dung chính trước FAQ.
[09:15:59] Đã lấy HTML trực tiếp từ Clipboard Word, độ dài: 40323 ký tự.
[09:15:59] [7] Tạo đủ block và dán FAQ một lượt...
[09:16:00] Đã đọc được 4 cặp FAQ hợp lệ từ Word.
[09:16:00] Đã đọc được 6 cặp FAQ hợp lệ từ Word.
[09:16:00] Đã tải xong ô Select2 Tác giả.

[09:16:00] ------------------------------------------------------------------------
[09:16:00] Dòng Excel     : 319
[09:16:00] File Word      : D:\CodexProjects\Hotkeyvip\07_ket_qua\bai_viet\[02] 30.07.2026\phân bổ vốn doanh nghiệp.docx
[09:16:00] URL CMS        : https://doanhnhanduongthoi.com/admin/news_tb/field/root_id=999
[09:16:00] Ảnh đại diện   : D:\CodexProjects\Hotkeyvip\07_ket_qua\bai_viet\[02] 30.07.2026\phân bổ vốn doanh nghiệp 1.png
[09:16:00] Ảnh bài viết   : D:\CodexProjects\Hotkeyvip\07_ket_qua\bai_viet\[02] 30.07.2026\phân bổ vốn doanh nghiệp 2.png
[09:16:00] ------------------------------------------------------------------------
[09:16:00]     Đang chờ lượt mở CMS/đăng nhập (không cho nhiều worker vào website cùng lúc)...
[09:16:00]     Đã đến lượt worker mở CMS/đăng nhập.
[09:16:00] Đã tạo đủ 6 block FAQ.
[09:16:00] Đã dán một lượt 6 cặp FAQ.

[09:16:00] Kết quả FAQ:
[09:16:00] - Trạng thái: OK
[09:16:00] - Số cặp    : 6
[09:16:00] [3] Upload ảnh đại diện...
[09:16:00] Đã random Tác giả từ CMS: Đậu Minh Tuấn

[09:16:00] Kết quả Danh mục/Tác giả:
[09:16:00] - Trạng thái: OK
[09:16:00] - Danh mục  : Marketing
[09:16:00] - Tác giả   : Đậu Minh Tuấn
[09:16:00] [4] Đưa Edge lên trước và focus CKEditor detail...
[09:16:00]     OK: đã gửi ảnh đại diện
[09:16:00] [4] Mở popup ảnh CKEditor...
[09:16:01] [5] Click tab Tải lên...
[09:16:01] [6] Chọn ảnh bài viết...
[09:16:01]     D:\baivietlamviec\dangbai\congdongkinhdoanh.com\[06] 10.08.2026\website không có traffic 2.png
[09:16:01]     OK: đã chọn file trong popup
[09:16:01] [7] Click Tải lên máy chủ...
[09:16:01] [5] Đưa HTML Word vào CKEditor detail...
[09:16:01] Đã nạp CKEditor, độ dài HTML: 15633
[09:16:01] [8] Chờ server trả URL ảnh...
[09:16:02]     URL: /uploads/images/editor/website-khong-co-traffic-2.png
[09:16:02] [9] Click Đồng ý...
[09:16:02] [7] Tạo đủ block và dán FAQ một lượt...
[09:16:02]     OK: ảnh đã được chèn vào CKEditor
[09:16:02] [13] Lấy và gom HTML trực tiếp trong CKEditor...
[09:16:02]     OK: đã gom HTML bằng Python
[09:16:02]     HTML trước : 67227 ký tự
[09:16:02]     HTML sau   : 54522 ký tự
[09:16:02]     Số ảnh     : 1
[09:16:02]     Số H2/H3   : 7/31
[09:16:02] [14] Kiểm tra bảo hiểm ngay trước khi Save...
[09:16:02]     OK: Title, H1, Keyword, Danh mục, ảnh, H2 và bullet đều hợp lệ.
[09:16:02] [14] Click nút lưu bài...
[09:16:03] Đã tạo đủ 3 block FAQ.
[09:16:03] Đã dán một lượt 3 cặp FAQ.

[09:16:03] Kết quả FAQ:
[09:16:03] - Trạng thái: OK
[09:16:03] - Số cặp    : 3
[09:16:03] [3] Upload ảnh đại diện...
[09:16:03]     OK: đã gửi ảnh đại diện
[09:16:03] [4] Mở popup ảnh CKEditor...
[09:16:04] [5] Click tab Tải lên...
[09:16:04] [6] Chọn ảnh bài viết...
[09:16:04]     D:\baivietlamviec\dangbai\congdongkinhdoanh.com\[06] 10.08.2026\fanpage ít tương tác 2.png
[09:16:04]     OK: đã chọn file trong popup
[09:16:04] [7] Click Tải lên máy chủ...
[09:16:04] [8] Chờ server trả URL ảnh...
[09:16:05]     URL: /uploads/images/editor/fanpage-it-tuong-tac-2.png
[09:16:05] [9] Click Đồng ý...
[09:16:05]     OK: đã chuyển sang URL sau khi lưu: https://congdongkinhdoanh.com/admin/news_tb/list/root_id=999
[09:16:05]     Không thấy đúng một URL công khai chắc chắn trong hàng bài → để trống URL đã đăng.
[09:16:05]     ID CMS vừa đăng: 4122

[09:16:05] ========================================================================
[09:16:05] ĐÃ LƯU XONG BÀI 2/25
[09:16:05] - Dòng Excel: 190
[09:16:05] - HTML trước/sau: 67227/54522 ký tự
[09:16:05] - URL CMS sau khi lưu: https://congdongkinhdoanh.com/admin/news_tb/list/root_id=999
[09:16:05] ========================================================================
[09:16:05]     OK: ảnh đã được chèn vào CKEditor
[09:16:05] [13] Lấy và gom HTML trực tiếp trong CKEditor...
[09:16:05]     OK: đã gom HTML bằng Python
[09:16:05]     HTML trước : 15804 ký tự
[09:16:05]     HTML sau   : 8539 ký tự
[09:16:05]     Số ảnh     : 1
[09:16:05]     Số H2/H3   : 0/0
[09:16:05] [14] Kiểm tra bảo hiểm ngay trước khi Save...
[09:16:05]     KHÔNG SAVE BÀI NÀY:
[09:16:05]     - Word chỉ có 0 Heading 2 thật (cần ít nhất 2)
[09:16:05]     - CMS chỉ còn 0 thẻ H2 sau khi dán (cần ít nhất 2)
[09:16:05] [WORKER 5] Bỏ qua dòng 192; không Save và tiếp tục nhận bài khác.
[09:16:06]     Phát hiện trang đăng nhập → tự nhập ID và mật khẩu...
[09:16:06]     DANH_MUC_ID đã có: congdongkinhdoanh.com | Marketing | ID 2
[09:16:06]     Đã nhập đủ ID/mật khẩu → click ĐĂNG NHẬP một lần.
[09:16:07] [OK] Worker 4 xong dòng 190 | 4/25
[09:16:07] [GIAO] Worker 4 <- dòng 194 | congdongkinhdoanh.com | bài kế tiếp sau 1.7s

[09:16:07] [WORKER 4] BẮT ĐẦU DÒNG 194

[09:16:07] ========================================================================
[09:16:07] BẮT ĐẦU BÀI 6/25
[09:16:07] ========================================================================
[09:16:08] [BỎ QUA — KHÔNG SAVE] Worker 5, dòng 192: Kiểm tra trước Save không đạt: Word chỉ có 0 Heading 2 thật (cần ít nhất 2) | CMS chỉ còn 0 thẻ H2 sau khi dán (cần ít nhất 2)
[09:16:08] Log: D:\CodexProjects\Hotkeyvip\06_du_lieu_chay\log_dang_bai\dang_bai_worker5_row192_20260802_091605.log
[09:16:10] [GIAO] Worker 5 <- dòng 195 | congdongkinhdoanh.com | bài kế tiếp sau 1.0s

[09:16:10] [WORKER 5] BẮT ĐẦU DÒNG 195

[09:16:10] ========================================================================
[09:16:10] BẮT ĐẦU BÀI 7/25
[09:16:10] ========================================================================
[09:16:10]     Đăng nhập thành công, đã vào đúng trang đăng bài.

[09:16:10] ------------------------------------------------------------------------
[09:16:10] Dòng Excel     : 193
[09:16:10] File Word      : D:\baivietlamviec\dangbai\congdongkinhdoanh.com\[06] 10.08.2026\content không có traffic.docx
[09:16:10] URL CMS        : https://congdongkinhdoanh.com/admin/news_tb/field/root_id=999
[09:16:10] Ảnh đại diện   : D:\baivietlamviec\dangbai\congdongkinhdoanh.com\[06] 10.08.2026\content không có traffic 1.png
[09:16:10] Ảnh bài viết   : D:\baivietlamviec\dangbai\congdongkinhdoanh.com\[06] 10.08.2026\content không có traffic 2.png
[09:16:10] ------------------------------------------------------------------------
[09:16:10]     Đang chờ lượt mở CMS/đăng nhập (không cho nhiều worker vào website cùng lúc)...
[09:16:10] [1] Đã chọn dòng 194: marketing không có đơn
[09:16:10]     Word chạy nền, không hiện cửa sổ.
[09:16:10]     File: D:\baivietlamviec\dangbai\congdongkinhdoanh.com\[06] 10.08.2026\marketing không có đơn.docx
[09:16:10]     Dòng Excel được truyền trực tiếp: 194

[09:16:10] Đối chiếu tài nguyên đăng bài:
[09:16:10] - File Word     : D:\baivietlamviec\dangbai\congdongkinhdoanh.com\[06] 10.08.2026\marketing không có đơn.docx
[09:16:10] - Tên gốc Word : marketing không có đơn
[09:16:10] - Ảnh đại diện : D:\baivietlamviec\dangbai\congdongkinhdoanh.com\[06] 10.08.2026\marketing không có đơn 1.png
[09:16:10] - Ảnh bài viết : D:\baivietlamviec\dangbai\congdongkinhdoanh.com\[06] 10.08.2026\marketing không có đơn 2.png
[09:16:12] [3] Điền 5 ô đầu...
[09:16:12]     Đã đến lượt worker mở CMS/đăng nhập.
[09:16:13] [1] Đã chọn dòng 195: sai lầm marketing doanh nghiệp nhỏ
[09:16:13]     Word chạy nền, không hiện cửa sổ.
[09:16:13]     File: D:\baivietlamviec\dangbai\congdongkinhdoanh.com\[06] 10.08.2026\sai lầm marketing doanh nghiệp nhỏ.docx
[09:16:13]     Dòng Excel được truyền trực tiếp: 195

[09:16:13] Đối chiếu tài nguyên đăng bài:
[09:16:13] - File Word     : D:\baivietlamviec\dangbai\congdongkinhdoanh.com\[06] 10.08.2026\sai lầm marketing doanh nghiệp nhỏ.docx
[09:16:13] - Tên gốc Word : sai lầm marketing doanh nghiệp nhỏ
[09:16:13] - Ảnh đại diện : D:\baivietlamviec\dangbai\congdongkinhdoanh.com\[06] 10.08.2026\sai lầm marketing doanh nghiệp nhỏ 1.png
[09:16:13] - Ảnh bài viết : D:\baivietlamviec\dangbai\congdongkinhdoanh.com\[06] 10.08.2026\sai lầm marketing doanh nghiệp nhỏ 2.png
[09:16:13]     Đã ở đúng trang đăng bài, không cần đăng nhập.
[09:16:13] [6] Chọn Danh mục / Tác giả từ dữ liệu đã chốt...
[09:16:13] Đã mở Select2 Danh mục.
[09:16:14] Đã chọn Danh mục: Đầu tư
[09:16:14] [DỪNG AN TOÀN] Đã khóa giao bài mới.
[09:16:15] Đã tải xong ô Select2 Tác giả.
[09:16:15] [3] Điền 5 ô đầu...
[09:16:15] Đã random Tác giả từ CMS: Doãn Đức Bình

[09:16:15] Kết quả Danh mục/Tác giả:
[09:16:15] - Trạng thái: OK
[09:16:15] - Danh mục  : Đầu tư
[09:16:15] - Tác giả   : Doãn Đức Bình
[09:16:15] [4] Đưa Edge lên trước và focus CKEditor detail...
[09:16:15] Đã tìm thấy phần FAQ → chỉ lấy nội dung chính trước FAQ.
[09:16:15] [6] Chọn Danh mục / Tác giả từ dữ liệu đã chốt...
[09:16:15] Đã lấy HTML trực tiếp từ Clipboard Word, độ dài: 81433 ký tự.
[09:16:16] Đã mở Select2 Danh mục.
[09:16:16] Đã chọn Danh mục: Marketing
[09:16:16] [5] Đưa HTML Word vào CKEditor detail...
[09:16:16] Đã đọc được 4 cặp FAQ hợp lệ từ Word.
[09:16:16] Đã nạp CKEditor, độ dài HTML: 121211
[09:16:17] Đã tải xong ô Select2 Tác giả.
[09:16:17] [7] Tạo đủ block và dán FAQ một lượt...
[09:16:17] Đã random Tác giả từ CMS: Hồ Chí Dũng

[09:16:17] Kết quả Danh mục/Tác giả:
[09:16:17] - Trạng thái: OK
[09:16:17] - Danh mục  : Marketing
[09:16:17] - Tác giả   : Hồ Chí Dũng
[09:16:17] [4] Đưa Edge lên trước và focus CKEditor detail...
[09:16:18] Đã tạo đủ 5 block FAQ.
[09:16:18] Đã dán một lượt 5 cặp FAQ.

[09:16:18] Kết quả FAQ:
[09:16:18] - Trạng thái: OK
[09:16:18] - Số cặp    : 5
[09:16:18] [3] Upload ảnh đại diện...
[09:16:18]     OK: đã gửi ảnh đại diện
[09:16:18] [4] Mở popup ảnh CKEditor...
[09:16:18] [5] Đưa HTML Word vào CKEditor detail...
[09:16:18] Đã nạp CKEditor, độ dài HTML: 17277
[09:16:19] [5] Click tab Tải lên...
[09:16:19] [6] Chọn ảnh bài viết...
[09:16:19]     D:\CodexProjects\Hotkeyvip\07_ket_qua\bai_viet\[02] 30.07.2026\phân bổ vốn doanh nghiệp 2.png
[09:16:19]     OK: đã chọn file trong popup
[09:16:19] [7] Click Tải lên máy chủ...
[09:16:19] [8] Chờ server trả URL ảnh...
[09:16:19] Đã tìm thấy phần FAQ → chỉ lấy nội dung chính trước FAQ.
[09:16:19] [7] Tạo đủ block và dán FAQ một lượt...
[09:16:20] Đã lấy HTML trực tiếp từ Clipboard Word, độ dài: 127959 ký tự.
[09:16:20] Đã tạo đủ 4 block FAQ.
[09:16:20] Đã dán một lượt 4 cặp FAQ.

[09:16:20] Kết quả FAQ:
[09:16:20] - Trạng thái: OK
[09:16:20] - Số cặp    : 4
[09:16:20] [3] Upload ảnh đại diện...
[09:16:20]     OK: đã gửi ảnh đại diện
[09:16:20] [4] Mở popup ảnh CKEditor...
[09:16:20]     URL: /uploads/images/editor/phan-bo-von-doanh-nghiep-2.png
[09:16:20] [9] Click Đồng ý...
[09:16:21]     OK: ảnh đã được chèn vào CKEditor
[09:16:21] [13] Lấy và gom HTML trực tiếp trong CKEditor...
[09:16:21] Đã đọc được 6 cặp FAQ hợp lệ từ Word.
[09:16:21] [5] Click tab Tải lên...
[09:16:21]     OK: đã gom HTML bằng Python
[09:16:21]     HTML trước : 121369 ký tự
[09:16:21]     HTML sau   : 74953 ký tự
[09:16:21]     Số ảnh     : 1
[09:16:21]     Số H2/H3   : 14/30
[09:16:21] [14] Kiểm tra bảo hiểm ngay trước khi Save...
[09:16:21]     OK: Title, H1, Keyword, Danh mục, ảnh, H2 và bullet đều hợp lệ.
[09:16:21] [14] Click nút lưu bài...
[09:16:21] [6] Chọn ảnh bài viết...
[09:16:21]     D:\baivietlamviec\dangbai\congdongkinhdoanh.com\[06] 10.08.2026\content không có traffic 2.png
[09:16:21]     OK: đã chọn file trong popup
[09:16:21] [7] Click Tải lên máy chủ...
[09:16:21] [8] Chờ server trả URL ảnh...
[09:16:22]     URL: /uploads/images/editor/content-khong-co-traffic-2.png
[09:16:22] [9] Click Đồng ý...
[09:16:22]     OK: ảnh đã được chèn vào CKEditor
[09:16:22] [13] Lấy và gom HTML trực tiếp trong CKEditor...
[09:16:22]     OK: đã gom HTML bằng Python
[09:16:22]     HTML trước : 17438 ký tự
[09:16:22]     HTML sau   : 9221 ký tự
[09:16:22]     Số ảnh     : 1
[09:16:22]     Số H2/H3   : 6/11
[09:16:22] [14] Kiểm tra bảo hiểm ngay trước khi Save...
[09:16:22]     OK: Title, H1, Keyword, Danh mục, ảnh, H2 và bullet đều hợp lệ.
[09:16:22] [14] Click nút lưu bài...
[09:16:25]     OK: đã chuyển sang URL sau khi lưu: https://congdongkinhdoanh.com/admin/news_tb/list/root_id=999
[09:16:25]     Không thấy đúng một URL công khai chắc chắn trong hàng bài → để trống URL đã đăng.
[09:16:25]     ID CMS vừa đăng: 4123

[09:16:25] ========================================================================
[09:16:25] ĐÃ LƯU XONG BÀI 5/25
[09:16:25] - Dòng Excel: 193
[09:16:25] - HTML trước/sau: 17438/9221 ký tự
[09:16:25] - URL CMS sau khi lưu: https://congdongkinhdoanh.com/admin/news_tb/list/root_id=999
[09:16:25] ========================================================================
[09:16:26]     DANH_MUC_ID đã có: congdongkinhdoanh.com | Marketing | ID 2
[09:16:27] [OK] Worker 3 xong dòng 193 | 6/25
[09:16:27]     OK: đã chuyển sang URL sau khi lưu: https://doanhnhanduongthoi.com/admin/news_tb/list/root_id=999
[09:16:27]     LỖI: Sau khi bấm Lưu không tìm thấy ID hoặc đúng bài trong CMS → ghi LỖI ĐĂNG và giữ trình duyệt để kiểm tra.
[09:16:27] Traceback (most recent call last):
[09:16:27]   File "D:\CodexProjects\Hotkeyvip\03_dang_bai\VIP_tudongdangbai_khong_ini_TEST.py", line 4658, in process_one_article
[09:16:27]     cms_id, edit_url, public_url = find_saved_article_info(
[09:16:27]                                    ^^^^^^^^^^^^^^^^^^^^^^^^
[09:16:27]   File "D:\CodexProjects\Hotkeyvip\03_dang_bai\VIP_tudongdangbai_khong_ini_TEST.py", line 4334, in find_saved_article_info
[09:16:27]     raise RuntimeError(
[09:16:27] RuntimeError: Đã lưu bài nhưng không xác định chắc chắn được ID CMS trên trang danh sách. Số ID khớp tiêu đề tìm thấy: 0.

[09:16:27] The above exception was the direct cause of the following exception:

[09:16:27] Traceback (most recent call last):
[09:16:27]   File "D:\CodexProjects\Hotkeyvip\03_dang_bai\VIP_tudongdangbai_3_5_luong_TEST.py", line 570, in worker_main
[09:16:27]     result = publish.process_one_article(
[09:16:27]              ^^^^^^^^^^^^^^^^^^^^^^^^^^^^
[09:16:27]   File "D:\CodexProjects\Hotkeyvip\03_dang_bai\VIP_tudongdangbai_khong_ini_TEST.py", line 4679, in process_one_article
[09:16:27]     raise RuntimeError(
[09:16:27] RuntimeError: CMS không xác nhận đã tạo bài sau khi bấm Lưu. Giữ nguyên Edge để kiểm tra thông báo trên website.
[09:16:28]     Edge đã được hiện theo lựa chọn trên bảng tiến độ.
[09:16:28]     DANH_MUC_ID đã có: doanhnhanduongthoi.com | Đầu tư | ID 146
[09:16:31] [LỖI BÀI — DỪNG AN TOÀN] Worker 1, dòng 319: RuntimeError('CMS không xác nhận đã tạo bài sau khi bấm Lưu. Giữ nguyên Edge để kiểm tra thông báo trên website.')
[09:16:31] Log: D:\CodexProjects\Hotkeyvip\06_du_lieu_chay\log_dang_bai\dang_bai_worker1_row319_20260802_091627.log
[09:16:31] Đã khóa giao bài mới; Edge lỗi được giữ nguyên. Các bài đang chạy sẽ hoàn tất.

[09:16:33] ------------------------------------------------------------------------
[09:16:33] Dòng Excel     : 194
[09:16:33] File Word      : D:\baivietlamviec\dangbai\congdongkinhdoanh.com\[06] 10.08.2026\marketing không có đơn.docx
[09:16:33] URL CMS        : https://congdongkinhdoanh.com/admin/news_tb/field/root_id=999
[09:16:33] Ảnh đại diện   : D:\baivietlamviec\dangbai\congdongkinhdoanh.com\[06] 10.08.2026\marketing không có đơn 1.png
[09:16:33] Ảnh bài viết   : D:\baivietlamviec\dangbai\congdongkinhdoanh.com\[06] 10.08.2026\marketing không có đơn 2.png
[09:16:33] ------------------------------------------------------------------------
[09:16:33]     Đang chờ lượt mở CMS/đăng nhập (không cho nhiều worker vào website cùng lúc)...
[09:16:33]     Đã đến lượt worker mở CMS/đăng nhập.
[09:16:34]     Đã ở đúng trang đăng bài, không cần đăng nhập.

[09:16:35] ------------------------------------------------------------------------
[09:16:35] Dòng Excel     : 1098
[09:16:35] File Word      : D:\CodexProjects\Hotkeyvip\07_ket_qua\bai_viet\kythuatmarketing.com\phân loại kênh marketing.docx
[09:16:35] URL CMS        : https://kythuatmarketing.com/admin/news_tb/field/root_id=999
[09:16:35] Ảnh đại diện   : D:\CodexProjects\Hotkeyvip\07_ket_qua\bai_viet\kythuatmarketing.com\phân loại kênh marketing 1.png
[09:16:35] Ảnh bài viết   : D:\CodexProjects\Hotkeyvip\07_ket_qua\bai_viet\kythuatmarketing.com\phân loại kênh marketing 2.png
[09:16:35] ------------------------------------------------------------------------
[09:16:35]     Đang chờ lượt mở CMS/đăng nhập (không cho nhiều worker vào website cùng lúc)...
[09:16:36] [3] Điền 5 ô đầu...
[09:16:36]     Đã đến lượt worker mở CMS/đăng nhập.
[09:16:37]     Đã ở đúng trang đăng bài, không cần đăng nhập.
[09:16:37] [6] Chọn Danh mục / Tác giả từ dữ liệu đã chốt...
[09:16:37] Đã mở Select2 Danh mục.
[09:16:37] Đã chọn Danh mục: Marketing
[09:16:38] Đã tải xong ô Select2 Tác giả.
[09:16:39] Đã random Tác giả từ CMS: Đậu Minh Tuấn

[09:16:39] Kết quả Danh mục/Tác giả:
[09:16:39] - Trạng thái: OK
[09:16:39] - Danh mục  : Marketing
[09:16:39] - Tác giả   : Đậu Minh Tuấn
[09:16:39] [4] Đưa Edge lên trước và focus CKEditor detail...
[09:16:39] [3] Điền 5 ô đầu...
[09:16:40] [6] Chọn Danh mục / Tác giả từ dữ liệu đã chốt...
[09:16:40] [5] Đưa HTML Word vào CKEditor detail...
[09:16:40] Đã nạp CKEditor, độ dài HTML: 51521
[09:16:40] Đã mở Select2 Danh mục.
[09:16:40] Đã chọn Danh mục: Doanh nghiệp
[09:16:41] [7] Tạo đủ block và dán FAQ một lượt...
[09:16:41] Đã tạo đủ 4 block FAQ.
[09:16:41] Đã tải xong ô Select2 Tác giả.
[09:16:41] Đã dán một lượt 4 cặp FAQ.

[09:16:41] Kết quả FAQ:
[09:16:41] - Trạng thái: OK
[09:16:41] - Số cặp    : 4
[09:16:41] [3] Upload ảnh đại diện...
[09:16:41]     OK: đã gửi ảnh đại diện
[09:16:41] [4] Mở popup ảnh CKEditor...
[09:16:42] Đã random Tác giả từ CMS: Châu Khánh Ngọc Lan

[09:16:42] Kết quả Danh mục/Tác giả:
[09:16:42] - Trạng thái: OK
[09:16:42] - Danh mục  : Doanh nghiệp
[09:16:42] - Tác giả   : Châu Khánh Ngọc Lan
[09:16:42] [4] Đưa Edge lên trước và focus CKEditor detail...
[09:16:42] [5] Click tab Tải lên...
[09:16:42] [6] Chọn ảnh bài viết...
[09:16:42]     D:\baivietlamviec\dangbai\congdongkinhdoanh.com\[06] 10.08.2026\marketing không có đơn 2.png
[09:16:42]     OK: đã chọn file trong popup
[09:16:42] [7] Click Tải lên máy chủ...
[09:16:43] [8] Chờ server trả URL ảnh...
[09:16:43] [5] Đưa HTML Word vào CKEditor detail...
[09:16:43] Đã nạp CKEditor, độ dài HTML: 89417
[09:16:43]     URL: /uploads/images/editor/marketing-khong-co-don-2.png
[09:16:43] [9] Click Đồng ý...
[09:16:44]     OK: ảnh đã được chèn vào CKEditor
[09:16:44] [13] Lấy và gom HTML trực tiếp trong CKEditor...
[09:16:44]     OK: đã gom HTML bằng Python
[09:16:44]     HTML trước : 51688 ký tự
[09:16:44]     HTML sau   : 34411 ký tự
[09:16:44]     Số ảnh     : 1
[09:16:44]     Số H2/H3   : 8/21
[09:16:44] [14] Kiểm tra bảo hiểm ngay trước khi Save...
[09:16:44]     OK: Title, H1, Keyword, Danh mục, ảnh, H2 và bullet đều hợp lệ.
[09:16:44] [14] Click nút lưu bài...
[09:16:44] [7] Tạo đủ block và dán FAQ một lượt...
[09:16:44] Đã tạo đủ 6 block FAQ.
[09:16:45] Đã dán một lượt 6 cặp FAQ.

[09:16:45] Kết quả FAQ:
[09:16:45] - Trạng thái: OK
[09:16:45] - Số cặp    : 6
[09:16:45] [3] Upload ảnh đại diện...
[09:16:45]     OK: đã gửi ảnh đại diện
[09:16:45] [4] Mở popup ảnh CKEditor...
[09:16:45] [5] Click tab Tải lên...
[09:16:45] [6] Chọn ảnh bài viết...
[09:16:45]     D:\CodexProjects\Hotkeyvip\07_ket_qua\bai_viet\kythuatmarketing.com\phân loại kênh marketing 2.png
[09:16:46]     OK: đã chọn file trong popup
[09:16:46] [7] Click Tải lên máy chủ...
[09:16:46] [8] Chờ server trả URL ảnh...
[09:16:46]     OK: đã chuyển sang URL sau khi lưu: https://congdongkinhdoanh.com/admin/news_tb/list/root_id=999
[09:16:46]     URL: /uploads/images/editor/phan-loai-kenh-marketing-2.png
[09:16:46] [9] Click Đồng ý...
[09:16:46]     Không thấy đúng một URL công khai chắc chắn trong hàng bài → để trống URL đã đăng.
[09:16:46]     ID CMS vừa đăng: 4124

[09:16:46] ========================================================================
[09:16:46] ĐÃ LƯU XONG BÀI 6/25
[09:16:46] - Dòng Excel: 194
[09:16:46] - HTML trước/sau: 51688/34411 ký tự
[09:16:46] - URL CMS sau khi lưu: https://congdongkinhdoanh.com/admin/news_tb/list/root_id=999
[09:16:46] ========================================================================
[09:16:47]     OK: ảnh đã được chèn vào CKEditor
[09:16:47] [13] Lấy và gom HTML trực tiếp trong CKEditor...
[09:16:47]     OK: đã gom HTML bằng Python
[09:16:47]     HTML trước : 89586 ký tự
[09:16:47]     HTML sau   : 54509 ký tự
[09:16:47]     Số ảnh     : 1
[09:16:47]     Số H2/H3   : 10/29
[09:16:47] [14] Kiểm tra bảo hiểm ngay trước khi Save...
[09:16:47]     OK: Title, H1, Keyword, Danh mục, ảnh, H2 và bullet đều hợp lệ.
[09:16:47] [14] Click nút lưu bài...

[09:16:47] ------------------------------------------------------------------------
[09:16:47] Dòng Excel     : 195
[09:16:47] File Word      : D:\baivietlamviec\dangbai\congdongkinhdoanh.com\[06] 10.08.2026\sai lầm marketing doanh nghiệp nhỏ.docx
[09:16:47] URL CMS        : https://congdongkinhdoanh.com/admin/news_tb/field/root_id=999
[09:16:47] Ảnh đại diện   : D:\baivietlamviec\dangbai\congdongkinhdoanh.com\[06] 10.08.2026\sai lầm marketing doanh nghiệp nhỏ 1.png
[09:16:47] Ảnh bài viết   : D:\baivietlamviec\dangbai\congdongkinhdoanh.com\[06] 10.08.2026\sai lầm marketing doanh nghiệp nhỏ 2.png
[09:16:47] ------------------------------------------------------------------------
[09:16:47]     Đang chờ lượt mở CMS/đăng nhập (không cho nhiều worker vào website cùng lúc)...
[09:16:47]     Đã đến lượt worker mở CMS/đăng nhập.
[09:16:47]     Đã ở đúng trang đăng bài, không cần đăng nhập.
[09:16:47]     DANH_MUC_ID đã có: congdongkinhdoanh.com | Marketing | ID 2
[09:16:49] [OK] Worker 4 xong dòng 194 | 7/25
[09:16:50] [3] Điền 5 ô đầu...
[09:16:50]     OK: đã chuyển sang URL sau khi lưu: https://kythuatmarketing.com/admin/news_tb/list/root_id=999
[09:16:50]     Không thấy đúng một URL công khai chắc chắn trong hàng bài → để trống URL đã đăng.
[09:16:50]     ID CMS vừa đăng: 3219

[09:16:50] ========================================================================
[09:16:50] ĐÃ LƯU XONG BÀI 17/25
[09:16:50] - Dòng Excel: 1098
[09:16:50] - HTML trước/sau: 89586/54509 ký tự
[09:16:50] - URL CMS sau khi lưu: https://kythuatmarketing.com/admin/news_tb/list/root_id=999
[09:16:50] ========================================================================
[09:16:50] [6] Chọn Danh mục / Tác giả từ dữ liệu đã chốt...
[09:16:51] Đã mở Select2 Danh mục.
[09:16:51] Đã chọn Danh mục: Marketing
[09:16:52]     DANH_MUC_ID đã có: kythuatmarketing.com | Doanh nghiệp | ID 6
[09:16:52] Đã tải xong ô Select2 Tác giả.
[09:16:52] Đã random Tác giả từ CMS: Lý Hải Nam

[09:16:52] Kết quả Danh mục/Tác giả:
[09:16:52] - Trạng thái: OK
[09:16:52] - Danh mục  : Marketing
[09:16:52] - Tác giả   : Lý Hải Nam
[09:16:52] [4] Đưa Edge lên trước và focus CKEditor detail...
[09:16:53] [5] Đưa HTML Word vào CKEditor detail...
[09:16:54] Đã nạp CKEditor, độ dài HTML: 74775
[09:16:55] [7] Tạo đủ block và dán FAQ một lượt...
[09:16:55] Đã tạo đủ 6 block FAQ.
[09:16:55] Đã dán một lượt 6 cặp FAQ.

[09:16:55] Kết quả FAQ:
[09:16:55] - Trạng thái: OK
[09:16:55] - Số cặp    : 6
[09:16:55] [3] Upload ảnh đại diện...
[09:16:56]     OK: đã gửi ảnh đại diện
[09:16:56] [4] Mở popup ảnh CKEditor...
[09:16:56] [5] Click tab Tải lên...
[09:16:56] [6] Chọn ảnh bài viết...
[09:16:56]     D:\baivietlamviec\dangbai\congdongkinhdoanh.com\[06] 10.08.2026\sai lầm marketing doanh nghiệp nhỏ 2.png
[09:16:56]     OK: đã chọn file trong popup
[09:16:56] [7] Click Tải lên máy chủ...
[09:16:57] [8] Chờ server trả URL ảnh...
[09:16:57]     URL: /uploads/images/editor/sai-lam-marketing-doanh-nghiep-nho-2.png
[09:16:57] [9] Click Đồng ý...
[09:16:58]     OK: ảnh đã được chèn vào CKEditor
[09:16:58] [13] Lấy và gom HTML trực tiếp trong CKEditor...
[09:16:58]     OK: đã gom HTML bằng Python
[09:16:58]     HTML trước : 74947 ký tự
[09:16:58]     HTML sau   : 46760 ký tự
[09:16:58]     Số ảnh     : 1
[09:16:58]     Số H2/H3   : 16/15
[09:16:58] [14] Kiểm tra bảo hiểm ngay trước khi Save...
[09:16:58]     OK: Title, H1, Keyword, Danh mục, ảnh, H2 và bullet đều hợp lệ.
[09:16:58] [14] Click nút lưu bài...
[09:17:01]     OK: đã chuyển sang URL sau khi lưu: https://congdongkinhdoanh.com/admin/news_tb/list/root_id=999
[09:17:01]     Không thấy đúng một URL công khai chắc chắn trong hàng bài → để trống URL đã đăng.
[09:17:01]     ID CMS vừa đăng: 4125

[09:17:01] ========================================================================
[09:17:01] ĐÃ LƯU XONG BÀI 7/25
[09:17:01] - Dòng Excel: 195
[09:17:01] - HTML trước/sau: 74947/46760 ký tự
[09:17:01] - URL CMS sau khi lưu: https://congdongkinhdoanh.com/admin/news_tb/list/root_id=999
[09:17:01] ========================================================================
[09:17:04] Traceback (most recent call last):
[09:17:04]   File "D:\CodexProjects\Hotkeyvip\03_dang_bai\VIP_tudongdangbai_3_5_luong_TEST.py", line 1381, in run_multi_with_error_log
[09:17:04]     exit_code = run_multi()
[09:17:04]                 ^^^^^^^^^^^
[09:17:04]   File "D:\CodexProjects\Hotkeyvip\03_dang_bai\VIP_tudongdangbai_3_5_luong_TEST.py", line 1076, in run_multi
[09:17:04]     apply_publish_writes(message["writes"], row)
[09:17:04]   File "D:\CodexProjects\Hotkeyvip\03_dang_bai\VIP_tudongdangbai_3_5_luong_TEST.py", line 292, in apply_publish_writes
[09:17:04]     publish.write_publish_result(
[09:17:04]   File "D:\CodexProjects\Hotkeyvip\03_dang_bai\VIP_tudongdangbai_khong_ini_TEST.py", line 762, in write_publish_result
[09:17:04]     sheet.Cells(row, cms_id_col).Value = int(cms_id)
[09:17:04]     ^^^^^^^^^^^^^^^^^^^^^^^^^^^^^^^^^^
[09:17:04]   File "C:\Users\Admin\AppData\Local\Programs\Python\Python312\Lib\site-packages\win32com\client\__init__.py", line 599, in __setattr__
[09:17:04]     self._oleobj_.Invoke(*(args + (value,) + defArgs))
[09:17:04] pywintypes.com_error: (-2147352567, 'Exception occurred.', (0, None, None, None, 0, -2146777998), None)
[09:17:04] Thời gian kết thúc: 02/08/2026 09:17:04
[09:17:04] Đã lưu log lỗi điều phối tại: D:\CodexProjects\Hotkeyvip\06_du_lieu_chay\log_dang_bai\dang_bai_dieu_phoi_20260802_091434.log

========================================================================
Kết thúc: 2026-08-02 09:17:05
Mã thoát: 1
Thời gian: 151.85 giây
