HOTKEYVIP STUDIO - NHẬT KÝ CHẠY PYTHON
File: D:\CodexProjects\Hotkeyvip\03_dang_bai\V2.8_VIP_tudongdangbai_3_5_luong_kiemtra_noidung.py
Bắt đầu: 2026-08-04 08:45:09
========================================================================
[08:45:10] Thời gian bắt đầu: 04/08/2026 08:45:10
[08:45:14] Traceback (most recent call last):
[08:45:14]   File "D:\CodexProjects\Hotkeyvip\03_dang_bai\V2.8_VIP_tudongdangbai_3_5_luong_kiemtra_noidung.py", line 6828, in run_multi_with_error_log
[08:45:14]     exit_code = run_multi()
[08:45:14]                 ^^^^^^^^^^^
[08:45:14]   File "D:\CodexProjects\Hotkeyvip\03_dang_bai\V2.8_VIP_tudongdangbai_3_5_luong_kiemtra_noidung.py", line 6404, in run_multi
[08:45:14]     worker_count = ask_worker_count()
[08:45:14]                    ^^^^^^^^^^^^^^^^^^
[08:45:14]   File "D:\CodexProjects\Hotkeyvip\03_dang_bai\V2.8_VIP_tudongdangbai_3_5_luong_kiemtra_noidung.py", line 5370, in ask_worker_count
[08:45:14]     raise RuntimeError("Bạn đã hủy chọn số luồng.")
[08:45:14] RuntimeError: Bạn đã hủy chọn số luồng.
[08:45:14] Thời gian kết thúc: 04/08/2026 08:45:14
[08:45:14] Đã lưu log lỗi điều phối tại: D:\CodexProjects\Hotkeyvip\06_du_lieu_chay\log_dang_bai\dang_bai_dieu_phoi_20260804_084510.log

========================================================================
Kết thúc: 2026-08-04 08:45:14
Mã thoát: 1
Thời gian: 4.56 giây
