HOTKEYVIP STUDIO - NHẬT KÝ CHẠY PYTHON
File: D:\Dang_bai\V2.3_VIP_tudongdangbai_3_5_luong.py
Bắt đầu: 2026-08-02 09:51:22
========================================================================
[09:51:23] Thời gian bắt đầu: 02/08/2026 09:51:23
[09:51:46] ========================================================================
[09:51:46] ĐĂNG BÀI ĐA LUỒNG | 5 WORKER | 7 BÀI
[09:51:46] Không dùng current_row.ini; chỉ tiến trình chính ghi Excel.
[09:51:46] ========================================================================
[09:51:48]     Edge đã được ẩn trong lúc chạy.
[09:51:48]     Edge đã được ẩn theo lựa chọn trên bảng tiến độ.
[09:51:48] Worker 2: sẵn sàng.
[09:51:48] [GIAO] Worker 2 <- dòng 192 | congdongkinhdoanh.com | bài kế tiếp sau 1.0s

[09:51:48] [WORKER 2] BẮT ĐẦU DÒNG 192

[09:51:48] ========================================================================
[09:51:48] BẮT ĐẦU BÀI 1/7
[09:51:48] ========================================================================
[09:51:49]     Edge đã được ẩn trong lúc chạy.
[09:51:49]     Edge đã được ẩn theo lựa chọn trên bảng tiến độ.
[09:51:49] Worker 5: sẵn sàng.
[09:51:49]     Edge đã được ẩn trong lúc chạy.
[09:51:49]     Edge đã được ẩn theo lựa chọn trên bảng tiến độ.
[09:51:49] Worker 3: sẵn sàng.
[09:51:50] [GIAO] Worker 3 <- dòng 1101 | kythuatmarketing.com | bài kế tiếp sau 1.3s

[09:51:50] [WORKER 3] BẮT ĐẦU DÒNG 1101

[09:51:50] ========================================================================
[09:51:50] BẮT ĐẦU BÀI 2/7
[09:51:50] ========================================================================
[09:51:50] Traceback (most recent call last):
[09:51:50]   File "D:\Dang_bai\V2.3_VIP_tudongdangbai_3_5_luong.py", line 765, in worker_main
[09:51:50]     driver = create_worker_driver(worker_id)
[09:51:50]              ^^^^^^^^^^^^^^^^^^^^^^^^^^^^^^^
[09:51:50]   File "D:\Dang_bai\V2.3_VIP_tudongdangbai_3_5_luong.py", line 579, in create_worker_driver
[09:51:50]     driver = webdriver.Edge(options=options)
[09:51:50]              ^^^^^^^^^^^^^^^^^^^^^^^^^^^^^^^
[09:51:50]   File "C:\Users\Admin\AppData\Local\Programs\Python\Python312\Lib\site-packages\selenium\webdriver\edge\webdriver.py", line 45, in __init__
[09:51:50]     super().__init__(
[09:51:50]   File "C:\Users\Admin\AppData\Local\Programs\Python\Python312\Lib\site-packages\selenium\webdriver\chromium\webdriver.py", line 66, in __init__
[09:51:50]     super().__init__(command_executor=executor, options=self.options)
[09:51:50]   File "C:\Users\Admin\AppData\Local\Programs\Python\Python312\Lib\site-packages\selenium\webdriver\common\webdriver.py", line 25, in __init__
[09:51:50]     super().__init__(*args, **kwargs)
[09:51:50]   File "C:\Users\Admin\AppData\Local\Programs\Python\Python312\Lib\site-packages\selenium\webdriver\remote\webdriver.py", line 300, in __init__
[09:51:50]     self.start_session(capabilities)
[09:51:50]   File "C:\Users\Admin\AppData\Local\Programs\Python\Python312\Lib\site-packages\selenium\webdriver\remote\webdriver.py", line 396, in start_session
[09:51:50]     response = self.execute(Command.NEW_SESSION, caps)["value"]
[09:51:50]                ^^^^^^^^^^^^^^^^^^^^^^^^^^^^^^^^^^^^^^^
[09:51:50]   File "C:\Users\Admin\AppData\Local\Programs\Python\Python312\Lib\site-packages\selenium\webdriver\remote\webdriver.py", line 492, in execute
[09:51:50]     self.error_handler.check_response(response)
[09:51:50]   File "C:\Users\Admin\AppData\Local\Programs\Python\Python312\Lib\site-packages\selenium\webdriver\remote\errorhandler.py", line 232, in check_response
[09:51:50]     raise exception_class(message, screen, stacktrace)
[09:51:50] selenium.common.exceptions.SessionNotCreatedException: Message: session not created: Microsoft Edge failed to start: crashed.
[09:51:50]   (session not created: DevToolsActivePort file doesn't exist)
[09:51:50]   (The process started from msedge location C:\Program Files (x86)\Microsoft\Edge\Application\msedge.exe is no longer running, so msedgedriver is assuming that msedge has crashed.); For documentation on this error, please visit: https://www.selenium.dev/documentation/webdriver/troubleshooting/errors#sessionnotcreatedexception
[09:51:50] Stacktrace:
[09:51:50] 	msedgedriver!GetHandleVerifier [0x7ff7ebbb73c5+e415]
[09:51:50] 	msedgedriver!GetHandleVerifier [0x7ff7ebbb7424+e474]
[09:51:50] 	msedgedriver!GetHandleVerifier [0x7ff7ec22d076+6840c6]
[09:51:50] 	msedgedriver!(No symbol) [0x7ff7eb58f141]
[09:51:50] 	msedgedriver!(No symbol) [0x7ff7eb58ac80]
[09:51:50] 	msedgedriver!(No symbol) [0x7ff7eb5cbaf3]
[09:51:50] 	msedgedriver!(No symbol) [0x7ff7eb5cb486]
[09:51:50] 	msedgedriver!(No symbol) [0x7ff7eb596bfc]
[09:51:50] 	msedgedriver!(No symbol) [0x7ff7eb595e56]
[09:51:50] 	msedgedriver!(No symbol) [0x7ff7eb596a23]
[09:51:50] 	msedgedriver!(No symbol) [0x7ff7eb7e1271]
[09:51:50] 	msedgedriver!(No symbol) [0x7ff7eb7dd68f]
[09:51:50] 	msedgedriver!(No symbol) [0x7ff7eb7ee519]
[09:51:50] 	msedgedriver!GetHandleVerifier [0x7ff7ebbd2ab1+29b01]
[09:51:50] 	msedgedriver!GetHandleVerifier [0x7ff7ebbdb2b6+32306]
[09:51:50] 	msedgedriver!GetHandleVerifier [0x7ff7ebbbef24+15f74]
[09:51:50] 	msedgedriver!GetHandleVerifier [0x7ff7ebbbf045+16095]
[09:51:50] 	msedgedriver!GetHandleVerifier [0x7ff7ebbab463+24b3]
[09:51:50] 	KERNEL32!BaseThreadInitThunk [0x7ffde5027344+14]
[09:51:50] 	ntdll!RtlUserThreadStart [0x7ffde64e26b1+21]

[09:51:50] [WORKER 1 ĐÃ DỪNG] SessionNotCreatedException()
[09:51:50] Log: D:\CodexProjects\Hotkeyvip\06_du_lieu_chay\log_dang_bai\dang_bai_worker1_row0_20260802_095150.log
[09:51:50]     Edge đã được ẩn trong lúc chạy.
[09:51:50]     Edge đã được ẩn theo lựa chọn trên bảng tiến độ.
[09:51:50] Worker 4: sẵn sàng.
[09:51:51] [GIAO] Worker 4 <- dòng 1102 | kythuatmarketing.com | bài kế tiếp sau 1.9s

[09:51:51] [WORKER 4] BẮT ĐẦU DÒNG 1102

[09:51:51] ========================================================================
[09:51:51] BẮT ĐẦU BÀI 3/7
[09:51:51] ========================================================================
[09:51:51] [1] Đã chọn dòng 192: fanpage ít tương tác
[09:51:51]     Word chạy nền, không hiện cửa sổ.
[09:51:51]     File: D:\baivietlamviec\dangbai\congdongkinhdoanh.com\[06] 10.08.2026\fanpage ít tương tác.docx
[09:51:51]     Dòng Excel được truyền trực tiếp: 192

[09:51:51] Đối chiếu tài nguyên đăng bài:
[09:51:51] - File Word     : D:\baivietlamviec\dangbai\congdongkinhdoanh.com\[06] 10.08.2026\fanpage ít tương tác.docx
[09:51:51] - Tên gốc Word : fanpage ít tương tác
[09:51:51] - Ảnh đại diện : D:\baivietlamviec\dangbai\congdongkinhdoanh.com\[06] 10.08.2026\fanpage ít tương tác 1.png
[09:51:51] - Ảnh bài viết : D:\baivietlamviec\dangbai\congdongkinhdoanh.com\[06] 10.08.2026\fanpage ít tương tác 2.png
[09:51:53] [GIAO] Worker 5 <- dòng 1103 | kythuatmarketing.com | bài kế tiếp sau 1.8s

[09:51:53] [WORKER 5] BẮT ĐẦU DÒNG 1103

[09:51:53] ========================================================================
[09:51:53] BẮT ĐẦU BÀI 4/7
[09:51:53] ========================================================================
[09:51:54] [1] Đã chọn dòng 1101: earned media
[09:51:54]     Word chạy nền, không hiện cửa sổ.
[09:51:54]     File: D:\CodexProjects\Hotkeyvip\07_ket_qua\bai_viet\kythuatmarketing.com\earned media.docx
[09:51:54]     Dòng Excel được truyền trực tiếp: 1101

[09:51:54] Đối chiếu tài nguyên đăng bài:
[09:51:54] - File Word     : D:\CodexProjects\Hotkeyvip\07_ket_qua\bai_viet\kythuatmarketing.com\earned media.docx
[09:51:54] - Tên gốc Word : earned media
[09:51:54] - Ảnh đại diện : D:\CodexProjects\Hotkeyvip\07_ket_qua\bai_viet\kythuatmarketing.com\earned media 1.png
[09:51:54] - Ảnh bài viết : D:\CodexProjects\Hotkeyvip\07_ket_qua\bai_viet\kythuatmarketing.com\earned media 2.png
[09:51:55] Đã tìm thấy phần FAQ → chỉ lấy nội dung chính trước FAQ.
[09:51:55] Đã lấy HTML trực tiếp từ Clipboard Word, độ dài: 35095 ký tự.
[09:51:55] Đã đọc được 3 cặp FAQ hợp lệ từ Word.
[09:51:56] Đã tìm thấy phần FAQ → chỉ lấy nội dung chính trước FAQ.
[09:51:56] Đã lấy HTML trực tiếp từ Clipboard Word, độ dài: 26460 ký tự.
[09:51:56] [1] Đã chọn dòng 1102: marketing đa kênh
[09:51:56]     Word chạy nền, không hiện cửa sổ.
[09:51:56]     File: D:\CodexProjects\Hotkeyvip\07_ket_qua\bai_viet\kythuatmarketing.com\marketing đa kênh.docx
[09:51:56]     Dòng Excel được truyền trực tiếp: 1102

[09:51:56] Đối chiếu tài nguyên đăng bài:
[09:51:56] - File Word     : D:\CodexProjects\Hotkeyvip\07_ket_qua\bai_viet\kythuatmarketing.com\marketing đa kênh.docx
[09:51:56] - Tên gốc Word : marketing đa kênh
[09:51:56] - Ảnh đại diện : D:\CodexProjects\Hotkeyvip\07_ket_qua\bai_viet\kythuatmarketing.com\marketing đa kênh 1.png
[09:51:56] - Ảnh bài viết : D:\CodexProjects\Hotkeyvip\07_ket_qua\bai_viet\kythuatmarketing.com\marketing đa kênh 2.png
[09:51:57] Đã đọc được 5 cặp FAQ hợp lệ từ Word.
[09:51:58] [1] Đã chọn dòng 1103: omnichannel marketing
[09:51:58]     Word chạy nền, không hiện cửa sổ.
[09:51:58]     File: D:\CodexProjects\Hotkeyvip\07_ket_qua\bai_viet\kythuatmarketing.com\omnichannel marketing.docx
[09:51:58]     Dòng Excel được truyền trực tiếp: 1103

[09:51:58] Đối chiếu tài nguyên đăng bài:
[09:51:58] - File Word     : D:\CodexProjects\Hotkeyvip\07_ket_qua\bai_viet\kythuatmarketing.com\omnichannel marketing.docx
[09:51:58] - Tên gốc Word : omnichannel marketing
[09:51:58] - Ảnh đại diện : D:\CodexProjects\Hotkeyvip\07_ket_qua\bai_viet\kythuatmarketing.com\omnichannel marketing 1.png
[09:51:58] - Ảnh bài viết : D:\CodexProjects\Hotkeyvip\07_ket_qua\bai_viet\kythuatmarketing.com\omnichannel marketing 2.png
[09:51:59] Đã tìm thấy phần FAQ → chỉ lấy nội dung chính trước FAQ.
[09:51:59] Đã lấy HTML trực tiếp từ Clipboard Word, độ dài: 49577 ký tự.
[09:52:00] Đã đọc được 4 cặp FAQ hợp lệ từ Word.

[09:52:02] ------------------------------------------------------------------------
[09:52:02] Dòng Excel     : 1101
[09:52:02] File Word      : D:\CodexProjects\Hotkeyvip\07_ket_qua\bai_viet\kythuatmarketing.com\earned media.docx
[09:52:02] URL CMS        : https://kythuatmarketing.com/admin/news_tb/field/root_id=999
[09:52:02] Ảnh đại diện   : D:\CodexProjects\Hotkeyvip\07_ket_qua\bai_viet\kythuatmarketing.com\earned media 1.png
[09:52:02] Ảnh bài viết   : D:\CodexProjects\Hotkeyvip\07_ket_qua\bai_viet\kythuatmarketing.com\earned media 2.png
[09:52:02] ------------------------------------------------------------------------
[09:52:02]     Đang chờ lượt mở CMS/đăng nhập (không cho nhiều worker vào website cùng lúc)...
[09:52:02]     Đã đến lượt worker mở CMS/đăng nhập.
[09:52:03]     Phát hiện trang đăng nhập → tự nhập ID và mật khẩu...
[09:52:03]     Đã nhập đủ ID/mật khẩu → click ĐĂNG NHẬP một lần.

[09:52:04] ------------------------------------------------------------------------
[09:52:04] Dòng Excel     : 192
[09:52:04] File Word      : D:\baivietlamviec\dangbai\congdongkinhdoanh.com\[06] 10.08.2026\fanpage ít tương tác.docx
[09:52:04] URL CMS        : https://congdongkinhdoanh.com/admin/news_tb/field/root_id=999
[09:52:04] Ảnh đại diện   : D:\baivietlamviec\dangbai\congdongkinhdoanh.com\[06] 10.08.2026\fanpage ít tương tác 1.png
[09:52:04] Ảnh bài viết   : D:\baivietlamviec\dangbai\congdongkinhdoanh.com\[06] 10.08.2026\fanpage ít tương tác 2.png
[09:52:04] ------------------------------------------------------------------------
[09:52:04]     Đang chờ lượt mở CMS/đăng nhập (không cho nhiều worker vào website cùng lúc)...
[09:52:04]     Đăng nhập thành công, đã vào đúng trang đăng bài.
[09:52:04] Đã tìm thấy phần FAQ → chỉ lấy nội dung chính trước FAQ.
[09:52:05] Đã lấy HTML trực tiếp từ Clipboard Word, độ dài: 113489 ký tự.
[09:52:05] Đã đọc được 5 cặp FAQ hợp lệ từ Word.
[09:52:07] [3] Điền 5 ô đầu...    Đã đến lượt worker mở CMS/đăng nhập.

[09:52:07] [6] Chọn Danh mục / Tác giả từ dữ liệu đã chốt...
[09:52:08]     Đã ở đúng trang đăng bài, không cần đăng nhập.
[09:52:08] Đã mở Select2 Danh mục.
[09:52:08] Đã chọn Danh mục: Doanh nghiệp
[09:52:09] Đã tải xong ô Select2 Tác giả.
[09:52:09] Đã random Tác giả từ CMS: Cao Minh Hải Đăng

[09:52:09] Kết quả Danh mục/Tác giả:
[09:52:09] - Trạng thái: OK
[09:52:09] - Danh mục  : Doanh nghiệp
[09:52:09] - Tác giả   : Cao Minh Hải Đăng
[09:52:09] [4] Đưa Edge lên trước và focus CKEditor detail...
[09:52:10] [3] Điền 5 ô đầu...
[09:52:10] [5] Đưa HTML Word vào CKEditor detail...
[09:52:11] Đã nạp CKEditor, độ dài HTML: 20365
[09:52:11] [6] Chọn Danh mục / Tác giả từ dữ liệu đã chốt...

[09:52:11] ------------------------------------------------------------------------
[09:52:11] Dòng Excel     : 1102
[09:52:11] File Word      : D:\CodexProjects\Hotkeyvip\07_ket_qua\bai_viet\kythuatmarketing.com\marketing đa kênh.docx
[09:52:11] URL CMS        : https://kythuatmarketing.com/admin/news_tb/field/root_id=999
[09:52:11] Ảnh đại diện   : D:\CodexProjects\Hotkeyvip\07_ket_qua\bai_viet\kythuatmarketing.com\marketing đa kênh 1.png
[09:52:11] Ảnh bài viết   : D:\CodexProjects\Hotkeyvip\07_ket_qua\bai_viet\kythuatmarketing.com\marketing đa kênh 2.png
[09:52:11] ------------------------------------------------------------------------
[09:52:11]     Đang chờ lượt mở CMS/đăng nhập (không cho nhiều worker vào website cùng lúc)...
[09:52:11]     Đã đến lượt worker mở CMS/đăng nhập.
[09:52:11] Đã mở Select2 Danh mục.
[09:52:12] [7] Tạo đủ block và dán FAQ một lượt...
[09:52:12] Đã chọn Danh mục: Marketing
[09:52:12] Đã tạo đủ 5 block FAQ.
[09:52:12] Đã dán một lượt 5 cặp FAQ.

[09:52:12] Kết quả FAQ:
[09:52:12] - Trạng thái: OK
[09:52:12] - Số cặp    : 5
[09:52:12] [3] Upload ảnh đại diện...
[09:52:12]     OK: đã gửi ảnh đại diện
[09:52:12] [4] Mở popup ảnh CKEditor...
[09:52:12]     Đã ở đúng trang đăng bài, không cần đăng nhập.
[09:52:13] Đã tải xong ô Select2 Tác giả.
[09:52:13] [5] Click tab Tải lên...
[09:52:13] Đã random Tác giả từ CMS: Hồ Chí Dũng

[09:52:13] Kết quả Danh mục/Tác giả:
[09:52:13] - Trạng thái: OK
[09:52:13] - Danh mục  : Marketing
[09:52:13] - Tác giả   : Hồ Chí Dũng
[09:52:13] [4] Đưa Edge lên trước và focus CKEditor detail...
[09:52:13] [6] Chọn ảnh bài viết...
[09:52:13]     D:\CodexProjects\Hotkeyvip\07_ket_qua\bai_viet\kythuatmarketing.com\earned media 2.png
[09:52:13]     OK: đã chọn file trong popup
[09:52:13] [7] Click Tải lên máy chủ...
[09:52:13] [8] Chờ server trả URL ảnh...
[09:52:14]     URL: /uploads/images/editor/earned-media-2.png
[09:52:14] [9] Click Đồng ý...
[09:52:14] [5] Đưa HTML Word vào CKEditor detail...
[09:52:14] Đã nạp CKEditor, độ dài HTML: 15562
[09:52:14]     OK: ảnh đã được chèn vào CKEditor
[09:52:14] [13] Lấy và gom HTML trực tiếp trong CKEditor...
[09:52:14]     OK: đã gom HTML bằng Python
[09:52:14]     HTML trước : 20520 ký tự
[09:52:14]     HTML sau   : 16115 ký tự
[09:52:14]     Số ảnh     : 1
[09:52:14]     Số H2/H3   : 7/0
[09:52:14] [14] Kiểm tra bảo hiểm ngay trước khi Save...
[09:52:14]     OK: Title, H1, Keyword, Danh mục, ảnh, H2 và bullet đều hợp lệ.
[09:52:14] [14] Click nút lưu bài...
[09:52:15] [3] Điền 5 ô đầu...
[09:52:15] [7] Tạo đủ block và dán FAQ một lượt...
[09:52:16] [6] Chọn Danh mục / Tác giả từ dữ liệu đã chốt...
[09:52:16] Đã tạo đủ 3 block FAQ.
[09:52:16] Đã dán một lượt 3 cặp FAQ.

[09:52:16] Kết quả FAQ:
[09:52:16] - Trạng thái: OK
[09:52:16] - Số cặp    : 3
[09:52:16] [3] Upload ảnh đại diện...
[09:52:16] Đã mở Select2 Danh mục.
[09:52:16]     OK: đã gửi ảnh đại diện
[09:52:16] [4] Mở popup ảnh CKEditor...
[09:52:17] Đã chọn Danh mục: Doanh nghiệp
[09:52:17] [5] Click tab Tải lên...
[09:52:17]     OK: đã chuyển sang URL sau khi lưu: https://kythuatmarketing.com/admin/news_tb/list/root_id=999
[09:52:17]     Không thấy đúng một URL công khai chắc chắn trong hàng bài → để trống URL đã đăng.
[09:52:17]     ID CMS vừa đăng: 3222

[09:52:17] ========================================================================
[09:52:17] ĐÃ LƯU XONG BÀI 2/7
[09:52:17] - Dòng Excel: 1101
[09:52:17] - HTML trước/sau: 20520/16115 ký tự
[09:52:17] - URL CMS sau khi lưu: https://kythuatmarketing.com/admin/news_tb/list/root_id=999
[09:52:17] ========================================================================
[09:52:17] [OK] Worker 3 xong dòng 1101 | 1/7
[09:52:17] [GIAO] Worker 3 <- dòng 1104 | kythuatmarketing.com | bài kế tiếp sau 1.6s

[09:52:17] [WORKER 3] BẮT ĐẦU DÒNG 1104

[09:52:17] ========================================================================
[09:52:17] BẮT ĐẦU BÀI 5/7
[09:52:17] ========================================================================
[09:52:17] [6] Chọn ảnh bài viết...
[09:52:17]     D:\baivietlamviec\dangbai\congdongkinhdoanh.com\[06] 10.08.2026\fanpage ít tương tác 2.png
[09:52:17]     OK: đã chọn file trong popup
[09:52:17] [7] Click Tải lên máy chủ...
[09:52:18] Đã tải xong ô Select2 Tác giả.
[09:52:18] [8] Chờ server trả URL ảnh...
[09:52:18] Đã random Tác giả từ CMS: Đặng Lương Đức Kiên

[09:52:18] Kết quả Danh mục/Tác giả:
[09:52:18] - Trạng thái: OK
[09:52:18] - Danh mục  : Doanh nghiệp
[09:52:18] - Tác giả   : Đặng Lương Đức Kiên
[09:52:18] [4] Đưa Edge lên trước và focus CKEditor detail...
[09:52:18]     DANH_MUC_ID đã có: kythuatmarketing.com | Doanh nghiệp | ID 6
[09:52:19]     URL: /uploads/images/editor/fanpage-it-tuong-tac-2(2).png
[09:52:19] [9] Click Đồng ý...
[09:52:19]     OK: ảnh đã được chèn vào CKEditor
[09:52:19] [13] Lấy và gom HTML trực tiếp trong CKEditor...
[09:52:19] [5] Đưa HTML Word vào CKEditor detail...
[09:52:19]     OK: đã gom HTML bằng Python
[09:52:19]     HTML trước : 15736 ký tự
[09:52:19]     HTML sau   : 8690 ký tự
[09:52:19]     Số ảnh     : 1
[09:52:19]     Số H2/H3   : 5/11
[09:52:19] [14] Kiểm tra bảo hiểm ngay trước khi Save...
[09:52:19]     OK: Title, H1, Keyword, Danh mục, ảnh, H2 và bullet đều hợp lệ.
[09:52:19] [14] Click nút lưu bài...
[09:52:19] Đã nạp CKEditor, độ dài HTML: 35412
[09:52:20] [1] Đã chọn dòng 1104: multichannel và omnichannel
[09:52:20]     Word chạy nền, không hiện cửa sổ.
[09:52:20]     File: D:\CodexProjects\Hotkeyvip\07_ket_qua\bai_viet\kythuatmarketing.com\multichannel và omnichannel.docx
[09:52:20]     Dòng Excel được truyền trực tiếp: 1104

[09:52:20] Đối chiếu tài nguyên đăng bài:
[09:52:20] - File Word     : D:\CodexProjects\Hotkeyvip\07_ket_qua\bai_viet\kythuatmarketing.com\multichannel và omnichannel.docx
[09:52:20] - Tên gốc Word : multichannel và omnichannel
[09:52:20] - Ảnh đại diện : D:\CodexProjects\Hotkeyvip\07_ket_qua\bai_viet\kythuatmarketing.com\multichannel và omnichannel 1.png
[09:52:20] - Ảnh bài viết : D:\CodexProjects\Hotkeyvip\07_ket_qua\bai_viet\kythuatmarketing.com\multichannel và omnichannel 2.png
[09:52:20] [7] Tạo đủ block và dán FAQ một lượt...
[09:52:21] Đã tạo đủ 4 block FAQ.
[09:52:21] Đã dán một lượt 4 cặp FAQ.

[09:52:21] Kết quả FAQ:
[09:52:21] - Trạng thái: OK
[09:52:21] - Số cặp    : 4
[09:52:21] [3] Upload ảnh đại diện...
[09:52:21]     OK: đã gửi ảnh đại diện
[09:52:21] [4] Mở popup ảnh CKEditor...
[09:52:21] [5] Click tab Tải lên...
[09:52:22] [6] Chọn ảnh bài viết...
[09:52:22]     D:\CodexProjects\Hotkeyvip\07_ket_qua\bai_viet\kythuatmarketing.com\marketing đa kênh 2.png
[09:52:22]     OK: đã chọn file trong popup
[09:52:22] [7] Click Tải lên máy chủ...
[09:52:22]     OK: đã chuyển sang URL sau khi lưu: https://congdongkinhdoanh.com/admin/news_tb/list/root_id=999
[09:52:22]     Không thấy đúng một URL công khai chắc chắn trong hàng bài → để trống URL đã đăng.
[09:52:22]     ID CMS vừa đăng: 4126

[09:52:22] ========================================================================
[09:52:22] ĐÃ LƯU XONG BÀI 1/7
[09:52:22] - Dòng Excel: 192
[09:52:22] - HTML trước/sau: 15736/8690 ký tự
[09:52:22] - URL CMS sau khi lưu: https://congdongkinhdoanh.com/admin/news_tb/list/root_id=999
[09:52:22] ========================================================================
[09:52:22] [OK] Worker 2 xong dòng 192 | 2/7
[09:52:22] [GIAO] Worker 2 <- dòng 1105 | kythuatmarketing.com | bài kế tiếp sau 1.8s

[09:52:22] [WORKER 2] BẮT ĐẦU DÒNG 1105

[09:52:22] ========================================================================
[09:52:22] BẮT ĐẦU BÀI 6/7
[09:52:22] ========================================================================
[09:52:22] [8] Chờ server trả URL ảnh...
[09:52:23]     URL: /uploads/images/editor/marketing-da-kenh-2.png
[09:52:23] [9] Click Đồng ý...
[09:52:23]     OK: ảnh đã được chèn vào CKEditor
[09:52:23] [13] Lấy và gom HTML trực tiếp trong CKEditor...
[09:52:23]     OK: đã gom HTML bằng Python
[09:52:23]     HTML trước : 35570 ký tự
[09:52:23]     HTML sau   : 26805 ký tự
[09:52:23]     Số ảnh     : 1
[09:52:23]     Số H2/H3   : 7/19
[09:52:23] [14] Kiểm tra bảo hiểm ngay trước khi Save...
[09:52:23]     OK: Title, H1, Keyword, Danh mục, ảnh, H2 và bullet đều hợp lệ.
[09:52:23] [14] Click nút lưu bài...
[09:52:24]     DANH_MUC_ID đã có: congdongkinhdoanh.com | Marketing | ID 2
[09:52:25] [1] Đã chọn dòng 1105: kênh sự kiện marketing
[09:52:25]     Word chạy nền, không hiện cửa sổ.
[09:52:25]     File: D:\CodexProjects\Hotkeyvip\07_ket_qua\bai_viet\kythuatmarketing.com\kênh sự kiện marketing.docx
[09:52:25]     Dòng Excel được truyền trực tiếp: 1105

[09:52:25] Đối chiếu tài nguyên đăng bài:
[09:52:25] - File Word     : D:\CodexProjects\Hotkeyvip\07_ket_qua\bai_viet\kythuatmarketing.com\kênh sự kiện marketing.docx
[09:52:25] - Tên gốc Word : kênh sự kiện marketing
[09:52:25] - Ảnh đại diện : D:\CodexProjects\Hotkeyvip\07_ket_qua\bai_viet\kythuatmarketing.com\kênh sự kiện marketing 1.png
[09:52:25] - Ảnh bài viết : D:\CodexProjects\Hotkeyvip\07_ket_qua\bai_viet\kythuatmarketing.com\kênh sự kiện marketing 2.png
[09:52:26] Đã tìm thấy phần FAQ → chỉ lấy nội dung chính trước FAQ.
[09:52:26] Đã lấy HTML trực tiếp từ Clipboard Word, độ dài: 72989 ký tự.
[09:52:26]     OK: đã chuyển sang URL sau khi lưu: https://kythuatmarketing.com/admin/news_tb/list/root_id=999
[09:52:26]     Không thấy đúng một URL công khai chắc chắn trong hàng bài → để trống URL đã đăng.
[09:52:26]     ID CMS vừa đăng: 3223

[09:52:26] ========================================================================
[09:52:26] ĐÃ LƯU XONG BÀI 3/7
[09:52:26] - Dòng Excel: 1102
[09:52:26] - HTML trước/sau: 35570/26805 ký tự
[09:52:26] - URL CMS sau khi lưu: https://kythuatmarketing.com/admin/news_tb/list/root_id=999
[09:52:26] ========================================================================
[09:52:26] [OK] Worker 4 xong dòng 1102 | 3/7
[09:52:26] [GIAO] Worker 4 <- dòng 1106 | kythuatmarketing.com | bài kế tiếp sau 1.8s

[09:52:26] [WORKER 4] BẮT ĐẦU DÒNG 1106

[09:52:26] ========================================================================
[09:52:26] BẮT ĐẦU BÀI 7/7
[09:52:26] ========================================================================
[09:52:26] Đã tìm thấy phần FAQ → chỉ lấy nội dung chính trước FAQ.
[09:52:27] Đã lấy HTML trực tiếp từ Clipboard Word, độ dài: 19012 ký tự.
[09:52:27] Đã đọc được 5 cặp FAQ hợp lệ từ Word.
[09:52:27] Đã đọc được 3 cặp FAQ hợp lệ từ Word.
[09:52:28]     DANH_MUC_ID đã có: kythuatmarketing.com | Doanh nghiệp | ID 6
[09:52:29] [1] Đã chọn dòng 1106: sai lầm chọn kênh marketing
[09:52:29]     Word chạy nền, không hiện cửa sổ.
[09:52:29]     File: D:\CodexProjects\Hotkeyvip\07_ket_qua\bai_viet\kythuatmarketing.com\sai lầm chọn kênh marketing.docx
[09:52:29]     Dòng Excel được truyền trực tiếp: 1106

[09:52:29] Đối chiếu tài nguyên đăng bài:
[09:52:29] - File Word     : D:\CodexProjects\Hotkeyvip\07_ket_qua\bai_viet\kythuatmarketing.com\sai lầm chọn kênh marketing.docx
[09:52:29] - Tên gốc Word : sai lầm chọn kênh marketing
[09:52:29] - Ảnh đại diện : D:\CodexProjects\Hotkeyvip\07_ket_qua\bai_viet\kythuatmarketing.com\sai lầm chọn kênh marketing 1.png
[09:52:29] - Ảnh bài viết : D:\CodexProjects\Hotkeyvip\07_ket_qua\bai_viet\kythuatmarketing.com\sai lầm chọn kênh marketing 2.png

[09:52:31] ------------------------------------------------------------------------
[09:52:31] Dòng Excel     : 1103
[09:52:31] File Word      : D:\CodexProjects\Hotkeyvip\07_ket_qua\bai_viet\kythuatmarketing.com\omnichannel marketing.docx
[09:52:31] URL CMS        : https://kythuatmarketing.com/admin/news_tb/field/root_id=999
[09:52:31] Ảnh đại diện   : D:\CodexProjects\Hotkeyvip\07_ket_qua\bai_viet\kythuatmarketing.com\omnichannel marketing 1.png
[09:52:31] Ảnh bài viết   : D:\CodexProjects\Hotkeyvip\07_ket_qua\bai_viet\kythuatmarketing.com\omnichannel marketing 2.png
[09:52:31] ------------------------------------------------------------------------
[09:52:31]     Đang chờ lượt mở CMS/đăng nhập (không cho nhiều worker vào website cùng lúc)...
[09:52:31]     Đã đến lượt worker mở CMS/đăng nhập.
[09:52:32]     Phát hiện trang đăng nhập → tự nhập ID và mật khẩu...
[09:52:32]     Đã nhập đủ ID/mật khẩu → click ĐĂNG NHẬP một lần.

[09:52:33] ------------------------------------------------------------------------
[09:52:33] Dòng Excel     : 1105
[09:52:33] File Word      : D:\CodexProjects\Hotkeyvip\07_ket_qua\bai_viet\kythuatmarketing.com\kênh sự kiện marketing.docx
[09:52:33] URL CMS        : https://kythuatmarketing.com/admin/news_tb/field/root_id=999
[09:52:33] Ảnh đại diện   : D:\CodexProjects\Hotkeyvip\07_ket_qua\bai_viet\kythuatmarketing.com\kênh sự kiện marketing 1.png
[09:52:33] Ảnh bài viết   : D:\CodexProjects\Hotkeyvip\07_ket_qua\bai_viet\kythuatmarketing.com\kênh sự kiện marketing 2.png
[09:52:33] ------------------------------------------------------------------------
[09:52:33]     Đang chờ lượt mở CMS/đăng nhập (không cho nhiều worker vào website cùng lúc)...
[09:52:34]     Đăng nhập thành công, đã vào đúng trang đăng bài.
[09:52:36] [3] Điền 5 ô đầu...
[09:52:36]     Đã đến lượt worker mở CMS/đăng nhập.
[09:52:37] [6] Chọn Danh mục / Tác giả từ dữ liệu đã chốt...
[09:52:37]     Đã ở đúng trang đăng bài, không cần đăng nhập.
[09:52:37] Đã mở Select2 Danh mục.
[09:52:38] Đã chọn Danh mục: Doanh nghiệp
[09:52:39] Đã tải xong ô Select2 Tác giả.
[09:52:39] Đã tìm thấy phần FAQ → chỉ lấy nội dung chính trước FAQ.
[09:52:39] Đã random Tác giả từ CMS: Đinh Trần Công Phúc

[09:52:39] Kết quả Danh mục/Tác giả:
[09:52:39] - Trạng thái: OK
[09:52:39] - Danh mục  : Doanh nghiệp
[09:52:39] - Tác giả   : Đinh Trần Công Phúc
[09:52:39] [4] Đưa Edge lên trước và focus CKEditor detail...
[09:52:39] [3] Điền 5 ô đầu...
[09:52:39] Đã lấy HTML trực tiếp từ Clipboard Word, độ dài: 169924 ký tự.
[09:52:40] [6] Chọn Danh mục / Tác giả từ dữ liệu đã chốt...
[09:52:40] [5] Đưa HTML Word vào CKEditor detail...
[09:52:40] Đã nạp CKEditor, độ dài HTML: 69684
[09:52:40] Đã mở Select2 Danh mục.
[09:52:40] Đã đọc được 5 cặp FAQ hợp lệ từ Word.
[09:52:40] Đã chọn Danh mục: Doanh nghiệp
[09:52:41] [7] Tạo đủ block và dán FAQ một lượt...
[09:52:41] Đã tải xong ô Select2 Tác giả.
[09:52:42] Đã tạo đủ 5 block FAQ.
[09:52:42] Đã dán một lượt 5 cặp FAQ.

[09:52:42] Kết quả FAQ:
[09:52:42] - Trạng thái: OK
[09:52:42] - Số cặp    : 5
[09:52:42] [3] Upload ảnh đại diện...

[09:52:42] ------------------------------------------------------------------------
[09:52:42] Dòng Excel     : 1104
[09:52:42] File Word      : D:\CodexProjects\Hotkeyvip\07_ket_qua\bai_viet\kythuatmarketing.com\multichannel và omnichannel.docx
[09:52:42] URL CMS        : https://kythuatmarketing.com/admin/news_tb/field/root_id=999
[09:52:42] Ảnh đại diện   : D:\CodexProjects\Hotkeyvip\07_ket_qua\bai_viet\kythuatmarketing.com\multichannel và omnichannel 1.png
[09:52:42] Ảnh bài viết   : D:\CodexProjects\Hotkeyvip\07_ket_qua\bai_viet\kythuatmarketing.com\multichannel và omnichannel 2.png
[09:52:42] ------------------------------------------------------------------------
[09:52:42]     Đang chờ lượt mở CMS/đăng nhập (không cho nhiều worker vào website cùng lúc)...
[09:52:42]     Đã đến lượt worker mở CMS/đăng nhập.
[09:52:42]     OK: đã gửi ảnh đại diện
[09:52:42] [4] Mở popup ảnh CKEditor...
[09:52:42] Đã random Tác giả từ CMS: Cao Minh Hải Đăng

[09:52:42] Kết quả Danh mục/Tác giả:
[09:52:42] - Trạng thái: OK
[09:52:42] - Danh mục  : Doanh nghiệp
[09:52:42] - Tác giả   : Cao Minh Hải Đăng
[09:52:42] [4] Đưa Edge lên trước và focus CKEditor detail...
[09:52:42]     Đã ở đúng trang đăng bài, không cần đăng nhập.
[09:52:43] [5] Click tab Tải lên...
[09:52:43] [6] Chọn ảnh bài viết...
[09:52:43]     D:\CodexProjects\Hotkeyvip\07_ket_qua\bai_viet\kythuatmarketing.com\omnichannel marketing 2.png
[09:52:43]     OK: đã chọn file trong popup
[09:52:43] [7] Click Tải lên máy chủ...
[09:52:43] [5] Đưa HTML Word vào CKEditor detail...
[09:52:43] Đã nạp CKEditor, độ dài HTML: 15507
[09:52:43] [8] Chờ server trả URL ảnh...
[09:52:44]     URL: /uploads/images/editor/omnichannel-marketing-2.png
[09:52:44] [9] Click Đồng ý...
[09:52:44] [7] Tạo đủ block và dán FAQ một lượt...
[09:52:44]     OK: ảnh đã được chèn vào CKEditor
[09:52:44] [13] Lấy và gom HTML trực tiếp trong CKEditor...
[09:52:44]     OK: đã gom HTML bằng Python
[09:52:44]     HTML trước : 69855 ký tự
[09:52:44]     HTML sau   : 46644 ký tự
[09:52:44]     Số ảnh     : 1
[09:52:44]     Số H2/H3   : 8/28
[09:52:44] [14] Kiểm tra bảo hiểm ngay trước khi Save...
[09:52:44]     OK: Title, H1, Keyword, Danh mục, ảnh, H2 và bullet đều hợp lệ.
[09:52:44] [14] Click nút lưu bài...
[09:52:45] [3] Điền 5 ô đầu...
[09:52:45] Đã tạo đủ 3 block FAQ.
[09:52:45] Đã dán một lượt 3 cặp FAQ.

[09:52:45] Kết quả FAQ:
[09:52:45] - Trạng thái: OK
[09:52:45] - Số cặp    : 3
[09:52:45] [3] Upload ảnh đại diện...
[09:52:45]     OK: đã gửi ảnh đại diện
[09:52:45] [4] Mở popup ảnh CKEditor...
[09:52:45] [6] Chọn Danh mục / Tác giả từ dữ liệu đã chốt...
[09:52:46] Đã mở Select2 Danh mục.
[09:52:46] [5] Click tab Tải lên...
[09:52:46] Đã chọn Danh mục: Doanh nghiệp
[09:52:46] [6] Chọn ảnh bài viết...
[09:52:46]     D:\CodexProjects\Hotkeyvip\07_ket_qua\bai_viet\kythuatmarketing.com\kênh sự kiện marketing 2.png
[09:52:46]     OK: đã chọn file trong popup
[09:52:46] [7] Click Tải lên máy chủ...
[09:52:46] [8] Chờ server trả URL ảnh...
[09:52:47]     OK: đã chuyển sang URL sau khi lưu: https://kythuatmarketing.com/admin/news_tb/list/root_id=999
[09:52:47]     Không thấy đúng một URL công khai chắc chắn trong hàng bài → để trống URL đã đăng.
[09:52:47]     ID CMS vừa đăng: 3224

[09:52:47] ========================================================================
[09:52:47] ĐÃ LƯU XONG BÀI 4/7
[09:52:47] - Dòng Excel: 1103
[09:52:47] - HTML trước/sau: 69855/46644 ký tự
[09:52:47] - URL CMS sau khi lưu: https://kythuatmarketing.com/admin/news_tb/list/root_id=999
[09:52:47] ========================================================================
[09:52:47] [OK] Worker 5 xong dòng 1103 | 4/7
[09:52:47]     URL: /uploads/images/editor/kenh-su-kien-marketing-2.png
[09:52:47] [9] Click Đồng ý...
[09:52:47] Đã tải xong ô Select2 Tác giả.
[09:52:47]     OK: ảnh đã được chèn vào CKEditor
[09:52:47] [13] Lấy và gom HTML trực tiếp trong CKEditor...
[09:52:47] Đã random Tác giả từ CMS: Châu Khánh Ngọc Lan

[09:52:47] Kết quả Danh mục/Tác giả:
[09:52:47] - Trạng thái: OK
[09:52:47] - Danh mục  : Doanh nghiệp
[09:52:47] - Tác giả   : Châu Khánh Ngọc Lan
[09:52:47] [4] Đưa Edge lên trước và focus CKEditor detail...
[09:52:47]     OK: đã gom HTML bằng Python
[09:52:47]     HTML trước : 15671 ký tự
[09:52:47]     HTML sau   : 12842 ký tự
[09:52:47]     Số ảnh     : 1
[09:52:47]     Số H2/H3   : 7/5
[09:52:47] [14] Kiểm tra bảo hiểm ngay trước khi Save...
[09:52:47]     OK: Title, H1, Keyword, Danh mục, ảnh, H2 và bullet đều hợp lệ.
[09:52:47] [14] Click nút lưu bài...
[09:52:48]     DANH_MUC_ID đã có: kythuatmarketing.com | Doanh nghiệp | ID 6
[09:52:48] [5] Đưa HTML Word vào CKEditor detail...
[09:52:48] Đã nạp CKEditor, độ dài HTML: 41320
[09:52:49] [7] Tạo đủ block và dán FAQ một lượt...
[09:52:50] Đã tạo đủ 5 block FAQ.
[09:52:50] Đã dán một lượt 5 cặp FAQ.

[09:52:50] Kết quả FAQ:
[09:52:50] - Trạng thái: OK
[09:52:50] - Số cặp    : 5
[09:52:50] [3] Upload ảnh đại diện...
[09:52:50]     OK: đã chuyển sang URL sau khi lưu: https://kythuatmarketing.com/admin/news_tb/list/root_id=999
[09:52:50]     Không thấy đúng một URL công khai chắc chắn trong hàng bài → để trống URL đã đăng.
[09:52:50]     ID CMS vừa đăng: 3225

[09:52:50] ========================================================================
[09:52:50] ĐÃ LƯU XONG BÀI 6/7
[09:52:50] - Dòng Excel: 1105
[09:52:50] - HTML trước/sau: 15671/12842 ký tự
[09:52:50] - URL CMS sau khi lưu: https://kythuatmarketing.com/admin/news_tb/list/root_id=999
[09:52:50] ========================================================================
[09:52:50] [OK] Worker 2 xong dòng 1105 | 5/7
[09:52:50]     OK: đã gửi ảnh đại diện
[09:52:50] [4] Mở popup ảnh CKEditor...
[09:52:51] [5] Click tab Tải lên...
[09:52:51] [6] Chọn ảnh bài viết...
[09:52:51]     D:\CodexProjects\Hotkeyvip\07_ket_qua\bai_viet\kythuatmarketing.com\multichannel và omnichannel 2.png
[09:52:51]     OK: đã chọn file trong popup
[09:52:51] [7] Click Tải lên máy chủ...
[09:52:51]     DANH_MUC_ID đã có: kythuatmarketing.com | Doanh nghiệp | ID 6
[09:52:51] [8] Chờ server trả URL ảnh...
[09:52:52]     URL: /uploads/images/editor/multichannel-va-omnichannel-2.png
[09:52:52] [9] Click Đồng ý...
[09:52:52]     OK: ảnh đã được chèn vào CKEditor
[09:52:52] [13] Lấy và gom HTML trực tiếp trong CKEditor...
[09:52:52]     OK: đã gom HTML bằng Python
[09:52:52]     HTML trước : 41495 ký tự
[09:52:52]     HTML sau   : 27603 ký tự
[09:52:52]     Số ảnh     : 1
[09:52:52]     Số H2/H3   : 11/5
[09:52:52] [14] Kiểm tra bảo hiểm ngay trước khi Save...
[09:52:52]     OK: Title, H1, Keyword, Danh mục, ảnh, H2 và bullet đều hợp lệ.
[09:52:52] [14] Click nút lưu bài...
[09:52:54]     OK: đã chuyển sang URL sau khi lưu: https://kythuatmarketing.com/admin/news_tb/list/root_id=999
[09:52:54]     Không thấy đúng một URL công khai chắc chắn trong hàng bài → để trống URL đã đăng.
[09:52:54]     ID CMS vừa đăng: 3226

[09:52:54] ========================================================================
[09:52:54] ĐÃ LƯU XONG BÀI 5/7
[09:52:54] - Dòng Excel: 1104
[09:52:54] - HTML trước/sau: 41495/27603 ký tự
[09:52:54] - URL CMS sau khi lưu: https://kythuatmarketing.com/admin/news_tb/list/root_id=999
[09:52:54] ========================================================================
[09:52:54] [OK] Worker 3 xong dòng 1104 | 6/7
[09:52:56]     DANH_MUC_ID đã có: kythuatmarketing.com | Doanh nghiệp | ID 6

[09:53:19] ------------------------------------------------------------------------
[09:53:19] Dòng Excel     : 1106
[09:53:19] File Word      : D:\CodexProjects\Hotkeyvip\07_ket_qua\bai_viet\kythuatmarketing.com\sai lầm chọn kênh marketing.docx
[09:53:19] URL CMS        : https://kythuatmarketing.com/admin/news_tb/field/root_id=999
[09:53:19] Ảnh đại diện   : D:\CodexProjects\Hotkeyvip\07_ket_qua\bai_viet\kythuatmarketing.com\sai lầm chọn kênh marketing 1.png
[09:53:19] Ảnh bài viết   : D:\CodexProjects\Hotkeyvip\07_ket_qua\bai_viet\kythuatmarketing.com\sai lầm chọn kênh marketing 2.png
[09:53:19] ------------------------------------------------------------------------
[09:53:19]     Đang chờ lượt mở CMS/đăng nhập (không cho nhiều worker vào website cùng lúc)...
[09:53:19]     Đã đến lượt worker mở CMS/đăng nhập.
[09:53:20]     Đã ở đúng trang đăng bài, không cần đăng nhập.
[09:53:22] [3] Điền 5 ô đầu...
[09:53:23] [6] Chọn Danh mục / Tác giả từ dữ liệu đã chốt...
[09:53:23] Đã mở Select2 Danh mục.
[09:53:24] Đã chọn Danh mục: Doanh nghiệp
[09:53:25] Đã tải xong ô Select2 Tác giả.
[09:53:25] Đã random Tác giả từ CMS: Bùi Vũ Nhật Huy

[09:53:25] Kết quả Danh mục/Tác giả:
[09:53:25] - Trạng thái: OK
[09:53:25] - Danh mục  : Doanh nghiệp
[09:53:25] - Tác giả   : Bùi Vũ Nhật Huy
[09:53:25] [4] Đưa Edge lên trước và focus CKEditor detail...
[09:53:26] [5] Đưa HTML Word vào CKEditor detail...
[09:53:26] Đã nạp CKEditor, độ dài HTML: 99749
[09:53:27] [7] Tạo đủ block và dán FAQ một lượt...
[09:53:28] Đã tạo đủ 5 block FAQ.
[09:53:28] Đã dán một lượt 5 cặp FAQ.

[09:53:28] Kết quả FAQ:
[09:53:28] - Trạng thái: OK
[09:53:28] - Số cặp    : 5
[09:53:28] [3] Upload ảnh đại diện...
[09:53:28]     OK: đã gửi ảnh đại diện
[09:53:28] [4] Mở popup ảnh CKEditor...
[09:53:29] [5] Click tab Tải lên...
[09:53:29] [6] Chọn ảnh bài viết...
[09:53:29]     D:\CodexProjects\Hotkeyvip\07_ket_qua\bai_viet\kythuatmarketing.com\sai lầm chọn kênh marketing 2.png
[09:53:29]     OK: đã chọn file trong popup
[09:53:29] [7] Click Tải lên máy chủ...
[09:53:29] [8] Chờ server trả URL ảnh...
[09:53:30]     URL: /uploads/images/editor/sai-lam-chon-kenh-marketing-2.png
[09:53:30] [9] Click Đồng ý...
[09:53:30]     OK: ảnh đã được chèn vào CKEditor
[09:53:30] [13] Lấy và gom HTML trực tiếp trong CKEditor...
[09:53:30]     OK: đã gom HTML bằng Python
[09:53:30]     HTML trước : 99926 ký tự
[09:53:30]     HTML sau   : 64551 ký tự
[09:53:30]     Số ảnh     : 1
[09:53:30]     Số H2/H3   : 19/44
[09:53:30] [14] Kiểm tra bảo hiểm ngay trước khi Save...
[09:53:30]     OK: Title, H1, Keyword, Danh mục, ảnh, H2 và bullet đều hợp lệ.
[09:53:30] [14] Click nút lưu bài...
[09:53:33]     OK: đã chuyển sang URL sau khi lưu: https://kythuatmarketing.com/admin/news_tb/list/root_id=999
[09:53:33]     Không thấy đúng một URL công khai chắc chắn trong hàng bài → để trống URL đã đăng.
[09:53:33]     ID CMS vừa đăng: 3227

[09:53:33] ========================================================================
[09:53:33] ĐÃ LƯU XONG BÀI 7/7
[09:53:33] - Dòng Excel: 1106
[09:53:33] - HTML trước/sau: 99926/64551 ký tự
[09:53:33] - URL CMS sau khi lưu: https://kythuatmarketing.com/admin/news_tb/list/root_id=999
[09:53:33] ========================================================================
[09:53:33] [OK] Worker 4 xong dòng 1106 | 7/7
[09:53:34]     DANH_MUC_ID đã có: kythuatmarketing.com | Doanh nghiệp | ID 6
[09:53:37] ========================================================================
[09:53:37] KẾT THÚC: hoàn thành 7/7 bài
[09:53:37] ========================================================================
[09:53:37] Thời gian kết thúc: 02/08/2026 09:53:37
[09:53:37] Đã lưu log lỗi điều phối tại: D:\CodexProjects\Hotkeyvip\06_du_lieu_chay\log_dang_bai\dang_bai_dieu_phoi_20260802_095123.log

========================================================================
Kết thúc: 2026-08-02 09:53:37
Mã thoát: 1
Thời gian: 134.94 giây
