HOTKEYVIP STUDIO - NHẬT KÝ CHẠY PYTHON
File: D:\CodexProjects\Hotkeyvip\03_dang_bai\V2.8_VIP_tudongdangbai_3_5_luong_kiemtra_noidung.py
Bắt đầu: 2026-08-03 07:21:40
========================================================================
[07:21:40] Thời gian bắt đầu: 03/08/2026 07:21:40
[07:22:11] ========================================================================
[07:22:11] PHIEN BAN: V2.8_VIP_tudongdangbai_3_5_luong_kiemtra_noidung
[07:22:11] ĐĂNG BÀI ĐA LUỒNG | 3 WORKER | 8 BÀI
[07:22:11] Không dùng current_row.ini; chỉ tiến trình chính ghi Excel.
[07:22:11] ========================================================================
[07:22:13]     Edge đã được ẩn trong lúc chạy.
[07:22:13] Worker 3: sẵn sàng.
[07:22:13]     Edge đã được ẩn theo lựa chọn trên bảng tiến độ.
[07:22:13] [GIAO] Worker 3 <- dòng 333 | doanhnhanduongthoi.com | giao ngay cho worker rảnh

[07:22:13] [WORKER 3] BẮT ĐẦU DÒNG 333
[07:22:13]     Edge đã được ẩn trong lúc chạy.
[07:22:13] Worker 2: sẵn sàng.
[07:22:13] [GIAO] Worker 2 <- dòng 1107 | kythuatmarketing.com | giao ngay cho worker rảnh

[07:22:13] [WORKER 2] BẮT ĐẦU DÒNG 1107
[07:22:13]     Edge đã được ẩn theo lựa chọn trên bảng tiến độ.
[07:22:13]     Edge đã được ẩn trong lúc chạy.
[07:22:13] Worker 1: sẵn sàng.
[07:22:13] [GIAO] Worker 1 <- dòng 1111 | kythuatmarketing.com | giao ngay cho worker rảnh
[07:22:13]     Edge đã được ẩn theo lựa chọn trên bảng tiến độ.

[07:22:13] [WORKER 1] BẮT ĐẦU DÒNG 1111
[07:22:13]     Đã ở đúng trang đăng bài, không cần đăng nhập.
[07:22:14]     Đã ở đúng trang đăng bài, không cần đăng nhập.
[07:22:14]     Phát hiện trang đăng nhập → chờ khóa Login ngắn...
[07:22:14]     Phát hiện trang đăng nhập → tự nhập ID và mật khẩu...
[07:22:14]     Đã nhập đủ ID/mật khẩu → click ĐĂNG NHẬP một lần.
[07:22:15] [1] Đã chọn dòng 333: đánh giá hiệu quả sử dụng vốn
[07:22:15]     Word chạy nền, không hiện cửa sổ.
[07:22:15]     File: D:\CodexProjects\Hotkeyvip\07_ket_qua\bai_viet\[02] 30.07.2026\đánh giá hiệu quả sử dụng vốn.docx
[07:22:15]     Dòng Excel được truyền trực tiếp: 333

[07:22:15] Đối chiếu tài nguyên đăng bài:
[07:22:15] - File Word     : D:\CodexProjects\Hotkeyvip\07_ket_qua\bai_viet\[02] 30.07.2026\đánh giá hiệu quả sử dụng vốn.docx
[07:22:15] - Tên gốc Word : đánh giá hiệu quả sử dụng vốn
[07:22:15] - Ảnh đại diện : D:\CodexProjects\Hotkeyvip\07_ket_qua\bai_viet\[02] 30.07.2026\đánh giá hiệu quả sử dụng vốn 1.png
[07:22:15] - Ảnh bài viết : D:\CodexProjects\Hotkeyvip\07_ket_qua\bai_viet\[02] 30.07.2026\đánh giá hiệu quả sử dụng vốn 2.png
[07:22:16]     Đăng nhập thành công, đã vào đúng trang đăng bài.
[07:22:18] [1] Đã chọn dòng 1107: quản trị marketing
[07:22:18]     Word chạy nền, không hiện cửa sổ.
[07:22:18]     File: D:\CodexProjects\Hotkeyvip\07_ket_qua\bai_viet\kythuatmarketing.com\quản trị marketing.docx
[07:22:18]     Dòng Excel được truyền trực tiếp: 1107

[07:22:18] Đối chiếu tài nguyên đăng bài:
[07:22:18] - File Word     : D:\CodexProjects\Hotkeyvip\07_ket_qua\bai_viet\kythuatmarketing.com\quản trị marketing.docx
[07:22:18] - Tên gốc Word : quản trị marketing
[07:22:18] - Ảnh đại diện : D:\CodexProjects\Hotkeyvip\07_ket_qua\bai_viet\kythuatmarketing.com\quản trị marketing 1.png
[07:22:18] - Ảnh bài viết : D:\CodexProjects\Hotkeyvip\07_ket_qua\bai_viet\kythuatmarketing.com\quản trị marketing 2.png
[07:22:20] Đã tìm thấy phần FAQ → chỉ lấy nội dung chính trước FAQ.
[07:22:20]     Waiting for Word Clipboard transfer...
[07:22:20] Đã lấy HTML trực tiếp từ Clipboard Word, độ dài: 51487 ký tự.
[07:22:20] [1] Đã chọn dòng 1111: hệ thống quản trị marketing
[07:22:20]     Word chạy nền, không hiện cửa sổ.
[07:22:20]     File: D:\CodexProjects\Hotkeyvip\07_ket_qua\bai_viet\kythuatmarketing.com\hệ thống quản trị marketing.docx
[07:22:20]     Dòng Excel được truyền trực tiếp: 1111

[07:22:20] Đối chiếu tài nguyên đăng bài:
[07:22:20] - File Word     : D:\CodexProjects\Hotkeyvip\07_ket_qua\bai_viet\kythuatmarketing.com\hệ thống quản trị marketing.docx
[07:22:20] - Tên gốc Word : hệ thống quản trị marketing
[07:22:20] - Ảnh đại diện : D:\CodexProjects\Hotkeyvip\07_ket_qua\bai_viet\kythuatmarketing.com\hệ thống quản trị marketing 1.png
[07:22:20] - Ảnh bài viết : D:\CodexProjects\Hotkeyvip\07_ket_qua\bai_viet\kythuatmarketing.com\hệ thống quản trị marketing 2.png
[07:22:21] Đã đọc được 5 cặp FAQ hợp lệ từ Word.
[07:22:27] Đã tìm thấy phần FAQ → chỉ lấy nội dung chính trước FAQ.
[07:22:27]     Waiting for Word Clipboard transfer...
[07:22:28] Đã lấy HTML trực tiếp từ Clipboard Word, độ dài: 124733 ký tự.
[07:22:28] Đã đọc được 6 cặp FAQ hợp lệ từ Word.
[07:22:32] Đã tìm thấy phần FAQ → chỉ lấy nội dung chính trước FAQ.
[07:22:32]     Waiting for Word Clipboard transfer...
[07:22:33] Đã lấy HTML trực tiếp từ Clipboard Word, độ dài: 241880 ký tự.
[07:22:34] Đã đọc được 6 cặp FAQ hợp lệ từ Word.
[07:22:35] [PIPELINE] Word ready in RAM: row 333 | D:\CodexProjects\Hotkeyvip\07_ket_qua\bai_viet\[02] 30.07.2026\đánh giá hiệu quả sử dụng vốn.docx

[07:22:35] ========================================================================
[07:22:35] BẮT ĐẦU BÀI 1/8
[07:22:35] ========================================================================
[07:22:35] [PIPELINE] Using Word data already prepared in RAM.
[07:22:35]     Excel row : 333
[07:22:35]     Word file : D:\CodexProjects\Hotkeyvip\07_ket_qua\bai_viet\[02] 30.07.2026\đánh giá hiệu quả sử dụng vốn.docx
[07:22:35]     CMS URL   : https://doanhnhanduongthoi.com/admin/news_tb/field/root_id=999
[07:22:35]     Đã ở đúng trang đăng bài, không cần đăng nhập.
[07:22:35] [3] Điền 5 ô đầu...
[07:22:36] [6] Chọn Danh mục / Tác giả từ dữ liệu đã chốt...
[07:22:36] Đã mở Select2 Danh mục.
[07:22:36] Đã chọn Danh mục: Đầu tư
[07:22:37] Đã tải xong ô Select2 Tác giả.
[07:22:38] Đã random Tác giả từ CMS: Lý Hữu Minh

[07:22:38] Kết quả Danh mục/Tác giả:
[07:22:38] - Trạng thái: OK
[07:22:38] - Danh mục  : Đầu tư
[07:22:38] - Tác giả   : Lý Hữu Minh
[07:22:38] [4] Đưa Edge lên trước và focus CKEditor detail...
[07:22:39] [5] Đưa HTML Word vào CKEditor detail...
[07:22:39] Đã nạp CKEditor, độ dài HTML: 34593
[07:22:40] [7] Tạo đủ block và dán FAQ một lượt...
[07:22:40] Đã tạo đủ 5 block FAQ.
[07:22:40] Đã dán một lượt 5 cặp FAQ.

[07:22:40] Kết quả FAQ:
[07:22:40] - Trạng thái: OK
[07:22:40] - Số cặp    : 5
[07:22:40] [3] Upload ảnh đại diện...
[07:22:41]     OK: đã gửi ảnh đại diện
[07:22:41] [4] Mở popup ảnh CKEditor...
[07:22:41] [5] Click tab Tải lên...
[07:22:41] [6] Chọn ảnh bài viết...
[07:22:41]     D:\CodexProjects\Hotkeyvip\07_ket_qua\bai_viet\[02] 30.07.2026\đánh giá hiệu quả sử dụng vốn 2.png
[07:22:41]     OK: đã chọn file trong popup
[07:22:41] [7] Click Tải lên máy chủ...
[07:22:42] [8] Chờ server trả URL ảnh...
[07:22:43]     URL: /uploads/images/editor/danh-gia-hieu-qua-su-dung-von-2(1).png
[07:22:43] [9] Click Đồng ý...
[07:22:43]     OK: ảnh đã được chèn vào CKEditor
[07:22:43] [13] Lấy và gom HTML trực tiếp trong CKEditor...
[07:22:43]     OK: đã gom HTML bằng Python
[07:22:43]     HTML trước : 34770 ký tự
[07:22:43]     HTML sau   : 25798 ký tự
[07:22:43]     Số ảnh     : 1
[07:22:43]     Số H2/H3   : 14/29
[07:22:43] [CONTENT CHECK] OK: 12 Word markers found in CKEditor.
[07:22:43] [14] Kiểm tra bảo hiểm ngay trước khi Save...
[07:22:43]     OK: Title, H1, Keyword, Danh mục, ảnh, H2 và bullet đều hợp lệ.
[07:22:43]     Đang chờ khóa Save/Xác nhận ID của đúng tên miền...
[07:22:43]     Đã đến lượt Save/Xác nhận ID của tên miền này.
[07:22:43] [14] Click nút lưu bài...
[07:22:46]     OK: đã chuyển sang URL sau khi lưu: https://doanhnhanduongthoi.com/admin/news_tb/list/root_id=999
[07:22:46]     LỖI: Sau khi bấm Lưu không tìm thấy ID hoặc đúng bài trong CMS → ghi LỖI ĐĂNG và giữ trình duyệt để kiểm tra.
[07:22:46] Traceback (most recent call last):
[07:22:46]   File "D:\CodexProjects\Hotkeyvip\03_dang_bai\V2.8_VIP_tudongdangbai_3_5_luong_kiemtra_noidung.py", line 4913, in process_one_article
[07:22:46]     cms_id, edit_url, public_url = find_saved_article_info(
[07:22:46]                                    ^^^^^^^^^^^^^^^^^^^^^^^^
[07:22:46]   File "D:\CodexProjects\Hotkeyvip\03_dang_bai\V2.8_VIP_tudongdangbai_3_5_luong_kiemtra_noidung.py", line 4719, in find_saved_article_info
[07:22:46]     return _find_saved_article_info_unlocked(driver, titles)
[07:22:46]            ^^^^^^^^^^^^^^^^^^^^^^^^^^^^^^^^^^^^^^^^^^^^^^^^^
[07:22:46]   File "D:\CodexProjects\Hotkeyvip\03_dang_bai\V2.8_VIP_tudongdangbai_3_5_luong_kiemtra_noidung.py", line 4472, in find_saved_article_info
[07:22:46]     raise RuntimeError(
[07:22:46] RuntimeError: Đã lưu bài nhưng không xác định chắc chắn được ID CMS trên trang danh sách. Số ID khớp tiêu đề tìm thấy: 2.

[07:22:46] The above exception was the direct cause of the following exception:

[07:22:46] Traceback (most recent call last):
[07:22:46]   File "D:\CodexProjects\Hotkeyvip\03_dang_bai\V2.8_VIP_tudongdangbai_3_5_luong_kiemtra_noidung.py", line 6001, in worker_main
[07:22:46]     result = publish.process_one_article(
[07:22:46]              ^^^^^^^^^^^^^^^^^^^^^^^^^^^^
[07:22:46]   File "D:\CodexProjects\Hotkeyvip\03_dang_bai\V2.8_VIP_tudongdangbai_3_5_luong_kiemtra_noidung.py", line 4937, in process_one_article
[07:22:46]     raise RuntimeError(
[07:22:46] RuntimeError: CMS không xác nhận đã tạo bài sau khi bấm Lưu. Giữ nguyên Edge để kiểm tra thông báo trên website.
[07:22:46] [LỖI BÀI — DỪNG AN TOÀN] Worker 3, dòng 333: RuntimeError('CMS không xác nhận đã tạo bài sau khi bấm Lưu. Giữ nguyên Edge để kiểm tra thông báo trên website.')
[07:22:46] Log: D:\CodexProjects\Hotkeyvip\06_du_lieu_chay\log_dang_bai\dang_bai_worker3_row333_20260803_072246.log
[07:22:46] Đã khóa giao bài mới; Edge lỗi được giữ nguyên. Các bài đang chạy sẽ hoàn tất.
[07:22:46]     Edge đã được hiện theo lựa chọn trên bảng tiến độ.
[07:22:46]     DANH_MUC_ID đã có: doanhnhanduongthoi.com | Đầu tư | ID 146
[07:22:47]     CẢNH BÁO: Không tự giãn được khung Note lỗi: AttributeError("'<win32com.gen_py.Microsoft Excel 16.0 Object Library.TextFrame instance at 0x2172744194848>' object has no attribute 'WordWrap'")
[07:22:48]     CẢNH BÁO: Không tự giãn được khung Note lỗi: AttributeError("'<win32com.gen_py.Microsoft Excel 16.0 Object Library.TextFrame instance at 0x2172744699392>' object has no attribute 'WordWrap'")
[07:22:55] [PIPELINE] Word ready in RAM: row 1111 | D:\CodexProjects\Hotkeyvip\07_ket_qua\bai_viet\kythuatmarketing.com\hệ thống quản trị marketing.docx

[07:22:55] ========================================================================
[07:22:55] BẮT ĐẦU BÀI 3/8
[07:22:55] ========================================================================
[07:22:55] [PIPELINE] Using Word data already prepared in RAM.
[07:22:55]     Excel row : 1111
[07:22:55]     Word file : D:\CodexProjects\Hotkeyvip\07_ket_qua\bai_viet\kythuatmarketing.com\hệ thống quản trị marketing.docx
[07:22:55]     CMS URL   : https://kythuatmarketing.com/admin/news_tb/field/root_id=999
[07:22:55]     Đã ở đúng trang đăng bài, không cần đăng nhập.
[07:22:55] [3] Điền 5 ô đầu...
[07:22:56] [6] Chọn Danh mục / Tác giả từ dữ liệu đã chốt...
[07:22:56] Đã mở Select2 Danh mục.
[07:22:56] Đã chọn Danh mục: Doanh nghiệp
[07:22:57] Đã tải xong ô Select2 Tác giả.
[07:22:58] Đã random Tác giả từ CMS: Châu Khánh Ngọc Lan

[07:22:58] Kết quả Danh mục/Tác giả:
[07:22:58] - Trạng thái: OK
[07:22:58] - Danh mục  : Doanh nghiệp
[07:22:58] - Tác giả   : Châu Khánh Ngọc Lan
[07:22:58] [4] Đưa Edge lên trước và focus CKEditor detail...
[07:22:59] [5] Đưa HTML Word vào CKEditor detail...
[07:22:59] Đã nạp CKEditor, độ dài HTML: 76216
[07:23:00] [7] Tạo đủ block và dán FAQ một lượt...
[07:23:00] Đã tạo đủ 6 block FAQ.
[07:23:01] Đã dán một lượt 6 cặp FAQ.

[07:23:01] Kết quả FAQ:
[07:23:01] - Trạng thái: OK
[07:23:01] - Số cặp    : 6
[07:23:01] [3] Upload ảnh đại diện...
[07:23:01]     OK: đã gửi ảnh đại diện
[07:23:01] [4] Mở popup ảnh CKEditor...
[07:23:01] [5] Click tab Tải lên...
[07:23:01] [6] Chọn ảnh bài viết...
[07:23:01]     D:\CodexProjects\Hotkeyvip\07_ket_qua\bai_viet\kythuatmarketing.com\hệ thống quản trị marketing 2.png
[07:23:02]     OK: đã chọn file trong popup
[07:23:02] [7] Click Tải lên máy chủ...
[07:23:02] [8] Chờ server trả URL ảnh...
[07:23:02]     URL: /uploads/images/editor/he-thong-quan-tri-marketing-2.png
[07:23:02] [9] Click Đồng ý...
[07:23:03]     OK: ảnh đã được chèn vào CKEditor
[07:23:03] [13] Lấy và gom HTML trực tiếp trong CKEditor...
[07:23:03]     OK: đã gom HTML bằng Python
[07:23:03]     HTML trước : 76394 ký tự
[07:23:03]     HTML sau   : 49881 ký tự
[07:23:03]     Số ảnh     : 1
[07:23:03]     Số H2/H3   : 9/37
[07:23:03] [CONTENT CHECK] OK: 12 Word markers found in CKEditor.
[07:23:03] [14] Kiểm tra bảo hiểm ngay trước khi Save...
[07:23:03]     OK: Title, H1, Keyword, Danh mục, ảnh, H2 và bullet đều hợp lệ.
[07:23:03]     Đang chờ khóa Save/Xác nhận ID của đúng tên miền...
[07:23:03]     Đã đến lượt Save/Xác nhận ID của tên miền này.
[07:23:03] [14] Click nút lưu bài...
[07:23:05]     OK: đã chuyển sang URL sau khi lưu: https://kythuatmarketing.com/admin/news_tb/list/root_id=999
[07:23:06]     Không thấy đúng một URL công khai chắc chắn trong hàng bài → để trống URL đã đăng.
[07:23:06]     ID CMS vừa đăng: 3232

[07:23:06] ========================================================================
[07:23:06] ĐÃ LƯU XONG BÀI 3/8
[07:23:06] - Dòng Excel: 1111
[07:23:06] - HTML trước/sau: 76394/49881 ký tự
[07:23:06] - URL CMS sau khi lưu: https://kythuatmarketing.com/admin/news_tb/list/root_id=999
[07:23:06] ========================================================================
[07:23:06] [OK] Worker 1 xong dòng 1111 | 1/8
[07:23:07]     DANH_MUC_ID đã có: kythuatmarketing.com | Doanh nghiệp | ID 6
[07:23:24] [PIPELINE] Word ready in RAM: row 1107 | D:\CodexProjects\Hotkeyvip\07_ket_qua\bai_viet\kythuatmarketing.com\quản trị marketing.docx

[07:23:24] ========================================================================
[07:23:24] BẮT ĐẦU BÀI 2/8
[07:23:24] ========================================================================
[07:23:24] [PIPELINE] Using Word data already prepared in RAM.
[07:23:24]     Excel row : 1107
[07:23:24]     Word file : D:\CodexProjects\Hotkeyvip\07_ket_qua\bai_viet\kythuatmarketing.com\quản trị marketing.docx
[07:23:24]     CMS URL   : https://kythuatmarketing.com/admin/news_tb/field/root_id=999
[07:23:24]     Đã ở đúng trang đăng bài, không cần đăng nhập.
[07:23:24] [3] Điền 5 ô đầu...
[07:23:25] [6] Chọn Danh mục / Tác giả từ dữ liệu đã chốt...
[07:23:25] Đã mở Select2 Danh mục.
[07:23:26] Đã chọn Danh mục: Doanh nghiệp
[07:23:27] Đã tải xong ô Select2 Tác giả.
[07:23:27] Đã random Tác giả từ CMS: Đặng Lương Đức Kiên

[07:23:27] Kết quả Danh mục/Tác giả:
[07:23:27] - Trạng thái: OK
[07:23:27] - Danh mục  : Doanh nghiệp
[07:23:27] - Tác giả   : Đặng Lương Đức Kiên
[07:23:27] [4] Đưa Edge lên trước và focus CKEditor detail...
[07:23:28] [5] Đưa HTML Word vào CKEditor detail...
[07:23:28] Đã nạp CKEditor, độ dài HTML: 135031
[07:23:29] [7] Tạo đủ block và dán FAQ một lượt...
[07:23:30] Đã tạo đủ 6 block FAQ.
[07:23:30] Đã dán một lượt 6 cặp FAQ.

[07:23:30] Kết quả FAQ:
[07:23:30] - Trạng thái: OK
[07:23:30] - Số cặp    : 6
[07:23:30] [3] Upload ảnh đại diện...
[07:23:30]     OK: đã gửi ảnh đại diện
[07:23:30] [4] Mở popup ảnh CKEditor...
[07:23:31] [5] Click tab Tải lên...
[07:23:31] [6] Chọn ảnh bài viết...
[07:23:31]     D:\CodexProjects\Hotkeyvip\07_ket_qua\bai_viet\kythuatmarketing.com\quản trị marketing 2.png
[07:23:31]     OK: đã chọn file trong popup
[07:23:31] [7] Click Tải lên máy chủ...
[07:23:31] [8] Chờ server trả URL ảnh...
[07:23:32]     URL: /uploads/images/editor/quan-tri-marketing-2(1).png
[07:23:32] [9] Click Đồng ý...
[07:23:33]     OK: ảnh đã được chèn vào CKEditor
[07:23:33] [13] Lấy và gom HTML trực tiếp trong CKEditor...
[07:23:33]     OK: đã gom HTML bằng Python
[07:23:33]     HTML trước : 135187 ký tự
[07:23:33]     HTML sau   : 82997 ký tự
[07:23:33]     Số ảnh     : 1
[07:23:33]     Số H2/H3   : 14/56
[07:23:33] [CONTENT CHECK] OK: 12 Word markers found in CKEditor.
[07:23:33] [14] Kiểm tra bảo hiểm ngay trước khi Save...
[07:23:33]     OK: Title, H1, Keyword, Danh mục, ảnh, H2 và bullet đều hợp lệ.
[07:23:33]     Đang chờ khóa Save/Xác nhận ID của đúng tên miền...
[07:23:33]     Đã đến lượt Save/Xác nhận ID của tên miền này.
[07:23:33] [14] Click nút lưu bài...
[07:23:36]     OK: đã chuyển sang URL sau khi lưu: https://kythuatmarketing.com/admin/news_tb/list/root_id=999
[07:23:36]     LỖI: Sau khi bấm Lưu không tìm thấy ID hoặc đúng bài trong CMS → ghi LỖI ĐĂNG và giữ trình duyệt để kiểm tra.
[07:23:36] Traceback (most recent call last):
[07:23:36]   File "D:\CodexProjects\Hotkeyvip\03_dang_bai\V2.8_VIP_tudongdangbai_3_5_luong_kiemtra_noidung.py", line 4913, in process_one_article
[07:23:36]     cms_id, edit_url, public_url = find_saved_article_info(
[07:23:36]                                    ^^^^^^^^^^^^^^^^^^^^^^^^
[07:23:36]   File "D:\CodexProjects\Hotkeyvip\03_dang_bai\V2.8_VIP_tudongdangbai_3_5_luong_kiemtra_noidung.py", line 4719, in find_saved_article_info
[07:23:36]     return _find_saved_article_info_unlocked(driver, titles)
[07:23:36]            ^^^^^^^^^^^^^^^^^^^^^^^^^^^^^^^^^^^^^^^^^^^^^^^^^
[07:23:36]   File "D:\CodexProjects\Hotkeyvip\03_dang_bai\V2.8_VIP_tudongdangbai_3_5_luong_kiemtra_noidung.py", line 4472, in find_saved_article_info
[07:23:36]     raise RuntimeError(
[07:23:36] RuntimeError: Đã lưu bài nhưng không xác định chắc chắn được ID CMS trên trang danh sách. Số ID khớp tiêu đề tìm thấy: 2.

[07:23:36] The above exception was the direct cause of the following exception:

[07:23:36] Traceback (most recent call last):
[07:23:36]   File "D:\CodexProjects\Hotkeyvip\03_dang_bai\V2.8_VIP_tudongdangbai_3_5_luong_kiemtra_noidung.py", line 6001, in worker_main
[07:23:36]     result = publish.process_one_article(
[07:23:36]              ^^^^^^^^^^^^^^^^^^^^^^^^^^^^
[07:23:36]   File "D:\CodexProjects\Hotkeyvip\03_dang_bai\V2.8_VIP_tudongdangbai_3_5_luong_kiemtra_noidung.py", line 4937, in process_one_article
[07:23:36]     raise RuntimeError(
[07:23:36] RuntimeError: CMS không xác nhận đã tạo bài sau khi bấm Lưu. Giữ nguyên Edge để kiểm tra thông báo trên website.
[07:23:36] [LỖI BÀI — DỪNG AN TOÀN] Worker 2, dòng 1107: RuntimeError('CMS không xác nhận đã tạo bài sau khi bấm Lưu. Giữ nguyên Edge để kiểm tra thông báo trên website.')
[07:23:36] Log: D:\CodexProjects\Hotkeyvip\06_du_lieu_chay\log_dang_bai\dang_bai_worker2_row1107_20260803_072336.log
[07:23:36] Đã khóa giao bài mới; Edge lỗi được giữ nguyên. Các bài đang chạy sẽ hoàn tất.
[07:23:36]     Edge đã được hiện theo lựa chọn trên bảng tiến độ.
[07:23:37]     DANH_MUC_ID đã có: kythuatmarketing.com | Doanh nghiệp | ID 6
[07:23:38]     CẢNH BÁO: Không tự giãn được khung Note lỗi: AttributeError("'<win32com.gen_py.Microsoft Excel 16.0 Object Library.TextFrame instance at 0x2172780480224>' object has no attribute 'WordWrap'")
[07:23:39]     CẢNH BÁO: Không tự giãn được khung Note lỗi: AttributeError("'<win32com.gen_py.Microsoft Excel 16.0 Object Library.TextFrame instance at 0x2172780491840>' object has no attribute 'WordWrap'")
[07:23:40] ========================================================================
[07:23:40] KẾT THÚC: hoàn thành 1/8 bài
[07:23:40] ========================================================================
[07:23:40] Thời gian kết thúc: 03/08/2026 07:23:40
[07:23:40] Đã lưu log lỗi điều phối tại: D:\CodexProjects\Hotkeyvip\06_du_lieu_chay\log_dang_bai\dang_bai_dieu_phoi_20260803_072140.log

========================================================================
Kết thúc: 2026-08-03 07:23:40
Mã thoát: 1
Thời gian: 120.81 giây
