HOTKEYVIP STUDIO - NHẬT KÝ CHẠY PYTHON
File: D:\CodexProjects\HotkeyVIP-Studio\test_trang_thai_trinh_chay.py
Bắt đầu: 2026-07-29 22:58:46
========================================================================
==========================================================
TEST TRẠNG THÁI HOTKEYVIP STUDIO
Bắt đầu: 22:58:46
File này chỉ chờ và in tiến độ; không sửa dữ liệu.
==========================================================
[TIẾN ĐỘ] 01/20 giây -   5%
[TIẾN ĐỘ] 02/20 giây -  10%
[TIẾN ĐỘ] 03/20 giây -  15%
[TIẾN ĐỘ] 04/20 giây -  20%
[TIẾN ĐỘ] 05/20 giây -  25%
[TIẾN ĐỘ] 06/20 giây -  30%
[TIẾN ĐỘ] 07/20 giây -  35%
[TIẾN ĐỘ] 08/20 giây -  40%
[TIẾN ĐỘ] 09/20 giây -  45%
[TIẾN ĐỘ] 10/20 giây -  50%
[TIẾN ĐỘ] 11/20 giây -  55%
[TIẾN ĐỘ] 12/20 giây -  60%
[TIẾN ĐỘ] 13/20 giây -  65%
[TIẾN ĐỘ] 14/20 giây -  70%
[TIẾN ĐỘ] 15/20 giây -  75%
[TIẾN ĐỘ] 16/20 giây -  80%
[TIẾN ĐỘ] 17/20 giây -  85%
[TIẾN ĐỘ] 18/20 giây -  90%
[TIẾN ĐỘ] 19/20 giây -  95%
[TIẾN ĐỘ] 20/20 giây - 100%
==========================================================
TEST HOÀN THÀNH THÀNH CÔNG
Kết thúc: 22:59:06

========================================================================
Kết thúc: 2026-07-29 22:59:06
Mã thoát: 0
Thời gian: 20.05 giây
