HOTKEYVIP STUDIO - NHẬT KÝ CHẠY PYTHON
File: D:\CodexProjects\Hotkeyvip\03_dang_bai\phu_tro\bai_viet_lien_quan.py
Bắt đầu: 2026-08-02 10:04:00
========================================================================
[10:04:01] Đã kết nối Excel đang mở: hotkeyvip_test.xlsm
[10:04:01] Số bài cần chạy đã chốt: 25

[10:04:01] ======================================================================
[10:04:01] ĐANG XỬ LÝ BÀI 1/25
[10:04:01] Dòng Excel : 189
[10:04:01] Tên miền   : congdongkinhdoanh.com
[10:04:01] ID         : 4121
[10:04:01] Danh mục   : Marketing
[10:04:01] URL        : https://congdongkinhdoanh.com/admin/news_tb/field/id=4121/root_id=999
[10:04:01] ======================================================================
[10:04:01] Mở Edge Selenium...
[10:04:05]     Phát hiện trang đăng nhập → tự nhập ID và mật khẩu...
[10:04:05]     Đã nhập ID/mật khẩu → click ĐĂNG NHẬP.
[10:04:07]     Đăng nhập thành công, đã vào đúng trang sửa bài.
[10:04:07] Edge đã được ẩn.
[10:04:07] [1] Click Tải dữ liệu...
[10:04:08]     Đã tải dữ liệu bài liên quan.
[10:04:08] [2] Chọn danh mục: Tất cả
[10:04:10]     ID hiện tại: 4121 | đã chọn thêm: 4122, 4123, 4124, 4125, 4126
[10:04:10]     Tổng selected sau cùng: 5/5
[10:04:10] [2] Chọn danh mục: Marketing
[10:04:11]     Đã chọn nhanh 5 bài, tổng hiện tại 10/10
[10:04:11]     Nhóm ID gần nhất: 5/5
[10:04:11]     ID nhóm gần nhất: 4126, 4125, 4124, 4123, 4122
[10:04:11]     Nhóm cùng danh mục "Marketing": chọn thêm đến đủ 10
[10:04:11] Kết quả cuối: 10/10 bài liên quan.
[10:04:11]     Các ID selected: 4126, 4125, 4124, 4123, 4122, 4120, 4091, 4090, 4089, 4088
[10:04:11] [3] Lưu bài...
[10:04:13]     Đã click lưu. URL trước: https://congdongkinhdoanh.com/admin/news_tb/field/id=4121/root_id=999
[10:04:13]     URL sau  : https://congdongkinhdoanh.com/admin/news_tb/list/root_id=999
[10:04:14] Đã ghi trạng thái vào Excel, dòng 189.
[10:04:14] HOÀN THÀNH DÒNG 189. Tổng đã chạy: 1 bài.

[10:04:14] ======================================================================
[10:04:14] ĐANG XỬ LÝ BÀI 2/25
[10:04:14] Dòng Excel : 190
[10:04:14] Tên miền   : congdongkinhdoanh.com
[10:04:14] ID         : 4122
[10:04:14] Danh mục   : Marketing
[10:04:14] URL        : https://congdongkinhdoanh.com/admin/news_tb/field/id=4122/root_id=999
[10:04:14] ======================================================================
[10:04:14] Mở URL bài tiếp theo trên Edge hiện tại...
[10:04:14]     Đã ở đúng trang sửa bài, không cần đăng nhập.
[10:04:14] [1] Click Tải dữ liệu...
[10:04:15]     Đã tải dữ liệu bài liên quan.
[10:04:15] [2] Chọn danh mục: Tất cả
[10:04:17]     ID hiện tại: 4122 | đã chọn thêm: 4123, 4124, 4125, 4126, 4121
[10:04:17]     Tổng selected sau cùng: 5/5
[10:04:17] [2] Chọn danh mục: Marketing
[10:04:18]     Đã chọn nhanh 5 bài, tổng hiện tại 10/10
[10:04:18]     Nhóm ID gần nhất: 5/5
[10:04:18]     ID nhóm gần nhất: 4126, 4125, 4124, 4123, 4121
[10:04:18]     Nhóm cùng danh mục "Marketing": chọn thêm đến đủ 10
[10:04:18] Kết quả cuối: 10/10 bài liên quan.
[10:04:18]     Các ID selected: 4126, 4125, 4124, 4123, 4121, 4120, 4091, 4090, 4089, 4088
[10:04:18] [3] Lưu bài...
[10:04:21]     Đã click lưu. URL trước: https://congdongkinhdoanh.com/admin/news_tb/field/id=4122/root_id=999
[10:04:21]     URL sau  : https://congdongkinhdoanh.com/admin/news_tb/list/root_id=999
[10:04:21] Đã ghi trạng thái vào Excel, dòng 190.
[10:04:21] HOÀN THÀNH DÒNG 190. Tổng đã chạy: 2 bài.
[10:04:21] ĐÃ DỪNG AN TOÀN SAU BÀI 2/25.
[10:04:21] ======================================================================
[10:04:21] ĐÃ DỪNG AN TOÀN: 2/25 bài.
[10:04:21] Số bài lỗi: 0 bài.
[10:04:21] ======================================================================
[10:04:24] Tcl_AsyncDelete: async handler deleted by the wrong thread

========================================================================
Kết thúc: 2026-08-02 10:04:27
Mã thoát: 2147483651
Thời gian: 27.14 giây
