HOTKEYVIP STUDIO - NHẬT KÝ CHẠY PYTHON
File: D:\CodexProjects\Hotkeyvip\03_dang_bai\phu_tro\bai_viet_lien_quan.py
Bắt đầu: 2026-07-30 08:53:47
========================================================================
Đã kết nối Excel đang mở: hotkeyvip_test.xlsm
Số bài cần chạy đã chốt: 17

======================================================================
ĐANG XỬ LÝ BÀI 1/17
Dòng Excel : 161
Tên miền   : congdongkinhdoanh.com
ID         : 4092
URL        : https://congdongkinhdoanh.com/admin/news_tb/field/id=4092/root_id=999
======================================================================
Mở Edge Selenium...
    Đã ở đúng trang sửa bài, không cần đăng nhập.
Edge đã được ẩn.
[1] Click Tải dữ liệu...
    Đã tải dữ liệu bài liên quan.
[2] Chọn danh mục: Tất cả
    ID hiện tại: 4092 | đã chọn thêm: 4093, 4094, 4095, 4096, 4097, 4098, 4099, 4100, 4101, 4091
    Tổng selected sau cùng: 10/10
Kết quả cuối: 10/10 bài liên quan.
    Các ID selected: 4101, 4100, 4099, 4098, 4097, 4096, 4095, 4094, 4093, 4091
[3] Lưu bài...
    Đã click lưu. URL trước: https://congdongkinhdoanh.com/admin/news_tb/field/id=4092/root_id=999
    URL sau  : https://congdongkinhdoanh.com/admin/news_tb/list/root_id=999
Đã ghi trạng thái vào Excel, dòng 161.
HOÀN THÀNH DÒNG 161. Tổng đã chạy: 1 bài.

======================================================================
ĐANG XỬ LÝ BÀI 2/17
Dòng Excel : 162
Tên miền   : congdongkinhdoanh.com
ID         : 4093
URL        : https://congdongkinhdoanh.com/admin/news_tb/field/id=4093/root_id=999
======================================================================
Mở URL bài tiếp theo trên Edge hiện tại...
    Đã ở đúng trang sửa bài, không cần đăng nhập.
[1] Click Tải dữ liệu...
    Đã tải dữ liệu bài liên quan.
[2] Chọn danh mục: Tất cả
    ID hiện tại: 4093 | đã chọn thêm: 4094, 4095, 4096, 4097, 4098, 4099, 4100, 4101, 4092, 4091
    Tổng selected sau cùng: 10/10
Kết quả cuối: 10/10 bài liên quan.
    Các ID selected: 4101, 4100, 4099, 4098, 4097, 4096, 4095, 4094, 4092, 4091
[3] Lưu bài...
    Đã click lưu. URL trước: https://congdongkinhdoanh.com/admin/news_tb/field/id=4093/root_id=999
    URL sau  : https://congdongkinhdoanh.com/admin/news_tb/list/root_id=999
Đã ghi trạng thái vào Excel, dòng 162.
HOÀN THÀNH DÒNG 162. Tổng đã chạy: 2 bài.

======================================================================
ĐANG XỬ LÝ BÀI 3/17
Dòng Excel : 163
Tên miền   : congdongkinhdoanh.com
ID         : 4094
URL        : https://congdongkinhdoanh.com/admin/news_tb/field/id=4094/root_id=999
======================================================================
Mở URL bài tiếp theo trên Edge hiện tại...
    Đã ở đúng trang sửa bài, không cần đăng nhập.
[1] Click Tải dữ liệu...
    Đã tải dữ liệu bài liên quan.
[2] Chọn danh mục: Tất cả
    ID hiện tại: 4094 | đã chọn thêm: 4095, 4096, 4097, 4098, 4099, 4100, 4101, 4093, 4092, 4091
    Tổng selected sau cùng: 10/10
Kết quả cuối: 10/10 bài liên quan.
    Các ID selected: 4101, 4100, 4099, 4098, 4097, 4096, 4095, 4093, 4092, 4091
[3] Lưu bài...
    Đã click lưu. URL trước: https://congdongkinhdoanh.com/admin/news_tb/field/id=4094/root_id=999
    URL sau  : https://congdongkinhdoanh.com/admin/news_tb/list/root_id=999
Đã ghi trạng thái vào Excel, dòng 163.
HOÀN THÀNH DÒNG 163. Tổng đã chạy: 3 bài.

======================================================================
ĐANG XỬ LÝ BÀI 4/17
Dòng Excel : 164
Tên miền   : congdongkinhdoanh.com
ID         : 4095
URL        : https://congdongkinhdoanh.com/admin/news_tb/field/id=4095/root_id=999
======================================================================
Mở URL bài tiếp theo trên Edge hiện tại...
    Đã ở đúng trang sửa bài, không cần đăng nhập.
[1] Click Tải dữ liệu...
    Đã tải dữ liệu bài liên quan.
[2] Chọn danh mục: Tất cả
    ID hiện tại: 4095 | đã chọn thêm: 4096, 4097, 4098, 4099, 4100, 4101, 4094, 4093, 4092, 4091
    Tổng selected sau cùng: 10/10
Kết quả cuối: 10/10 bài liên quan.
    Các ID selected: 4101, 4100, 4099, 4098, 4097, 4096, 4094, 4093, 4092, 4091
[3] Lưu bài...
    Đã click lưu. URL trước: https://congdongkinhdoanh.com/admin/news_tb/field/id=4095/root_id=999
    URL sau  : https://congdongkinhdoanh.com/admin/news_tb/list/root_id=999
Đã ghi trạng thái vào Excel, dòng 164.
HOÀN THÀNH DÒNG 164. Tổng đã chạy: 4 bài.
ĐÃ DỪNG AN TOÀN SAU BÀI 4/17.
======================================================================
ĐÃ DỪNG AN TOÀN: 4/17 bài.
Số bài lỗi: 0 bài.
======================================================================
Tcl_AsyncDelete: async handler deleted by the wrong thread

========================================================================
Kết thúc: 2026-07-30 08:54:22
Mã thoát: 2147483651
Thời gian: 34.56 giây
