HOTKEYVIP STUDIO - NHẬT KÝ CHẠY PYTHON
File: D:\CodexProjects\Hotkeyvip\02_viet_bai\chuan_bi_du_lieu_viet_bai_ten_mien.py
Bắt đầu: 2026-08-04 15:58:13
========================================================================
[15:58:13] ======================================================================
[15:58:13] CHUẨN BỊ DỮ LIỆU VIẾT BÀI THEO TIÊU ĐỀ SEO
[15:58:13] ======================================================================
[15:58:13] Traceback (most recent call last):
[15:58:13]   File "D:\CodexProjects\Hotkeyvip\02_viet_bai\chuan_bi_du_lieu_viet_bai_ten_mien.py", line 501, in <module>
[15:58:13]     main()
[15:58:13]   File "D:\CodexProjects\Hotkeyvip\02_viet_bai\chuan_bi_du_lieu_viet_bai_ten_mien.py", line 341, in main
[15:58:13]     plan_lookup = build_unique_lookup(
[15:58:13]                   ^^^^^^^^^^^^^^^^^^^^
[15:58:13]   File "D:\CodexProjects\Hotkeyvip\02_viet_bai\chuan_bi_du_lieu_viet_bai_ten_mien.py", line 261, in build_unique_lookup
[15:58:13]     raise RuntimeError(
[15:58:13] RuntimeError: KE_HOACH có Title [SEO] bị trùng: Phân khúc thị trường theo đặc điểm, nhu cầu và hành vi khách hàng, SEO và Google Ads khác nhau về chi phí, tốc độ và tính bền vững, Các bước trong quy trình khởi nghiệp và mục tiêu từng giai đoạn, Mô hình kinh doanh B2C kết nối doanh nghiệp với người tiêu dùng, Đa dạng hóa kinh doanh giúp mở rộng nguồn thu và phân tán rủi ro, Phân loại đổi mới sáng tạo theo sản phẩm, quy trình và mô hình, Lãnh đạo đổi mới sáng tạo định hướng, trao quyền và phân bổ nguồn lực, Branding giúp doanh nghiệp tạo khác biệt, niềm tin và giá trị dài hạn, Branding và Marketing khác nhau về mục tiêu, phạm vi và thời gian, Nền tảng số và chuyển đổi số kết nối dữ liệu, quy trình và hệ sinh thái

========================================================================
Kết thúc: 2026-08-04 15:58:14
Mã thoát: 1
Thời gian: 0.64 giây
