HOTKEYVIP STUDIO - NHẬT KÝ CHẠY PYTHON
File: D:\CodexProjects\Hotkeyvip\04_excel\V2.1_nhap_du_lieu_ke_hoach_phan_loai_trung.py
Bắt đầu: 2026-08-03 18:41:12
========================================================================
[18:41:12] ========================================================================
[18:41:12] NHẬP DỮ LIỆU KE_HOACH V2.1 - PHÂN LOẠI BÀI TRÙNG
[18:41:12] ========================================================================
[18:41:13] Workbook đích: hotkeyvip_test.xlsm
[18:41:25] Phạm vi: chỉ file nằm trực tiếp trong thư mục đã chọn.
[18:41:25] Đang đọc nguồn: bantindoanhnhan.com.xlsx / Article
[18:41:25] Đang đọc nguồn: bantinkhoahoc.com.xlsx / Article
[18:41:25] Đang đọc nguồn: bantinkinhdoanh.com.xlsx / Article
[18:41:26] Đang đọc nguồn: baogiadinhxahoi.com.xlsx / Article
[18:41:26] Đang đọc nguồn: baokinhtethitruong.com.xlsx / Article
[18:41:26] Đang đọc nguồn: baothuonggia.com.xlsx / Article
[18:41:26] Đang đọc nguồn: cachnaumonngon.com.xlsx / Article
[18:41:26] Đang đọc nguồn: congdongkinhdoanh.com.xlsx / Article
[18:41:26] Đang đọc nguồn: doanhnhanduongthoi.com.xlsx / Article
[18:41:27] Đang đọc nguồn: doanhthuong.net.xlsx / Article
[18:41:27] Đang đọc nguồn: giadinhvaxahoi.com.xlsx / Article
[18:41:27] Đang đọc nguồn: gioinghesy.com.xlsx / Article
[18:41:27] Đang đọc nguồn: hoikhoahoc.com.xlsx / Article
[18:41:27] Đang đọc nguồn: khoahockythuat.com.xlsx / Article
[18:41:28] Đang đọc nguồn: khoahocvacongnghe.com.xlsx / Article
[18:41:28] Đang đọc nguồn: khoahocvadoisong.com.xlsx / Article
[18:41:28] Đang đọc nguồn: kinhtephattrien.com.xlsx / Article
[18:41:28] Đang đọc nguồn: kythuatmarketing.com.xlsx / Article
[18:41:28] Đang đọc nguồn: lamdepvasuckhoe.com.xlsx / Article
[18:41:29] Đang đọc nguồn: lamvan.net.xlsx / Article
[18:41:29] Đang đọc nguồn: mangphongthuy.com.xlsx / Article
[18:41:29] Đang đọc nguồn: nongthonngaynay.com.xlsx / Article
[18:41:29] Đang đọc nguồn: phapluatvacuocsong.com.xlsx / Article
[18:41:29] Đang đọc nguồn: sangtaovui.com.xlsx / Article
[18:41:29] Đang đọc nguồn: sinhlydanong.com.xlsx / Article
[18:41:29] Đang đọc nguồn: suckhoevagiadinh.com.xlsx / Article
[18:41:29] Đang đọc nguồn: suckhoevamoitruong.com.xlsx / Article
[18:41:30] Đang đọc nguồn: taichinhvakinhdoanh.com.xlsx / Article
[18:41:30] Đang đọc nguồn: tapchidangdep.com.xlsx / Article
[18:41:30] Đang đọc nguồn: tapchidulichvietnam.com.xlsx / Article
[18:41:30] Đang đọc nguồn: tapchikhoedep.com.xlsx / Article
[18:41:30] Đang đọc nguồn: tapchixedep.com.xlsx / Article
[18:41:30] Đang đọc nguồn: thegioihinhanh.com.xlsx / Article
[18:41:30] Đang đọc nguồn: thoibaokinhtesaigon.com.xlsx / Article
[18:41:31] Đang đọc nguồn: tiepthisaigon.com.vn.xlsx / Article
[18:41:31] Đang đọc nguồn: tuvangiadinh.net.xlsx / Article
[18:41:31] Đang đọc nguồn: vanhoavadulich.com.xlsx / Article
[18:41:31] Đang đọc nguồn: vanhoavagiaoduc.com.xlsx / Article
[18:41:31] Đang đọc nguồn: vinabrand.vn.xlsx / Article
[18:41:32] Đang đọc nguồn: xuctiendoanhnghiep.com.xlsx / Article
[18:41:34] Đã quét: 41 file Excel.
[18:41:34] Đã thêm heading còn thiếu: 0.
[18:41:34] Đã thêm dòng mới: 1884.
[18:41:34] Title [SEO] đã có trong KE_HOACH: 2106.
[18:41:34] Đã bổ sung URL Page vào dòng cũ còn trống: 0.
[18:41:34] Đã xử lý các trường hợp trùng/nghi trùng: 20.
[18:41:34] Đã ghi 'Bài viết trùng' vào URL nguồn: 0.
[18:41:34] Ô URL nguồn đã có dữ liệu nên giữ nguyên: 6.
[18:41:34] Tổng số ô được cập nhật: 16956.
[18:41:34] Dòng nguồn bỏ qua vì thiếu bộ ba Title [SEO] + Article Name [H1] + Main Keyword: 1946.
[18:41:34] File không có sheet chứa Title [SEO], đã bỏ qua: 1.QL_New-Content_Kênh SEO.xlsx
[18:41:34] Chi tiết xử lý bài trùng và nghi trùng:
[18:41:34] - BỎ QUA: 'Chính phủ điều hành chính sách tài khóa qua thuế và chi tiêu' + H1 'Chính sách tài khóa là gì và sử dụng những công cụ nào?' tại tiepthisaigon.com.vn.xlsx / Article - dòng 278 trùng hoàn toàn trong cùng file với tiepthisaigon.com.vn.xlsx / Article - dòng 234.
[18:41:34] - BỎ QUA: 'Ngân hàng trung ương điều hành chính sách tiền tệ như thế nào?' + H1 'Chính sách tiền tệ là gì và sử dụng những công cụ nào?' tại tiepthisaigon.com.vn.xlsx / Article - dòng 279 trùng hoàn toàn trong cùng file với tiepthisaigon.com.vn.xlsx / Article - dòng 231.
[18:41:34] - GHI CHÚ: 'Hiểu thất bại thị trường qua ngoại tác, độc quyền và thông tin bất cân xứng' tại tiepthisaigon.com.vn.xlsx / Article - dòng 325 thành 'Hiểu thất bại thị trường qua ngoại tác, độc quyền và thông tin bất cân xứng - trùng Title khác H1 cùng file' vì đối chiếu với tiepthisaigon.com.vn.xlsx / Article - dòng 272.
[18:41:34] - GHI CHÚ: 'Phân khúc thị trường theo đặc điểm, nhu cầu và hành vi khách hàng' tại tiepthisaigon.com.vn.xlsx / Article - dòng 465 thành 'Phân khúc thị trường theo đặc điểm, nhu cầu và hành vi khách hàng - trùng Title khác H1 file khác' vì đối chiếu với kythuatmarketing.com.xlsx / Article - dòng 12.
[18:41:34] - GHI CHÚ: 'SEO và Google Ads khác nhau về chi phí, tốc độ và tính bền vững' tại tiepthisaigon.com.vn.xlsx / Article - dòng 517 thành 'SEO và Google Ads khác nhau về chi phí, tốc độ và tính bền vững - trùng Title khác H1 file khác' vì đối chiếu với kythuatmarketing.com.xlsx / Article - dòng 551.
[18:41:34] - BỎ QUA: 'Attribution Model phân bổ giá trị chuyển đổi cho các điểm chạm Marketing' + H1 'Attribution Model được sử dụng như thế nào?' tại tiepthisaigon.com.vn.xlsx / Article - dòng 683 trùng hoàn toàn trong cùng file với tiepthisaigon.com.vn.xlsx / Article - dòng 659.
[18:41:34] - BỎ QUA: 'ROAS phản ánh doanh thu tạo ra trên mỗi đơn vị chi phí quảng cáo' + H1 'ROAS là gì và được tính như thế nào?' tại tiepthisaigon.com.vn.xlsx / Article - dòng 687 trùng hoàn toàn trong cùng file với tiepthisaigon.com.vn.xlsx / Article - dòng 657.
[18:41:34] - BỎ QUA: 'Conversion Rate phản ánh tỷ lệ người dùng hoàn thành hành động mục tiêu' + H1 'Conversion Rate là gì và được tính như thế nào?' tại tiepthisaigon.com.vn.xlsx / Article - dòng 688 trùng hoàn toàn trong cùng file với tiepthisaigon.com.vn.xlsx / Article - dòng 652.
[18:41:34] - GHI CHÚ: 'Thuật toán mạng xã hội phân phối nội dung dựa trên mức độ liên quan' tại tiepthisaigon.com.vn.xlsx / Article - dòng 807 thành 'Thuật toán mạng xã hội phân phối nội dung dựa trên mức độ liên quan - trùng Title khác H1 cùng file' vì đối chiếu với tiepthisaigon.com.vn.xlsx / Article - dòng 623.
[18:41:34] - BỎ QUA: 'Social Listening giúp theo dõi thảo luận, cảm xúc và tín hiệu thị trường' + H1 'Social Listening được ứng dụng như thế nào?' tại tiepthisaigon.com.vn.xlsx / Article - dòng 811 trùng hoàn toàn trong cùng file với tiepthisaigon.com.vn.xlsx / Article - dòng 627.
[18:41:34] - GHI CHÚ: 'Các bước trong quy trình khởi nghiệp và mục tiêu từng giai đoạn' tại vinabrand.vn.xlsx / Article - dòng 104 thành 'Các bước trong quy trình khởi nghiệp và mục tiêu từng giai đoạn - trùng Title và H1 file khác' vì đối chiếu với tiepthisaigon.com.vn.xlsx / Article - dòng 72.
[18:41:34] - GHI CHÚ: 'Mô hình kinh doanh B2C kết nối doanh nghiệp với người tiêu dùng' tại vinabrand.vn.xlsx / Article - dòng 262 thành 'Mô hình kinh doanh B2C kết nối doanh nghiệp với người tiêu dùng - trùng Title khác H1 file khác' vì đối chiếu với tiepthisaigon.com.vn.xlsx / Article - dòng 56.
[18:41:34] - GHI CHÚ: 'Đa dạng hóa kinh doanh giúp mở rộng nguồn thu và phân tán rủi ro' tại vinabrand.vn.xlsx / Article - dòng 348 thành 'Đa dạng hóa kinh doanh giúp mở rộng nguồn thu và phân tán rủi ro - trùng Title khác H1 file khác' vì đối chiếu với tiepthisaigon.com.vn.xlsx / Article - dòng 171.
[18:41:34] - GHI CHÚ: 'Phân loại đổi mới sáng tạo theo sản phẩm, quy trình và mô hình' tại vinabrand.vn.xlsx / Article - dòng 370 thành 'Phân loại đổi mới sáng tạo theo sản phẩm, quy trình và mô hình - trùng Title khác H1 file khác' vì đối chiếu với tiepthisaigon.com.vn.xlsx / Article - dòng 132.
[18:41:34] - GHI CHÚ: 'Lãnh đạo đổi mới sáng tạo định hướng, trao quyền và phân bổ nguồn lực' tại vinabrand.vn.xlsx / Article - dòng 392 thành 'Lãnh đạo đổi mới sáng tạo định hướng, trao quyền và phân bổ nguồn lực - trùng Title và H1 file khác' vì đối chiếu với tiepthisaigon.com.vn.xlsx / Article - dòng 154.
[18:41:34] - GHI CHÚ: 'Branding giúp doanh nghiệp tạo khác biệt, niềm tin và giá trị dài hạn' tại vinabrand.vn.xlsx / Article - dòng 743 thành 'Branding giúp doanh nghiệp tạo khác biệt, niềm tin và giá trị dài hạn - trùng Title và H1 file khác' vì đối chiếu với tiepthisaigon.com.vn.xlsx / Article - dòng 577.
[18:41:34] - GHI CHÚ: 'Branding và Marketing khác nhau về mục tiêu, phạm vi và thời gian' tại vinabrand.vn.xlsx / Article - dòng 745 thành 'Branding và Marketing khác nhau về mục tiêu, phạm vi và thời gian - trùng Title khác H1 file khác' vì đối chiếu với tiepthisaigon.com.vn.xlsx / Article - dòng 578.
[18:41:34] - GHI CHÚ: 'Nền tảng số và chuyển đổi số kết nối dữ liệu, quy trình và hệ sinh thái' tại vinabrand.vn.xlsx / Article - dòng 1011 thành 'Nền tảng số và chuyển đổi số kết nối dữ liệu, quy trình và hệ sinh thái - trùng Title khác H1 file khác' vì đối chiếu với tiepthisaigon.com.vn.xlsx / Article - dòng 781.
[18:41:34] - GHI CHÚ: 'Chuyển đổi số Marketing kết nối dữ liệu, công nghệ và trải nghiệm khách hàng' tại vinabrand.vn.xlsx / Article - dòng 1013 thành 'Chuyển đổi số Marketing kết nối dữ liệu, công nghệ và trải nghiệm khách hàng - trùng Title khác H1 cùng file' vì đối chiếu với vinabrand.vn.xlsx / Article - dòng 438.
[18:41:34] - GHI CHÚ: 'Lựa chọn nền tảng số theo nhu cầu, khả năng tích hợp và chi phí' tại vinabrand.vn.xlsx / Article - dòng 1164 thành 'Lựa chọn nền tảng số theo nhu cầu, khả năng tích hợp và chi phí - trùng Title khác H1 file khác' vì đối chiếu với tiepthisaigon.com.vn.xlsx / Article - dòng 782.
[18:41:34] Hoàn tất. Dữ liệu và các dòng cũ không có trong nguồn được giữ nguyên.

========================================================================
Kết thúc: 2026-08-03 18:41:34
Mã thoát: 0
Thời gian: 22.28 giây
