HOTKEYVIP STUDIO - NHẬT KÝ CHẠY PYTHON
File: D:\CodexProjects\Hotkeyvip\04_excel\V1_nhap_du_lieu_ke_hoach.py
Bắt đầu: 2026-08-03 17:48:48
========================================================================
[17:48:48] ========================================================================
[17:48:48] NHẬP DỮ LIỆU KE_HOACH TỪ FILE EXCEL HOẶC THƯ MỤC
[17:48:48] ========================================================================
[17:48:48] Traceback (most recent call last):
[17:48:48]   File "D:\CodexProjects\Hotkeyvip\04_excel\V1_nhap_du_lieu_ke_hoach.py", line 571, in main
[17:48:48]     ws_plan = target_book.Worksheets(SHEET_PLAN)
[17:48:48]               ^^^^^^^^^^^^^^^^^^^^^^^^^^^^^^^^^^
[17:48:48]   File "C:\Users\Admin\AppData\Local\Temp\gen_py\3.12\00020813-0000-0000-C000-000000000046x0x1x9.py", line 36430, in __call__
[17:48:49]     ret = self._oleobj_.InvokeTypes(0, LCID, 2, (9, 0), ((12, 1),),Index
[17:48:49]           ^^^^^^^^^^^^^^^^^^^^^^^^^^^^^^^^^^^^^^^^^^^^^^^^^^^^^^^^^^^^^^
[17:48:49] pywintypes.com_error: (-2147352567, 'Exception occurred.', (0, None, None, None, 0, -2147352565), None)

[17:48:49] The above exception was the direct cause of the following exception:

[17:48:49] Traceback (most recent call last):
[17:48:49]   File "D:\CodexProjects\Hotkeyvip\04_excel\V1_nhap_du_lieu_ke_hoach.py", line 854, in <module>
[17:48:49]     main()
[17:48:49]   File "D:\CodexProjects\Hotkeyvip\04_excel\V1_nhap_du_lieu_ke_hoach.py", line 573, in main
[17:48:49]     raise RuntimeError(
[17:48:49] RuntimeError: Workbook seotukhoav2.xlsm chưa có sheet KE_HOACH.

========================================================================
Kết thúc: 2026-08-03 17:48:49
Mã thoát: 1
Thời gian: 0.69 giây
