HOTKEYVIP STUDIO - NHẬT KÝ CHẠY PYTHON
File: D:\CodexProjects\Hotkeyvip\04_excel\V1_nhap_du_lieu_ke_hoach.py
Bắt đầu: 2026-08-03 17:50:26
========================================================================
[17:50:26] ========================================================================
[17:50:26] NHẬP DỮ LIỆU KE_HOACH TỪ FILE EXCEL HOẶC THƯ MỤC
[17:50:26] ========================================================================
[17:50:26] Traceback (most recent call last):
[17:50:26]   File "D:\CodexProjects\Hotkeyvip\04_excel\V1_nhap_du_lieu_ke_hoach.py", line 571, in main
[17:50:26]     ws_plan = target_book.Worksheets(SHEET_PLAN)
[17:50:26]               ^^^^^^^^^^^^^^^^^^^^^^^^^^^^^^^^^^
[17:50:26]   File "C:\Users\Admin\AppData\Local\Temp\gen_py\3.12\00020813-0000-0000-C000-000000000046x0x1x9.py", line 36430, in __call__
[17:50:26]     ret = self._oleobj_.InvokeTypes(0, LCID, 2, (9, 0), ((12, 1),),Index
[17:50:26]           ^^^^^^^^^^^^^^^^^^^^^^^^^^^^^^^^^^^^^^^^^^^^^^^^^^^^^^^^^^^^^^
[17:50:26] pywintypes.com_error: (-2147352567, 'Exception occurred.', (0, None, None, None, 0, -2147352565), None)

[17:50:26] The above exception was the direct cause of the following exception:

[17:50:26] Traceback (most recent call last):
[17:50:26]   File "D:\CodexProjects\Hotkeyvip\04_excel\V1_nhap_du_lieu_ke_hoach.py", line 854, in <module>
[17:50:26]     main()
[17:50:26]   File "D:\CodexProjects\Hotkeyvip\04_excel\V1_nhap_du_lieu_ke_hoach.py", line 573, in main
[17:50:26]     raise RuntimeError(
[17:50:26] RuntimeError: Workbook seotukhoav2.xlsm chưa có sheet KE_HOACH.

========================================================================
Kết thúc: 2026-08-03 17:50:26
Mã thoát: 1
Thời gian: 0.62 giây
