HOTKEYVIP STUDIO - NHẬT KÝ CHẠY PYTHON
File: D:\CodexProjects\Hotkeyvip\04_excel\V2_nhap_du_lieu_ke_hoach.py
Bắt đầu: 2026-08-03 18:21:57
========================================================================
[18:21:58] ========================================================================
[18:21:58] NHẬP DỮ LIỆU KE_HOACH TỪ FILE EXCEL HOẶC THƯ MỤC
[18:21:58] ========================================================================
[18:21:58] Workbook đích: hotkeyvip_test.xlsm
[18:22:03] Phạm vi: chỉ một file nguồn: vinabrand.vn.xlsx
[18:22:03] Đang đọc nguồn: vinabrand.vn.xlsx / Article
[18:22:04] Đã quét: 1 file Excel.
[18:22:04] Đã thêm heading còn thiếu: 0.
[18:22:04] Đã thêm dòng mới: 1050.
[18:22:04] Title [SEO] đã có trong KE_HOACH: 0.
[18:22:04] Đã bổ sung URL Page vào dòng cũ còn trống: 0.
[18:22:04] Đã đổi tên do trùng trong cùng file, cùng Title + H1: 0.
[18:22:04] Đã ghi 'Bài viết trùng' vào URL nguồn: 0.
[18:22:04] Ô URL nguồn đã có dữ liệu nên giữ nguyên: 0.
[18:22:04] Tổng số ô được cập nhật: 9450.
[18:22:04] Dòng nguồn bỏ qua vì thiếu bộ ba Title [SEO] + Article Name [H1] + Main Keyword: 124.
[18:22:04] Hoàn tất. Dữ liệu và các dòng cũ không có trong nguồn được giữ nguyên.

========================================================================
Kết thúc: 2026-08-03 18:22:04
Mã thoát: 0
Thời gian: 6.91 giây
