HOTKEYVIP STUDIO - NHẬT KÝ CHẠY PYTHON
File: D:\CodexProjects\Hotkeyvip\04_excel\V1_nhap_du_lieu_ke_hoach.py
Bắt đầu: 2026-08-03 17:50:51
========================================================================
[17:50:52] ========================================================================
[17:50:52] NHẬP DỮ LIỆU KE_HOACH TỪ FILE EXCEL HOẶC THƯ MỤC
[17:50:52] ========================================================================
[17:51:26] Phạm vi: chỉ một file nguồn: tiepthisaigon.com.vn.xlsx
[17:51:26] Đang đọc nguồn: tiepthisaigon.com.vn.xlsx / Article
[17:51:28] Đã quét: 1 file Excel.
[17:51:28] Đã thêm heading còn thiếu: 0.
[17:51:28] Đã thêm dòng mới: 838.
[17:51:28] Title [SEO] đã có trong KE_HOACH: 2.
[17:51:28] Đã bổ sung URL Page vào dòng cũ còn trống: 0.
[17:51:28] Đã đổi tên do trùng giữa các nguồn: 8.
[17:51:28] Tổng số ô được cập nhật: 7542.
[17:51:28] Dòng nguồn bỏ qua vì thiếu bộ ba Title [SEO] + Article Name [H1] + Main Keyword: 75.
[17:51:28] Chi tiết Title [SEO] đã thêm hậu tố và tô đỏ:
[17:51:28] - 'Chính phủ điều hành chính sách tài khóa qua thuế và chi tiêu' tại tiepthisaigon.com.vn.xlsx / Article - dòng 278 được đổi thành 'Chính phủ điều hành chính sách tài khóa qua thuế và chi tiêu - trùng lần 1' vì đã có tại tiepthisaigon.com.vn.xlsx / Article - dòng 234
[17:51:28] - 'Ngân hàng trung ương điều hành chính sách tiền tệ như thế nào?' tại tiepthisaigon.com.vn.xlsx / Article - dòng 279 được đổi thành 'Ngân hàng trung ương điều hành chính sách tiền tệ như thế nào? - trùng lần 1' vì đã có tại tiepthisaigon.com.vn.xlsx / Article - dòng 231
[17:51:28] - 'Hiểu thất bại thị trường qua ngoại tác, độc quyền và thông tin bất cân xứng' tại tiepthisaigon.com.vn.xlsx / Article - dòng 325 được đổi thành 'Hiểu thất bại thị trường qua ngoại tác, độc quyền và thông tin bất cân xứng - trùng lần 1' vì đã có tại tiepthisaigon.com.vn.xlsx / Article - dòng 272
[17:51:28] - 'Attribution Model phân bổ giá trị chuyển đổi cho các điểm chạm Marketing' tại tiepthisaigon.com.vn.xlsx / Article - dòng 683 được đổi thành 'Attribution Model phân bổ giá trị chuyển đổi cho các điểm chạm Marketing - trùng lần 1' vì đã có tại tiepthisaigon.com.vn.xlsx / Article - dòng 659
[17:51:28] - 'ROAS phản ánh doanh thu tạo ra trên mỗi đơn vị chi phí quảng cáo' tại tiepthisaigon.com.vn.xlsx / Article - dòng 687 được đổi thành 'ROAS phản ánh doanh thu tạo ra trên mỗi đơn vị chi phí quảng cáo - trùng lần 1' vì đã có tại tiepthisaigon.com.vn.xlsx / Article - dòng 657
[17:51:28] - 'Conversion Rate phản ánh tỷ lệ người dùng hoàn thành hành động mục tiêu' tại tiepthisaigon.com.vn.xlsx / Article - dòng 688 được đổi thành 'Conversion Rate phản ánh tỷ lệ người dùng hoàn thành hành động mục tiêu - trùng lần 1' vì đã có tại tiepthisaigon.com.vn.xlsx / Article - dòng 652
[17:51:28] - 'Thuật toán mạng xã hội phân phối nội dung dựa trên mức độ liên quan' tại tiepthisaigon.com.vn.xlsx / Article - dòng 807 được đổi thành 'Thuật toán mạng xã hội phân phối nội dung dựa trên mức độ liên quan - trùng lần 1' vì đã có tại tiepthisaigon.com.vn.xlsx / Article - dòng 623
[17:51:28] - 'Social Listening giúp theo dõi thảo luận, cảm xúc và tín hiệu thị trường' tại tiepthisaigon.com.vn.xlsx / Article - dòng 811 được đổi thành 'Social Listening giúp theo dõi thảo luận, cảm xúc và tín hiệu thị trường - trùng lần 1' vì đã có tại tiepthisaigon.com.vn.xlsx / Article - dòng 627
[17:51:28] Hoàn tất. Dữ liệu và các dòng cũ không có trong nguồn được giữ nguyên.

========================================================================
Kết thúc: 2026-08-03 17:51:28
Mã thoát: 0
Thời gian: 36.70 giây
